[0.013s] Invoking command in '/home/xytron/xycar_ws/src/orda/modular/lane_detection/build/lane_detection': CMAKE_PREFIX_PATH=${CMAKE_PREFIX_PATH}:/home/xytron/xycar_ws/install/yolo_ros:/home/xytron/xycar_ws/install/xycar_sim_parking:/home/xytron/xycar_ws/install/xycar_sim_driving:/home/xytron/xycar_ws/install/my_ultra:/home/xytron/xycar_ws/install/my_lidar:/home/xytron/xycar_ws/install/my_cam:/home/xytron/xycar_ws/install/manual_drive:/home/xytron/xycar_ws/install/main:/home/xytron/xycar_ws/install/xycar_motor:/home/xytron/xycar_ws/install/xycar_imu:/home/xytron/xycar_ws/install/xycar_cam:/home/xytron/xycar_ws/install/my_motor:/home/xytron/xycar_ws/install/my_imu:/home/xytron/xycar_ws/install/my_hough:/home/xytron/xycar_ws/install/app_ultra_viewer:/home/xytron/xycar_ws/install/app_turtlesim:/home/xytron/xycar_ws/install/app_sensor_drive:/home/xytron/xycar_ws/install/app_rule_drive_sim:/home/xytron/xycar_ws/install/app_pubsub:/home/xytron/xycar_ws/install/app_path_planning:/home/xytron/xycar_ws/install/app_hough_drive:/home/xytron/xycar_ws/install/app_cam_exposure:/home/xytron/xycar_ws/install/app_8_drive:/opt/ros/humble /usr/bin/cmake /home/xytron/xycar_ws/src/orda/modular/lane_detection -DCMAKE_INSTALL_PREFIX=/home/xytron/xycar_ws/src/orda/modular/lane_detection/install/lane_detection
[0.132s] -- The C compiler identification is GNU 11.4.0
[0.216s] -- The CXX compiler identification is GNU 11.4.0
[0.226s] -- Detecting C compiler ABI info
[0.298s] -- Detecting C compiler ABI info - done
[0.303s] -- Check for working C compiler: /usr/bin/cc - skipped
[0.304s] -- Detecting C compile features
[0.305s] -- Detecting C compile features - done
[0.309s] -- Detecting CXX compiler ABI info
[0.382s] -- Detecting CXX compiler ABI info - done
[0.387s] -- Check for working CXX compiler: /usr/bin/c++ - skipped
[0.387s] -- Detecting CXX compile features
[0.387s] -- Detecting CXX compile features - done
[0.398s] -- Found ament_cmake: 1.3.11 (/opt/ros/humble/share/ament_cmake/cmake)
[0.566s] -- Found Python3: /usr/bin/python3 (found version "3.10.12") found components: Interpreter 
[0.721s] -- Found rclcpp: 16.0.11 (/opt/ros/humble/share/rclcpp/cmake)
[0.810s] -- Found rosidl_generator_c: 3.1.6 (/opt/ros/humble/share/rosidl_generator_c/cmake)
[0.824s] -- Found rosidl_adapter: 3.1.6 (/opt/ros/humble/share/rosidl_adapter/cmake)
[0.843s] -- Found rosidl_generator_cpp: 3.1.6 (/opt/ros/humble/share/rosidl_generator_cpp/cmake)
[0.866s] -- Using all available rosidl_typesupport_c: rosidl_typesupport_fastrtps_c;rosidl_typesupport_introspection_c
[0.894s] -- Using all available rosidl_typesupport_cpp: rosidl_typesupport_fastrtps_cpp;rosidl_typesupport_introspection_cpp
[0.978s] -- Found rmw_implementation_cmake: 6.1.2 (/opt/ros/humble/share/rmw_implementation_cmake/cmake)
[0.986s] -- Found rmw_fastrtps_cpp: 6.2.7 (/opt/ros/humble/share/rmw_fastrtps_cpp/cmake)
[1.100s] -- Found OpenSSL: /usr/lib/x86_64-linux-gnu/libcrypto.so (found version "3.0.2")  
[1.131s] -- Found FastRTPS: /opt/ros/humble/include  
[1.172s] -- Using RMW implementation 'rmw_fastrtps_cpp' as default
[1.194s] -- Looking for pthread.h
[1.262s] -- Looking for pthread.h - found
[1.263s] -- Performing Test CMAKE_HAVE_LIBC_PTHREAD
[1.327s] -- Performing Test CMAKE_HAVE_LIBC_PTHREAD - Success
[1.327s] -- Found Threads: TRUE  
[1.401s] -- Found sensor_msgs: 4.2.4 (/opt/ros/humble/share/sensor_msgs/cmake)
[1.442s] -- Found OpenCV: /usr (found version "4.5.4") 
[1.447s] -- Found cv_bridge: 3.2.1 (/opt/ros/humble/share/cv_bridge/cmake)
[1.455s] -- Found nlohmann_json: /usr/lib/cmake/nlohmann_json/nlohmann_jsonConfig.cmake (found version "3.10.5") 
[1.467s] -- Found ament_lint_auto: 0.12.11 (/opt/ros/humble/share/ament_lint_auto/cmake)
[1.574s] -- Added test 'cppcheck' to perform static code analysis on C / C++ code
[1.574s] -- Configured cppcheck include dirs: $<BUILD_INTERFACE:/home/xytron/xycar_ws/src/orda/modular/lane_detection/include>
[1.574s] -- Configured cppcheck exclude dirs and/or files: 
[1.577s] -- Added test 'lint_cmake' to check CMake code style
[1.584s] -- Added test 'uncrustify' to check C / C++ code style
[1.584s] -- Configured uncrustify additional arguments: 
[1.585s] -- Added test 'xmllint' to check XML markup files
[1.588s] -- Configuring done
[1.603s] -- Generating done
[1.608s] -- Build files have been written to: /home/xytron/xycar_ws/src/orda/modular/lane_detection/build/lane_detection
[1.620s] Invoked command in '/home/xytron/xycar_ws/src/orda/modular/lane_detection/build/lane_detection' returned '0': CMAKE_PREFIX_PATH=${CMAKE_PREFIX_PATH}:/home/xytron/xycar_ws/install/yolo_ros:/home/xytron/xycar_ws/install/xycar_sim_parking:/home/xytron/xycar_ws/install/xycar_sim_driving:/home/xytron/xycar_ws/install/my_ultra:/home/xytron/xycar_ws/install/my_lidar:/home/xytron/xycar_ws/install/my_cam:/home/xytron/xycar_ws/install/manual_drive:/home/xytron/xycar_ws/install/main:/home/xytron/xycar_ws/install/xycar_motor:/home/xytron/xycar_ws/install/xycar_imu:/home/xytron/xycar_ws/install/xycar_cam:/home/xytron/xycar_ws/install/my_motor:/home/xytron/xycar_ws/install/my_imu:/home/xytron/xycar_ws/install/my_hough:/home/xytron/xycar_ws/install/app_ultra_viewer:/home/xytron/xycar_ws/install/app_turtlesim:/home/xytron/xycar_ws/install/app_sensor_drive:/home/xytron/xycar_ws/install/app_rule_drive_sim:/home/xytron/xycar_ws/install/app_pubsub:/home/xytron/xycar_ws/install/app_path_planning:/home/xytron/xycar_ws/install/app_hough_drive:/home/xytron/xycar_ws/install/app_cam_exposure:/home/xytron/xycar_ws/install/app_8_drive:/opt/ros/humble /usr/bin/cmake /home/xytron/xycar_ws/src/orda/modular/lane_detection -DCMAKE_INSTALL_PREFIX=/home/xytron/xycar_ws/src/orda/modular/lane_detection/install/lane_detection
[1.621s] Invoking command in '/home/xytron/xycar_ws/src/orda/modular/lane_detection/build/lane_detection': CMAKE_PREFIX_PATH=${CMAKE_PREFIX_PATH}:/home/xytron/xycar_ws/install/yolo_ros:/home/xytron/xycar_ws/install/xycar_sim_parking:/home/xytron/xycar_ws/install/xycar_sim_driving:/home/xytron/xycar_ws/install/my_ultra:/home/xytron/xycar_ws/install/my_lidar:/home/xytron/xycar_ws/install/my_cam:/home/xytron/xycar_ws/install/manual_drive:/home/xytron/xycar_ws/install/main:/home/xytron/xycar_ws/install/xycar_motor:/home/xytron/xycar_ws/install/xycar_imu:/home/xytron/xycar_ws/install/xycar_cam:/home/xytron/xycar_ws/install/my_motor:/home/xytron/xycar_ws/install/my_imu:/home/xytron/xycar_ws/install/my_hough:/home/xytron/xycar_ws/install/app_ultra_viewer:/home/xytron/xycar_ws/install/app_turtlesim:/home/xytron/xycar_ws/install/app_sensor_drive:/home/xytron/xycar_ws/install/app_rule_drive_sim:/home/xytron/xycar_ws/install/app_pubsub:/home/xytron/xycar_ws/install/app_path_planning:/home/xytron/xycar_ws/install/app_hough_drive:/home/xytron/xycar_ws/install/app_cam_exposure:/home/xytron/xycar_ws/install/app_8_drive:/opt/ros/humble /usr/bin/cmake --build /home/xytron/xycar_ws/src/orda/modular/lane_detection/build/lane_detection -- -j16 -l16
[1.672s] [ 20%] [32mBuilding CXX object CMakeFiles/lane_node.dir/src/lane_detection.cpp.o[0m
[1.672s] [ 60%] [32mBuilding CXX object CMakeFiles/lane_node.dir/src/parameter_loader.cpp.o[0m
[1.672s] [ 60%] [32mBuilding CXX object CMakeFiles/hsv_tuner_node.dir/src/hsv_tuner.cpp.o[0m
[8.672s] [ 80%] [32m[1mLinking CXX executable hsv_tuner_node[0m
[9.406s] [ 80%] Built target hsv_tuner_node
[11.275s] [100%] [32m[1mLinking CXX executable lane_node[0m
[11.955s] [100%] Built target lane_node
[11.964s] Invoked command in '/home/xytron/xycar_ws/src/orda/modular/lane_detection/build/lane_detection' returned '0': CMAKE_PREFIX_PATH=${CMAKE_PREFIX_PATH}:/home/xytron/xycar_ws/install/yolo_ros:/home/xytron/xycar_ws/install/xycar_sim_parking:/home/xytron/xycar_ws/install/xycar_sim_driving:/home/xytron/xycar_ws/install/my_ultra:/home/xytron/xycar_ws/install/my_lidar:/home/xytron/xycar_ws/install/my_cam:/home/xytron/xycar_ws/install/manual_drive:/home/xytron/xycar_ws/install/main:/home/xytron/xycar_ws/install/xycar_motor:/home/xytron/xycar_ws/install/xycar_imu:/home/xytron/xycar_ws/install/xycar_cam:/home/xytron/xycar_ws/install/my_motor:/home/xytron/xycar_ws/install/my_imu:/home/xytron/xycar_ws/install/my_hough:/home/xytron/xycar_ws/install/app_ultra_viewer:/home/xytron/xycar_ws/install/app_turtlesim:/home/xytron/xycar_ws/install/app_sensor_drive:/home/xytron/xycar_ws/install/app_rule_drive_sim:/home/xytron/xycar_ws/install/app_pubsub:/home/xytron/xycar_ws/install/app_path_planning:/home/xytron/xycar_ws/install/app_hough_drive:/home/xytron/xycar_ws/install/app_cam_exposure:/home/xytron/xycar_ws/install/app_8_drive:/opt/ros/humble /usr/bin/cmake --build /home/xytron/xycar_ws/src/orda/modular/lane_detection/build/lane_detection -- -j16 -l16
[11.973s] Invoking command in '/home/xytron/xycar_ws/src/orda/modular/lane_detection/build/lane_detection': CMAKE_PREFIX_PATH=${CMAKE_PREFIX_PATH}:/home/xytron/xycar_ws/install/yolo_ros:/home/xytron/xycar_ws/install/xycar_sim_parking:/home/xytron/xycar_ws/install/xycar_sim_driving:/home/xytron/xycar_ws/install/my_ultra:/home/xytron/xycar_ws/install/my_lidar:/home/xytron/xycar_ws/install/my_cam:/home/xytron/xycar_ws/install/manual_drive:/home/xytron/xycar_ws/install/main:/home/xytron/xycar_ws/install/xycar_motor:/home/xytron/xycar_ws/install/xycar_imu:/home/xytron/xycar_ws/install/xycar_cam:/home/xytron/xycar_ws/install/my_motor:/home/xytron/xycar_ws/install/my_imu:/home/xytron/xycar_ws/install/my_hough:/home/xytron/xycar_ws/install/app_ultra_viewer:/home/xytron/xycar_ws/install/app_turtlesim:/home/xytron/xycar_ws/install/app_sensor_drive:/home/xytron/xycar_ws/install/app_rule_drive_sim:/home/xytron/xycar_ws/install/app_pubsub:/home/xytron/xycar_ws/install/app_path_planning:/home/xytron/xycar_ws/install/app_hough_drive:/home/xytron/xycar_ws/install/app_cam_exposure:/home/xytron/xycar_ws/install/app_8_drive:/opt/ros/humble /usr/bin/cmake --install /home/xytron/xycar_ws/src/orda/modular/lane_detection/build/lane_detection
[11.979s] -- Install configuration: ""
[11.979s] -- Installing: /home/xytron/xycar_ws/src/orda/modular/lane_detection/install/lane_detection/lib/lane_detection/lane_node
[11.985s] -- Set runtime path of "/home/xytron/xycar_ws/src/orda/modular/lane_detection/install/lane_detection/lib/lane_detection/lane_node" to ""
[11.985s] -- Installing: /home/xytron/xycar_ws/src/orda/modular/lane_detection/install/lane_detection/lib/lane_detection/hsv_tuner_node
[11.988s] -- Set runtime path of "/home/xytron/xycar_ws/src/orda/modular/lane_detection/install/lane_detection/lib/lane_detection/hsv_tuner_node" to ""
[11.988s] -- Installing: /home/xytron/xycar_ws/src/orda/modular/lane_detection/install/lane_detection/share/ament_index/resource_index/package_run_dependencies/lane_detection
[11.988s] -- Installing: /home/xytron/xycar_ws/src/orda/modular/lane_detection/install/lane_detection/share/ament_index/resource_index/parent_prefix_path/lane_detection
[11.988s] -- Installing: /home/xytron/xycar_ws/src/orda/modular/lane_detection/install/lane_detection/share/lane_detection/environment/ament_prefix_path.sh
[11.988s] -- Installing: /home/xytron/xycar_ws/src/orda/modular/lane_detection/install/lane_detection/share/lane_detection/environment/ament_prefix_path.dsv
[11.988s] -- Installing: /home/xytron/xycar_ws/src/orda/modular/lane_detection/install/lane_detection/share/lane_detection/environment/path.sh
[11.989s] -- Installing: /home/xytron/xycar_ws/src/orda/modular/lane_detection/install/lane_detection/share/lane_detection/environment/path.dsv
[11.989s] -- Installing: /home/xytron/xycar_ws/src/orda/modular/lane_detection/install/lane_detection/share/lane_detection/local_setup.bash
[11.989s] -- Installing: /home/xytron/xycar_ws/src/orda/modular/lane_detection/install/lane_detection/share/lane_detection/local_setup.sh
[11.989s] -- Installing: /home/xytron/xycar_ws/src/orda/modular/lane_detection/install/lane_detection/share/lane_detection/local_setup.zsh
[11.989s] -- Installing: /home/xytron/xycar_ws/src/orda/modular/lane_detection/install/lane_detection/share/lane_detection/local_setup.dsv
[11.989s] -- Installing: /home/xytron/xycar_ws/src/orda/modular/lane_detection/install/lane_detection/share/lane_detection/package.dsv
[11.989s] -- Installing: /home/xytron/xycar_ws/src/orda/modular/lane_detection/install/lane_detection/share/ament_index/resource_index/packages/lane_detection
[11.990s] -- Installing: /home/xytron/xycar_ws/src/orda/modular/lane_detection/install/lane_detection/share/lane_detection/cmake/lane_detectionConfig.cmake
[11.990s] -- Installing: /home/xytron/xycar_ws/src/orda/modular/lane_detection/install/lane_detection/share/lane_detection/cmake/lane_detectionConfig-version.cmake
[11.990s] -- Installing: /home/xytron/xycar_ws/src/orda/modular/lane_detection/install/lane_detection/share/lane_detection/package.xml
[11.992s] Invoked command in '/home/xytron/xycar_ws/src/orda/modular/lane_detection/build/lane_detection' returned '0': CMAKE_PREFIX_PATH=${CMAKE_PREFIX_PATH}:/home/xytron/xycar_ws/install/yolo_ros:/home/xytron/xycar_ws/install/xycar_sim_parking:/home/xytron/xycar_ws/install/xycar_sim_driving:/home/xytron/xycar_ws/install/my_ultra:/home/xytron/xycar_ws/install/my_lidar:/home/xytron/xycar_ws/install/my_cam:/home/xytron/xycar_ws/install/manual_drive:/home/xytron/xycar_ws/install/main:/home/xytron/xycar_ws/install/xycar_motor:/home/xytron/xycar_ws/install/xycar_imu:/home/xytron/xycar_ws/install/xycar_cam:/home/xytron/xycar_ws/install/my_motor:/home/xytron/xycar_ws/install/my_imu:/home/xytron/xycar_ws/install/my_hough:/home/xytron/xycar_ws/install/app_ultra_viewer:/home/xytron/xycar_ws/install/app_turtlesim:/home/xytron/xycar_ws/install/app_sensor_drive:/home/xytron/xycar_ws/install/app_rule_drive_sim:/home/xytron/xycar_ws/install/app_pubsub:/home/xytron/xycar_ws/install/app_path_planning:/home/xytron/xycar_ws/install/app_hough_drive:/home/xytron/xycar_ws/install/app_cam_exposure:/home/xytron/xycar_ws/install/app_8_drive:/opt/ros/humble /usr/bin/cmake --install /home/xytron/xycar_ws/src/orda/modular/lane_detection/build/lane_detection
