[0.075s] Invoking command in '/home/helloosy/250805/2025-kookmin-contest/build/control': CMAKE_PREFIX_PATH=${CMAKE_PREFIX_PATH}:/home/helloosy/hackathon_250712/install/usb_cam_250712:/home/helloosy/hackathon_250712/install/line_detection:/home/helloosy/ros2_ws/install/mjpeg_publisher:/home/helloosy/ros2_ws/install/apriltag_marker_publisher:/opt/ros/humble /usr/bin/cmake /home/helloosy/250805/2025-kookmin-contest/modular/control -DCMAKE_INSTALL_PREFIX=/home/helloosy/250805/2025-kookmin-contest/install/control
[0.784s] -- The C compiler identification is GNU 11.4.0
[0.784s] -- The CXX compiler identification is GNU 11.4.0
[1.177s] -- Detecting C compiler ABI info
[1.455s] -- Detecting C compiler ABI info - done
[1.469s] -- Check for working C compiler: /usr/bin/cc - skipped
[1.469s] -- Detecting C compile features
[1.470s] -- Detecting C compile features - done
[1.474s] -- Detecting CXX compiler ABI info
[1.889s] -- Detecting CXX compiler ABI info - done
[1.898s] -- Check for working CXX compiler: /usr/bin/c++ - skipped
[1.899s] -- Detecting CXX compile features
[1.899s] -- Detecting CXX compile features - done
[1.903s] -- Found ament_cmake: 1.3.11 (/opt/ros/humble/share/ament_cmake/cmake)
[2.957s] -- Found Python3: /usr/bin/python3 (found version "3.10.12") found components: Interpreter 
[3.210s] -- Found rclcpp: 16.0.12 (/opt/ros/humble/share/rclcpp/cmake)
[3.407s] -- Found rosidl_generator_c: 3.1.6 (/opt/ros/humble/share/rosidl_generator_c/cmake)
[3.415s] -- Found rosidl_adapter: 3.1.6 (/opt/ros/humble/share/rosidl_adapter/cmake)
[3.436s] -- Found rosidl_generator_cpp: 3.1.6 (/opt/ros/humble/share/rosidl_generator_cpp/cmake)
[3.452s] -- Using all available rosidl_typesupport_c: rosidl_typesupport_fastrtps_c;rosidl_typesupport_introspection_c
[3.479s] -- Using all available rosidl_typesupport_cpp: rosidl_typesupport_fastrtps_cpp;rosidl_typesupport_introspection_cpp
[3.562s] -- Found rmw_implementation_cmake: 6.1.2 (/opt/ros/humble/share/rmw_implementation_cmake/cmake)
[3.565s] -- Found rmw_fastrtps_cpp: 6.2.7 (/opt/ros/humble/share/rmw_fastrtps_cpp/cmake)
[4.511s] -- Found OpenSSL: /usr/lib/x86_64-linux-gnu/libcrypto.so (found version "3.0.2")  
[5.396s] -- Found FastRTPS: /opt/ros/humble/include  
[9.066s] -- Using RMW implementation 'rmw_fastrtps_cpp' as default
[9.083s] -- Looking for pthread.h
[9.348s] -- Looking for pthread.h - found
[9.352s] -- Performing Test CMAKE_HAVE_LIBC_PTHREAD
[9.638s] -- Performing Test CMAKE_HAVE_LIBC_PTHREAD - Success
[9.641s] -- Found Threads: TRUE  
[9.769s] -- Found sensor_msgs: 4.9.0 (/opt/ros/humble/share/sensor_msgs/cmake)
[9.836s] -- Found ament_lint_auto: 0.12.12 (/opt/ros/humble/share/ament_lint_auto/cmake)
[10.061s] -- Added test 'cppcheck' to perform static code analysis on C / C++ code
[10.061s] -- Configured cppcheck include dirs: $<BUILD_INTERFACE:/home/helloosy/250805/2025-kookmin-contest/modular/control/include>
[10.062s] -- Configured cppcheck exclude dirs and/or files: 
[10.065s] -- Added test 'lint_cmake' to check CMake code style
[10.066s] -- Added test 'uncrustify' to check C / C++ code style
[10.066s] -- Configured uncrustify additional arguments: 
[10.073s] -- Added test 'xmllint' to check XML markup files
[10.076s] -- Configuring done
[10.113s] -- Generating done
[10.129s] -- Build files have been written to: /home/helloosy/250805/2025-kookmin-contest/build/control
[10.219s] Invoked command in '/home/helloosy/250805/2025-kookmin-contest/build/control' returned '0': CMAKE_PREFIX_PATH=${CMAKE_PREFIX_PATH}:/home/helloosy/hackathon_250712/install/usb_cam_250712:/home/helloosy/hackathon_250712/install/line_detection:/home/helloosy/ros2_ws/install/mjpeg_publisher:/home/helloosy/ros2_ws/install/apriltag_marker_publisher:/opt/ros/humble /usr/bin/cmake /home/helloosy/250805/2025-kookmin-contest/modular/control -DCMAKE_INSTALL_PREFIX=/home/helloosy/250805/2025-kookmin-contest/install/control
[10.222s] Invoking command in '/home/helloosy/250805/2025-kookmin-contest/build/control': CMAKE_PREFIX_PATH=${CMAKE_PREFIX_PATH}:/home/helloosy/hackathon_250712/install/usb_cam_250712:/home/helloosy/hackathon_250712/install/line_detection:/home/helloosy/ros2_ws/install/mjpeg_publisher:/home/helloosy/ros2_ws/install/apriltag_marker_publisher:/opt/ros/humble /usr/bin/cmake --build /home/helloosy/250805/2025-kookmin-contest/build/control -- -j8 -l8
[12.100s] [ 50%] [32mBuilding CXX object CMakeFiles/control_node.dir/src/control.cpp.o[0m
[12.101s] [100%] [32m[1mLinking CXX executable control_node[0m
[12.101s] [100%] Built target control_node
[12.108s] Invoked command in '/home/helloosy/250805/2025-kookmin-contest/build/control' returned '0': CMAKE_PREFIX_PATH=${CMAKE_PREFIX_PATH}:/home/helloosy/hackathon_250712/install/usb_cam_250712:/home/helloosy/hackathon_250712/install/line_detection:/home/helloosy/ros2_ws/install/mjpeg_publisher:/home/helloosy/ros2_ws/install/apriltag_marker_publisher:/opt/ros/humble /usr/bin/cmake --build /home/helloosy/250805/2025-kookmin-contest/build/control -- -j8 -l8
[12.116s] Invoking command in '/home/helloosy/250805/2025-kookmin-contest/build/control': CMAKE_PREFIX_PATH=${CMAKE_PREFIX_PATH}:/home/helloosy/hackathon_250712/install/usb_cam_250712:/home/helloosy/hackathon_250712/install/line_detection:/home/helloosy/ros2_ws/install/mjpeg_publisher:/home/helloosy/ros2_ws/install/apriltag_marker_publisher:/opt/ros/humble /usr/bin/cmake --install /home/helloosy/250805/2025-kookmin-contest/build/control
[13.489s] -- Install configuration: ""
[13.490s] -- Installing: /home/helloosy/250805/2025-kookmin-contest/install/control/lib/control/control_node
[13.497s] -- Set runtime path of "/home/helloosy/250805/2025-kookmin-contest/install/control/lib/control/control_node" to ""
[13.498s] -- Installing: /home/helloosy/250805/2025-kookmin-contest/install/control/share/ament_index/resource_index/package_run_dependencies/control
[13.498s] -- Installing: /home/helloosy/250805/2025-kookmin-contest/install/control/share/ament_index/resource_index/parent_prefix_path/control
[13.498s] -- Installing: /home/helloosy/250805/2025-kookmin-contest/install/control/share/control/environment/ament_prefix_path.sh
[13.498s] -- Installing: /home/helloosy/250805/2025-kookmin-contest/install/control/share/control/environment/ament_prefix_path.dsv
[13.499s] -- Installing: /home/helloosy/250805/2025-kookmin-contest/install/control/share/control/environment/path.sh
[13.499s] -- Installing: /home/helloosy/250805/2025-kookmin-contest/install/control/share/control/environment/path.dsv
[13.500s] -- Installing: /home/helloosy/250805/2025-kookmin-contest/install/control/share/control/local_setup.bash
[13.500s] -- Installing: /home/helloosy/250805/2025-kookmin-contest/install/control/share/control/local_setup.sh
[13.500s] -- Installing: /home/helloosy/250805/2025-kookmin-contest/install/control/share/control/local_setup.zsh
[13.505s] -- Installing: /home/helloosy/250805/2025-kookmin-contest/install/control/share/control/local_setup.dsv
[13.506s] -- Installing: /home/helloosy/250805/2025-kookmin-contest/install/control/share/control/package.dsv
[13.506s] -- Installing: /home/helloosy/250805/2025-kookmin-contest/install/control/share/ament_index/resource_index/packages/control
[13.506s] -- Installing: /home/helloosy/250805/2025-kookmin-contest/install/control/share/control/cmake/controlConfig.cmake
[13.507s] -- Installing: /home/helloosy/250805/2025-kookmin-contest/install/control/share/control/cmake/controlConfig-version.cmake
[13.507s] -- Installing: /home/helloosy/250805/2025-kookmin-contest/install/control/share/control/package.xml
[13.534s] Invoked command in '/home/helloosy/250805/2025-kookmin-contest/build/control' returned '0': CMAKE_PREFIX_PATH=${CMAKE_PREFIX_PATH}:/home/helloosy/hackathon_250712/install/usb_cam_250712:/home/helloosy/hackathon_250712/install/line_detection:/home/helloosy/ros2_ws/install/mjpeg_publisher:/home/helloosy/ros2_ws/install/apriltag_marker_publisher:/opt/ros/humble /usr/bin/cmake --install /home/helloosy/250805/2025-kookmin-contest/build/control
