Traceback (most recent call last):
  File "/home/doldolmeng2/xycar_ws/src/orda/build/manual_drive/setup.py", line 1, in <module>
    from setuptools import find_packages, setup
  File "/usr/lib/python3/dist-packages/setuptools/__init__.py", line 18, in <module>
    from setuptools.dist import Distribution
  File "/usr/lib/python3/dist-packages/setuptools/dist.py", line 31, in <module>
    from setuptools.extern.more_itertools import unique_everseen
  File "<frozen importlib._bootstrap>", line 1027, in _find_and_load
  File "<frozen importlib._bootstrap>", line 1006, in _find_and_load_unlocked
  File "<frozen importlib._bootstrap>", line 674, in _load_unlocked
  File "<frozen importlib._bootstrap>", line 571, in module_from_spec
  File "/usr/lib/python3/dist-packages/setuptools/extern/__init__.py", line 52, in create_module
    return self.load_module(spec.name)
  File "/usr/lib/python3/dist-packages/setuptools/extern/__init__.py", line 37, in load_module
    __import__(extant)
  File "/usr/lib/python3/dist-packages/setuptools/_vendor/more_itertools/__init__.py", line 1, in <module>
    from .more import *  # noqa
  File "/usr/lib/python3/dist-packages/setuptools/_vendor/more_itertools/more.py", line 5, in <module>
    from concurrent.futures import ThreadPoolExecutor
  File "<frozen importlib._bootstrap>", line 1075, in _handle_fromlist
  File "/usr/lib/python3.10/concurrent/futures/__init__.py", line 49, in __getattr__
    from .thread import ThreadPoolExecutor as te
  File "/usr/lib/python3.10/concurrent/futures/thread.py", line 118, in <module>
    class ThreadPoolExecutor(_base.Executor):
KeyboardInterrupt
