[0.507s] Invoking command in '/home/doldolmeng2/xycar_ws/src/orda/build/manual_drive': PYTHONPATH=/home/doldolmeng2/xycar_ws/src/orda/build/manual_drive/prefix_override:/usr/lib/python3/dist-packages/colcon_core/task/python/colcon_distutils_commands:/home/doldolmeng2/xycar_ws/src/orda/install/manual_drive/lib/python3.10/site-packages:${PYTHONPATH} /usr/bin/python3 -W ignore:setup.py install is deprecated -W ignore:easy_install command is deprecated setup.py develop --editable --build-directory /home/doldolmeng2/xycar_ws/src/orda/build/manual_drive/build --no-deps symlink_data
[0.607s] Traceback (most recent call last):
[0.608s]   File "/home/doldolmeng2/xycar_ws/src/orda/build/manual_drive/setup.py", line 1, in <module>
[0.608s]     from setuptools import find_packages, setup
[0.609s]   File "/usr/lib/python3/dist-packages/setuptools/__init__.py", line 18, in <module>
[0.612s]     from setuptools.dist import Distribution
[0.612s]   File "/usr/lib/python3/dist-packages/setuptools/dist.py", line 31, in <module>
[0.614s]     from setuptools.extern.more_itertools import unique_everseen
[0.614s]   File "<frozen importlib._bootstrap>", line 1027, in _find_and_load
[0.614s]   File "<frozen importlib._bootstrap>", line 1006, in _find_and_load_unlocked
[0.614s]   File "<frozen importlib._bootstrap>", line 674, in _load_unlocked
[0.615s]   File "<frozen importlib._bootstrap>", line 571, in module_from_spec
[0.615s]   File "/usr/lib/python3/dist-packages/setuptools/extern/__init__.py", line 52, in create_module
[0.615s]     return self.load_module(spec.name)
[0.615s]   File "/usr/lib/python3/dist-packages/setuptools/extern/__init__.py", line 37, in load_module
[0.615s]     __import__(extant)
[0.615s]   File "/usr/lib/python3/dist-packages/setuptools/_vendor/more_itertools/__init__.py", line 1, in <module>
[0.615s]     from .more import *  # noqa
[0.616s]   File "/usr/lib/python3/dist-packages/setuptools/_vendor/more_itertools/more.py", line 5, in <module>
[0.616s]     from concurrent.futures import ThreadPoolExecutor
[0.616s]   File "<frozen importlib._bootstrap>", line 1075, in _handle_fromlist
[0.616s]   File "/usr/lib/python3.10/concurrent/futures/__init__.py", line 49, in __getattr__
[0.616s]     from .thread import ThreadPoolExecutor as te
[0.616s]   File "/usr/lib/python3.10/concurrent/futures/thread.py", line 118, in <module>
[0.616s]     class ThreadPoolExecutor(_base.Executor):
[0.616s] KeyboardInterrupt
