[0.102s] DEBUG:colcon:Command line arguments: ['/usr/bin/colcon', 'build', '--symlink-install']
[0.102s] DEBUG:colcon:Parsed command line arguments: Namespace(log_base=None, log_level=None, verb_name='build', build_base='build', install_base='install', merge_install=False, symlink_install=True, test_result_base=None, continue_on_error=False, executor='parallel', parallel_workers=20, event_handlers=None, ignore_user_meta=False, metas=['./colcon.meta'], base_paths=['.'], packages_ignore=None, packages_ignore_regex=None, paths=None, packages_up_to=None, packages_up_to_regex=None, packages_above=None, packages_above_and_dependencies=None, packages_above_depth=None, packages_select_by_dep=None, packages_skip_by_dep=None, packages_skip_up_to=None, packages_select_build_failed=False, packages_skip_build_finished=False, packages_select_test_failures=False, packages_skip_test_passed=False, packages_select=None, packages_skip=None, packages_select_regex=None, packages_skip_regex=None, packages_start=None, packages_end=None, allow_overriding=[], cmake_args=None, cmake_target=None, cmake_target_skip_unavailable=False, cmake_clean_cache=False, cmake_clean_first=False, cmake_force_configure=False, ament_cmake_args=None, catkin_cmake_args=None, catkin_skip_building_tests=False, mixin_files=None, mixin=None, verb_parser=<colcon_mixin.mixin.mixin_argument.MixinArgumentDecorator object at 0x7fef09b695a0>, verb_extension=<colcon_core.verb.build.BuildVerb object at 0x7fef09b68e20>, main=<bound method BuildVerb.main of <colcon_core.verb.build.BuildVerb object at 0x7fef09b68e20>>, mixin_verb=('build',))
[0.179s] Level 1:colcon.colcon_core.package_discovery:discover_packages(colcon_meta) check parameters
[0.179s] Level 1:colcon.colcon_core.package_discovery:discover_packages(recursive) check parameters
[0.179s] Level 1:colcon.colcon_core.package_discovery:discover_packages(ignore) check parameters
[0.179s] Level 1:colcon.colcon_core.package_discovery:discover_packages(path) check parameters
[0.179s] Level 1:colcon.colcon_core.package_discovery:discover_packages(colcon_meta) discover
[0.179s] Level 1:colcon.colcon_core.package_discovery:discover_packages(recursive) discover
[0.179s] INFO:colcon.colcon_core.package_discovery:Crawling recursively for packages in '/home/doldolmeng2/xycar_ws/src/orda'
[0.179s] Level 1:colcon.colcon_core.package_identification:_identify(.) by extensions ['ignore', 'ignore_ament_install']
[0.179s] Level 1:colcon.colcon_core.package_identification:_identify(.) by extension 'ignore'
[0.179s] Level 1:colcon.colcon_core.package_identification:_identify(.) by extension 'ignore_ament_install'
[0.179s] Level 1:colcon.colcon_core.package_identification:_identify(.) by extensions ['colcon_pkg']
[0.179s] Level 1:colcon.colcon_core.package_identification:_identify(.) by extension 'colcon_pkg'
[0.179s] Level 1:colcon.colcon_core.package_identification:_identify(.) by extensions ['colcon_meta']
[0.179s] Level 1:colcon.colcon_core.package_identification:_identify(.) by extension 'colcon_meta'
[0.179s] Level 1:colcon.colcon_core.package_identification:_identify(.) by extensions ['ros']
[0.179s] Level 1:colcon.colcon_core.package_identification:_identify(.) by extension 'ros'
[0.185s] Level 1:colcon.colcon_core.package_identification:_identify(.) by extensions ['cmake', 'python']
[0.185s] Level 1:colcon.colcon_core.package_identification:_identify(.) by extension 'cmake'
[0.185s] Level 1:colcon.colcon_core.package_identification:_identify(.) by extension 'python'
[0.185s] Level 1:colcon.colcon_core.package_identification:_identify(.) by extensions ['python_setup_py']
[0.185s] Level 1:colcon.colcon_core.package_identification:_identify(.) by extension 'python_setup_py'
[0.185s] Level 1:colcon.colcon_core.package_identification:_identify(build) by extensions ['ignore', 'ignore_ament_install']
[0.185s] Level 1:colcon.colcon_core.package_identification:_identify(build) by extension 'ignore'
[0.185s] Level 1:colcon.colcon_core.package_identification:_identify(build) ignored
[0.186s] Level 1:colcon.colcon_core.package_identification:_identify(function) by extensions ['ignore', 'ignore_ament_install']
[0.186s] Level 1:colcon.colcon_core.package_identification:_identify(function) by extension 'ignore'
[0.186s] Level 1:colcon.colcon_core.package_identification:_identify(function) by extension 'ignore_ament_install'
[0.186s] Level 1:colcon.colcon_core.package_identification:_identify(function) by extensions ['colcon_pkg']
[0.186s] Level 1:colcon.colcon_core.package_identification:_identify(function) by extension 'colcon_pkg'
[0.186s] Level 1:colcon.colcon_core.package_identification:_identify(function) by extensions ['colcon_meta']
[0.186s] Level 1:colcon.colcon_core.package_identification:_identify(function) by extension 'colcon_meta'
[0.186s] Level 1:colcon.colcon_core.package_identification:_identify(function) by extensions ['ros']
[0.186s] Level 1:colcon.colcon_core.package_identification:_identify(function) by extension 'ros'
[0.186s] Level 1:colcon.colcon_core.package_identification:_identify(function) by extensions ['cmake', 'python']
[0.186s] Level 1:colcon.colcon_core.package_identification:_identify(function) by extension 'cmake'
[0.186s] Level 1:colcon.colcon_core.package_identification:_identify(function) by extension 'python'
[0.186s] Level 1:colcon.colcon_core.package_identification:_identify(function) by extensions ['python_setup_py']
[0.187s] Level 1:colcon.colcon_core.package_identification:_identify(function) by extension 'python_setup_py'
[0.187s] Level 1:colcon.colcon_core.package_identification:_identify(function/manual_drive) by extensions ['ignore', 'ignore_ament_install']
[0.187s] Level 1:colcon.colcon_core.package_identification:_identify(function/manual_drive) by extension 'ignore'
[0.187s] Level 1:colcon.colcon_core.package_identification:_identify(function/manual_drive) by extension 'ignore_ament_install'
[0.187s] Level 1:colcon.colcon_core.package_identification:_identify(function/manual_drive) by extensions ['colcon_pkg']
[0.187s] Level 1:colcon.colcon_core.package_identification:_identify(function/manual_drive) by extension 'colcon_pkg'
[0.187s] Level 1:colcon.colcon_core.package_identification:_identify(function/manual_drive) by extensions ['colcon_meta']
[0.187s] Level 1:colcon.colcon_core.package_identification:_identify(function/manual_drive) by extension 'colcon_meta'
[0.187s] Level 1:colcon.colcon_core.package_identification:_identify(function/manual_drive) by extensions ['ros']
[0.187s] Level 1:colcon.colcon_core.package_identification:_identify(function/manual_drive) by extension 'ros'
[0.189s] DEBUG:colcon.colcon_core.package_identification:Package 'function/manual_drive' with type 'ros.ament_python' and name 'manual_drive'
[0.189s] Level 1:colcon.colcon_core.package_identification:_identify(function/sensors_viewer) by extensions ['ignore', 'ignore_ament_install']
[0.189s] Level 1:colcon.colcon_core.package_identification:_identify(function/sensors_viewer) by extension 'ignore'
[0.189s] Level 1:colcon.colcon_core.package_identification:_identify(function/sensors_viewer) by extension 'ignore_ament_install'
[0.189s] Level 1:colcon.colcon_core.package_identification:_identify(function/sensors_viewer) by extensions ['colcon_pkg']
[0.189s] Level 1:colcon.colcon_core.package_identification:_identify(function/sensors_viewer) by extension 'colcon_pkg'
[0.189s] Level 1:colcon.colcon_core.package_identification:_identify(function/sensors_viewer) by extensions ['colcon_meta']
[0.189s] Level 1:colcon.colcon_core.package_identification:_identify(function/sensors_viewer) by extension 'colcon_meta'
[0.189s] Level 1:colcon.colcon_core.package_identification:_identify(function/sensors_viewer) by extensions ['ros']
[0.189s] Level 1:colcon.colcon_core.package_identification:_identify(function/sensors_viewer) by extension 'ros'
[0.189s] DEBUG:colcon.colcon_core.package_identification:Package 'function/sensors_viewer' with type 'ros.ament_cmake' and name 'sensors_viewer'
[0.189s] Level 1:colcon.colcon_core.package_identification:_identify(install) by extensions ['ignore', 'ignore_ament_install']
[0.190s] Level 1:colcon.colcon_core.package_identification:_identify(install) by extension 'ignore'
[0.190s] Level 1:colcon.colcon_core.package_identification:_identify(install) ignored
[0.190s] Level 1:colcon.colcon_core.package_identification:_identify(log) by extensions ['ignore', 'ignore_ament_install']
[0.190s] Level 1:colcon.colcon_core.package_identification:_identify(log) by extension 'ignore'
[0.190s] Level 1:colcon.colcon_core.package_identification:_identify(log) ignored
[0.190s] Level 1:colcon.colcon_core.package_identification:_identify(modular) by extensions ['ignore', 'ignore_ament_install']
[0.190s] Level 1:colcon.colcon_core.package_identification:_identify(modular) by extension 'ignore'
[0.190s] Level 1:colcon.colcon_core.package_identification:_identify(modular) by extension 'ignore_ament_install'
[0.190s] Level 1:colcon.colcon_core.package_identification:_identify(modular) by extensions ['colcon_pkg']
[0.190s] Level 1:colcon.colcon_core.package_identification:_identify(modular) by extension 'colcon_pkg'
[0.190s] Level 1:colcon.colcon_core.package_identification:_identify(modular) by extensions ['colcon_meta']
[0.190s] Level 1:colcon.colcon_core.package_identification:_identify(modular) by extension 'colcon_meta'
[0.190s] Level 1:colcon.colcon_core.package_identification:_identify(modular) by extensions ['ros']
[0.190s] Level 1:colcon.colcon_core.package_identification:_identify(modular) by extension 'ros'
[0.190s] Level 1:colcon.colcon_core.package_identification:_identify(modular) by extensions ['cmake', 'python']
[0.190s] Level 1:colcon.colcon_core.package_identification:_identify(modular) by extension 'cmake'
[0.190s] Level 1:colcon.colcon_core.package_identification:_identify(modular) by extension 'python'
[0.190s] Level 1:colcon.colcon_core.package_identification:_identify(modular) by extensions ['python_setup_py']
[0.190s] Level 1:colcon.colcon_core.package_identification:_identify(modular) by extension 'python_setup_py'
[0.190s] Level 1:colcon.colcon_core.package_identification:_identify(modular/control) by extensions ['ignore', 'ignore_ament_install']
[0.191s] Level 1:colcon.colcon_core.package_identification:_identify(modular/control) by extension 'ignore'
[0.191s] Level 1:colcon.colcon_core.package_identification:_identify(modular/control) by extension 'ignore_ament_install'
[0.191s] Level 1:colcon.colcon_core.package_identification:_identify(modular/control) by extensions ['colcon_pkg']
[0.191s] Level 1:colcon.colcon_core.package_identification:_identify(modular/control) by extension 'colcon_pkg'
[0.191s] Level 1:colcon.colcon_core.package_identification:_identify(modular/control) by extensions ['colcon_meta']
[0.191s] Level 1:colcon.colcon_core.package_identification:_identify(modular/control) by extension 'colcon_meta'
[0.191s] Level 1:colcon.colcon_core.package_identification:_identify(modular/control) by extensions ['ros']
[0.191s] Level 1:colcon.colcon_core.package_identification:_identify(modular/control) by extension 'ros'
[0.191s] DEBUG:colcon.colcon_core.package_identification:Package 'modular/control' with type 'ros.ament_cmake' and name 'control'
[0.191s] Level 1:colcon.colcon_core.package_identification:_identify(modular/image_resize) by extensions ['ignore', 'ignore_ament_install']
[0.191s] Level 1:colcon.colcon_core.package_identification:_identify(modular/image_resize) by extension 'ignore'
[0.191s] Level 1:colcon.colcon_core.package_identification:_identify(modular/image_resize) by extension 'ignore_ament_install'
[0.191s] Level 1:colcon.colcon_core.package_identification:_identify(modular/image_resize) by extensions ['colcon_pkg']
[0.191s] Level 1:colcon.colcon_core.package_identification:_identify(modular/image_resize) by extension 'colcon_pkg'
[0.191s] Level 1:colcon.colcon_core.package_identification:_identify(modular/image_resize) by extensions ['colcon_meta']
[0.191s] Level 1:colcon.colcon_core.package_identification:_identify(modular/image_resize) by extension 'colcon_meta'
[0.191s] Level 1:colcon.colcon_core.package_identification:_identify(modular/image_resize) by extensions ['ros']
[0.191s] Level 1:colcon.colcon_core.package_identification:_identify(modular/image_resize) by extension 'ros'
[0.192s] DEBUG:colcon.colcon_core.package_identification:Package 'modular/image_resize' with type 'ros.ament_cmake' and name 'image_resize'
[0.192s] Level 1:colcon.colcon_core.package_identification:_identify(modular/lane_detection) by extensions ['ignore', 'ignore_ament_install']
[0.192s] Level 1:colcon.colcon_core.package_identification:_identify(modular/lane_detection) by extension 'ignore'
[0.192s] Level 1:colcon.colcon_core.package_identification:_identify(modular/lane_detection) by extension 'ignore_ament_install'
[0.192s] Level 1:colcon.colcon_core.package_identification:_identify(modular/lane_detection) by extensions ['colcon_pkg']
[0.192s] Level 1:colcon.colcon_core.package_identification:_identify(modular/lane_detection) by extension 'colcon_pkg'
[0.192s] Level 1:colcon.colcon_core.package_identification:_identify(modular/lane_detection) by extensions ['colcon_meta']
[0.192s] Level 1:colcon.colcon_core.package_identification:_identify(modular/lane_detection) by extension 'colcon_meta'
[0.192s] Level 1:colcon.colcon_core.package_identification:_identify(modular/lane_detection) by extensions ['ros']
[0.192s] Level 1:colcon.colcon_core.package_identification:_identify(modular/lane_detection) by extension 'ros'
[0.192s] DEBUG:colcon.colcon_core.package_identification:Package 'modular/lane_detection' with type 'ros.ament_cmake' and name 'lane_detection'
[0.192s] Level 1:colcon.colcon_core.package_identification:_identify(modular/main) by extensions ['ignore', 'ignore_ament_install']
[0.192s] Level 1:colcon.colcon_core.package_identification:_identify(modular/main) by extension 'ignore'
[0.192s] Level 1:colcon.colcon_core.package_identification:_identify(modular/main) by extension 'ignore_ament_install'
[0.192s] Level 1:colcon.colcon_core.package_identification:_identify(modular/main) by extensions ['colcon_pkg']
[0.192s] Level 1:colcon.colcon_core.package_identification:_identify(modular/main) by extension 'colcon_pkg'
[0.192s] Level 1:colcon.colcon_core.package_identification:_identify(modular/main) by extensions ['colcon_meta']
[0.192s] Level 1:colcon.colcon_core.package_identification:_identify(modular/main) by extension 'colcon_meta'
[0.192s] Level 1:colcon.colcon_core.package_identification:_identify(modular/main) by extensions ['ros']
[0.192s] Level 1:colcon.colcon_core.package_identification:_identify(modular/main) by extension 'ros'
[0.193s] DEBUG:colcon.colcon_core.package_identification:Package 'modular/main' with type 'ros.ament_python' and name 'main'
[0.193s] Level 1:colcon.colcon_core.package_identification:_identify(modular/object_detection) by extensions ['ignore', 'ignore_ament_install']
[0.193s] Level 1:colcon.colcon_core.package_identification:_identify(modular/object_detection) by extension 'ignore'
[0.193s] Level 1:colcon.colcon_core.package_identification:_identify(modular/object_detection) by extension 'ignore_ament_install'
[0.193s] Level 1:colcon.colcon_core.package_identification:_identify(modular/object_detection) by extensions ['colcon_pkg']
[0.193s] Level 1:colcon.colcon_core.package_identification:_identify(modular/object_detection) by extension 'colcon_pkg'
[0.193s] Level 1:colcon.colcon_core.package_identification:_identify(modular/object_detection) by extensions ['colcon_meta']
[0.193s] Level 1:colcon.colcon_core.package_identification:_identify(modular/object_detection) by extension 'colcon_meta'
[0.193s] Level 1:colcon.colcon_core.package_identification:_identify(modular/object_detection) by extensions ['ros']
[0.193s] Level 1:colcon.colcon_core.package_identification:_identify(modular/object_detection) by extension 'ros'
[0.193s] DEBUG:colcon.colcon_core.package_identification:Package 'modular/object_detection' with type 'ros.ament_cmake' and name 'object_detection'
[0.193s] Level 1:colcon.colcon_core.package_identification:_identify(modular/rubbercone) by extensions ['ignore', 'ignore_ament_install']
[0.193s] Level 1:colcon.colcon_core.package_identification:_identify(modular/rubbercone) by extension 'ignore'
[0.193s] Level 1:colcon.colcon_core.package_identification:_identify(modular/rubbercone) by extension 'ignore_ament_install'
[0.194s] Level 1:colcon.colcon_core.package_identification:_identify(modular/rubbercone) by extensions ['colcon_pkg']
[0.194s] Level 1:colcon.colcon_core.package_identification:_identify(modular/rubbercone) by extension 'colcon_pkg'
[0.194s] Level 1:colcon.colcon_core.package_identification:_identify(modular/rubbercone) by extensions ['colcon_meta']
[0.194s] Level 1:colcon.colcon_core.package_identification:_identify(modular/rubbercone) by extension 'colcon_meta'
[0.194s] Level 1:colcon.colcon_core.package_identification:_identify(modular/rubbercone) by extensions ['ros']
[0.194s] Level 1:colcon.colcon_core.package_identification:_identify(modular/rubbercone) by extension 'ros'
[0.194s] DEBUG:colcon.colcon_core.package_identification:Package 'modular/rubbercone' with type 'ros.ament_cmake' and name 'rubbercone'
[0.194s] Level 1:colcon.colcon_core.package_identification:_identify(modular/traffic_light) by extensions ['ignore', 'ignore_ament_install']
[0.194s] Level 1:colcon.colcon_core.package_identification:_identify(modular/traffic_light) by extension 'ignore'
[0.194s] Level 1:colcon.colcon_core.package_identification:_identify(modular/traffic_light) by extension 'ignore_ament_install'
[0.194s] Level 1:colcon.colcon_core.package_identification:_identify(modular/traffic_light) by extensions ['colcon_pkg']
[0.194s] Level 1:colcon.colcon_core.package_identification:_identify(modular/traffic_light) by extension 'colcon_pkg'
[0.194s] Level 1:colcon.colcon_core.package_identification:_identify(modular/traffic_light) by extensions ['colcon_meta']
[0.194s] Level 1:colcon.colcon_core.package_identification:_identify(modular/traffic_light) by extension 'colcon_meta'
[0.194s] Level 1:colcon.colcon_core.package_identification:_identify(modular/traffic_light) by extensions ['ros']
[0.194s] Level 1:colcon.colcon_core.package_identification:_identify(modular/traffic_light) by extension 'ros'
[0.194s] DEBUG:colcon.colcon_core.package_identification:Package 'modular/traffic_light' with type 'ros.ament_cmake' and name 'traffic_light'
[0.194s] Level 1:colcon.colcon_core.package_identification:_identify(monolithic) by extensions ['ignore', 'ignore_ament_install']
[0.195s] Level 1:colcon.colcon_core.package_identification:_identify(monolithic) by extension 'ignore'
[0.195s] Level 1:colcon.colcon_core.package_identification:_identify(monolithic) by extension 'ignore_ament_install'
[0.195s] Level 1:colcon.colcon_core.package_identification:_identify(monolithic) by extensions ['colcon_pkg']
[0.195s] Level 1:colcon.colcon_core.package_identification:_identify(monolithic) by extension 'colcon_pkg'
[0.195s] Level 1:colcon.colcon_core.package_identification:_identify(monolithic) by extensions ['colcon_meta']
[0.195s] Level 1:colcon.colcon_core.package_identification:_identify(monolithic) by extension 'colcon_meta'
[0.195s] Level 1:colcon.colcon_core.package_identification:_identify(monolithic) by extensions ['ros']
[0.195s] Level 1:colcon.colcon_core.package_identification:_identify(monolithic) by extension 'ros'
[0.195s] Level 1:colcon.colcon_core.package_identification:_identify(monolithic) by extensions ['cmake', 'python']
[0.195s] Level 1:colcon.colcon_core.package_identification:_identify(monolithic) by extension 'cmake'
[0.195s] Level 1:colcon.colcon_core.package_identification:_identify(monolithic) by extension 'python'
[0.195s] Level 1:colcon.colcon_core.package_identification:_identify(monolithic) by extensions ['python_setup_py']
[0.195s] Level 1:colcon.colcon_core.package_identification:_identify(monolithic) by extension 'python_setup_py'
[0.195s] Level 1:colcon.colcon_core.package_identification:_identify(monolithic/auto_drive) by extensions ['ignore', 'ignore_ament_install']
[0.195s] Level 1:colcon.colcon_core.package_identification:_identify(monolithic/auto_drive) by extension 'ignore'
[0.195s] Level 1:colcon.colcon_core.package_identification:_identify(monolithic/auto_drive) by extension 'ignore_ament_install'
[0.195s] Level 1:colcon.colcon_core.package_identification:_identify(monolithic/auto_drive) by extensions ['colcon_pkg']
[0.195s] Level 1:colcon.colcon_core.package_identification:_identify(monolithic/auto_drive) by extension 'colcon_pkg'
[0.195s] Level 1:colcon.colcon_core.package_identification:_identify(monolithic/auto_drive) by extensions ['colcon_meta']
[0.195s] Level 1:colcon.colcon_core.package_identification:_identify(monolithic/auto_drive) by extension 'colcon_meta'
[0.195s] Level 1:colcon.colcon_core.package_identification:_identify(monolithic/auto_drive) by extensions ['ros']
[0.195s] Level 1:colcon.colcon_core.package_identification:_identify(monolithic/auto_drive) by extension 'ros'
[0.195s] DEBUG:colcon.colcon_core.package_identification:Package 'monolithic/auto_drive' with type 'ros.ament_cmake' and name 'auto_drive'
[0.195s] Level 1:colcon.colcon_core.package_discovery:discover_packages(recursive) using defaults
[0.195s] Level 1:colcon.colcon_core.package_discovery:discover_packages(ignore) discover
[0.195s] Level 1:colcon.colcon_core.package_discovery:discover_packages(ignore) using defaults
[0.195s] Level 1:colcon.colcon_core.package_discovery:discover_packages(path) discover
[0.195s] Level 1:colcon.colcon_core.package_discovery:discover_packages(path) using defaults
[0.212s] Level 1:colcon.colcon_core.package_discovery:discover_packages(prefix_path) check parameters
[0.213s] Level 1:colcon.colcon_core.package_discovery:discover_packages(prefix_path) discover
[0.214s] DEBUG:colcon.colcon_installed_package_information.package_discovery:Found 10 installed packages in /home/doldolmeng2/xycar_ws/install
[0.214s] DEBUG:colcon.colcon_installed_package_information.package_discovery:Found 271 installed packages in /opt/ros/humble
[0.215s] Level 1:colcon.colcon_core.package_discovery:discover_packages(prefix_path) using defaults
[0.232s] Level 5:colcon.colcon_core.verb:set package 'auto_drive' build argument 'cmake_args' from command line to 'None'
[0.232s] Level 5:colcon.colcon_core.verb:set package 'auto_drive' build argument 'cmake_target' from command line to 'None'
[0.232s] Level 5:colcon.colcon_core.verb:set package 'auto_drive' build argument 'cmake_target_skip_unavailable' from command line to 'False'
[0.232s] Level 5:colcon.colcon_core.verb:set package 'auto_drive' build argument 'cmake_clean_cache' from command line to 'False'
[0.232s] Level 5:colcon.colcon_core.verb:set package 'auto_drive' build argument 'cmake_clean_first' from command line to 'False'
[0.232s] Level 5:colcon.colcon_core.verb:set package 'auto_drive' build argument 'cmake_force_configure' from command line to 'False'
[0.232s] Level 5:colcon.colcon_core.verb:set package 'auto_drive' build argument 'ament_cmake_args' from command line to 'None'
[0.232s] Level 5:colcon.colcon_core.verb:set package 'auto_drive' build argument 'catkin_cmake_args' from command line to 'None'
[0.232s] Level 5:colcon.colcon_core.verb:set package 'auto_drive' build argument 'catkin_skip_building_tests' from command line to 'False'
[0.232s] DEBUG:colcon.colcon_core.verb:Building package 'auto_drive' with the following arguments: {'ament_cmake_args': None, 'build_base': '/home/doldolmeng2/xycar_ws/src/orda/build/auto_drive', 'catkin_cmake_args': None, 'catkin_skip_building_tests': False, 'cmake_args': None, 'cmake_clean_cache': False, 'cmake_clean_first': False, 'cmake_force_configure': False, 'cmake_target': None, 'cmake_target_skip_unavailable': False, 'install_base': '/home/doldolmeng2/xycar_ws/src/orda/install/auto_drive', 'merge_install': False, 'path': '/home/doldolmeng2/xycar_ws/src/orda/monolithic/auto_drive', 'symlink_install': True, 'test_result_base': None}
[0.232s] Level 5:colcon.colcon_core.verb:set package 'control' build argument 'cmake_args' from command line to 'None'
[0.232s] Level 5:colcon.colcon_core.verb:set package 'control' build argument 'cmake_target' from command line to 'None'
[0.232s] Level 5:colcon.colcon_core.verb:set package 'control' build argument 'cmake_target_skip_unavailable' from command line to 'False'
[0.232s] Level 5:colcon.colcon_core.verb:set package 'control' build argument 'cmake_clean_cache' from command line to 'False'
[0.232s] Level 5:colcon.colcon_core.verb:set package 'control' build argument 'cmake_clean_first' from command line to 'False'
[0.232s] Level 5:colcon.colcon_core.verb:set package 'control' build argument 'cmake_force_configure' from command line to 'False'
[0.232s] Level 5:colcon.colcon_core.verb:set package 'control' build argument 'ament_cmake_args' from command line to 'None'
[0.232s] Level 5:colcon.colcon_core.verb:set package 'control' build argument 'catkin_cmake_args' from command line to 'None'
[0.233s] Level 5:colcon.colcon_core.verb:set package 'control' build argument 'catkin_skip_building_tests' from command line to 'False'
[0.233s] DEBUG:colcon.colcon_core.verb:Building package 'control' with the following arguments: {'ament_cmake_args': None, 'build_base': '/home/doldolmeng2/xycar_ws/src/orda/build/control', 'catkin_cmake_args': None, 'catkin_skip_building_tests': False, 'cmake_args': None, 'cmake_clean_cache': False, 'cmake_clean_first': False, 'cmake_force_configure': False, 'cmake_target': None, 'cmake_target_skip_unavailable': False, 'install_base': '/home/doldolmeng2/xycar_ws/src/orda/install/control', 'merge_install': False, 'path': '/home/doldolmeng2/xycar_ws/src/orda/modular/control', 'symlink_install': True, 'test_result_base': None}
[0.233s] Level 5:colcon.colcon_core.verb:set package 'image_resize' build argument 'cmake_args' from command line to 'None'
[0.233s] Level 5:colcon.colcon_core.verb:set package 'image_resize' build argument 'cmake_target' from command line to 'None'
[0.233s] Level 5:colcon.colcon_core.verb:set package 'image_resize' build argument 'cmake_target_skip_unavailable' from command line to 'False'
[0.233s] Level 5:colcon.colcon_core.verb:set package 'image_resize' build argument 'cmake_clean_cache' from command line to 'False'
[0.233s] Level 5:colcon.colcon_core.verb:set package 'image_resize' build argument 'cmake_clean_first' from command line to 'False'
[0.233s] Level 5:colcon.colcon_core.verb:set package 'image_resize' build argument 'cmake_force_configure' from command line to 'False'
[0.233s] Level 5:colcon.colcon_core.verb:set package 'image_resize' build argument 'ament_cmake_args' from command line to 'None'
[0.233s] Level 5:colcon.colcon_core.verb:set package 'image_resize' build argument 'catkin_cmake_args' from command line to 'None'
[0.233s] Level 5:colcon.colcon_core.verb:set package 'image_resize' build argument 'catkin_skip_building_tests' from command line to 'False'
[0.233s] DEBUG:colcon.colcon_core.verb:Building package 'image_resize' with the following arguments: {'ament_cmake_args': None, 'build_base': '/home/doldolmeng2/xycar_ws/src/orda/build/image_resize', 'catkin_cmake_args': None, 'catkin_skip_building_tests': False, 'cmake_args': None, 'cmake_clean_cache': False, 'cmake_clean_first': False, 'cmake_force_configure': False, 'cmake_target': None, 'cmake_target_skip_unavailable': False, 'install_base': '/home/doldolmeng2/xycar_ws/src/orda/install/image_resize', 'merge_install': False, 'path': '/home/doldolmeng2/xycar_ws/src/orda/modular/image_resize', 'symlink_install': True, 'test_result_base': None}
[0.233s] Level 5:colcon.colcon_core.verb:set package 'lane_detection' build argument 'cmake_args' from command line to 'None'
[0.233s] Level 5:colcon.colcon_core.verb:set package 'lane_detection' build argument 'cmake_target' from command line to 'None'
[0.233s] Level 5:colcon.colcon_core.verb:set package 'lane_detection' build argument 'cmake_target_skip_unavailable' from command line to 'False'
[0.233s] Level 5:colcon.colcon_core.verb:set package 'lane_detection' build argument 'cmake_clean_cache' from command line to 'False'
[0.233s] Level 5:colcon.colcon_core.verb:set package 'lane_detection' build argument 'cmake_clean_first' from command line to 'False'
[0.233s] Level 5:colcon.colcon_core.verb:set package 'lane_detection' build argument 'cmake_force_configure' from command line to 'False'
[0.233s] Level 5:colcon.colcon_core.verb:set package 'lane_detection' build argument 'ament_cmake_args' from command line to 'None'
[0.233s] Level 5:colcon.colcon_core.verb:set package 'lane_detection' build argument 'catkin_cmake_args' from command line to 'None'
[0.233s] Level 5:colcon.colcon_core.verb:set package 'lane_detection' build argument 'catkin_skip_building_tests' from command line to 'False'
[0.233s] DEBUG:colcon.colcon_core.verb:Building package 'lane_detection' with the following arguments: {'ament_cmake_args': None, 'build_base': '/home/doldolmeng2/xycar_ws/src/orda/build/lane_detection', 'catkin_cmake_args': None, 'catkin_skip_building_tests': False, 'cmake_args': None, 'cmake_clean_cache': False, 'cmake_clean_first': False, 'cmake_force_configure': False, 'cmake_target': None, 'cmake_target_skip_unavailable': False, 'install_base': '/home/doldolmeng2/xycar_ws/src/orda/install/lane_detection', 'merge_install': False, 'path': '/home/doldolmeng2/xycar_ws/src/orda/modular/lane_detection', 'symlink_install': True, 'test_result_base': None}
[0.233s] Level 5:colcon.colcon_core.verb:set package 'main' build argument 'cmake_args' from command line to 'None'
[0.233s] Level 5:colcon.colcon_core.verb:set package 'main' build argument 'cmake_target' from command line to 'None'
[0.233s] Level 5:colcon.colcon_core.verb:set package 'main' build argument 'cmake_target_skip_unavailable' from command line to 'False'
[0.233s] Level 5:colcon.colcon_core.verb:set package 'main' build argument 'cmake_clean_cache' from command line to 'False'
[0.233s] Level 5:colcon.colcon_core.verb:set package 'main' build argument 'cmake_clean_first' from command line to 'False'
[0.233s] Level 5:colcon.colcon_core.verb:set package 'main' build argument 'cmake_force_configure' from command line to 'False'
[0.233s] Level 5:colcon.colcon_core.verb:set package 'main' build argument 'ament_cmake_args' from command line to 'None'
[0.233s] Level 5:colcon.colcon_core.verb:set package 'main' build argument 'catkin_cmake_args' from command line to 'None'
[0.233s] Level 5:colcon.colcon_core.verb:set package 'main' build argument 'catkin_skip_building_tests' from command line to 'False'
[0.233s] DEBUG:colcon.colcon_core.verb:Building package 'main' with the following arguments: {'ament_cmake_args': None, 'build_base': '/home/doldolmeng2/xycar_ws/src/orda/build/main', 'catkin_cmake_args': None, 'catkin_skip_building_tests': False, 'cmake_args': None, 'cmake_clean_cache': False, 'cmake_clean_first': False, 'cmake_force_configure': False, 'cmake_target': None, 'cmake_target_skip_unavailable': False, 'install_base': '/home/doldolmeng2/xycar_ws/src/orda/install/main', 'merge_install': False, 'path': '/home/doldolmeng2/xycar_ws/src/orda/modular/main', 'symlink_install': True, 'test_result_base': None}
[0.233s] Level 5:colcon.colcon_core.verb:set package 'manual_drive' build argument 'cmake_args' from command line to 'None'
[0.234s] Level 5:colcon.colcon_core.verb:set package 'manual_drive' build argument 'cmake_target' from command line to 'None'
[0.234s] Level 5:colcon.colcon_core.verb:set package 'manual_drive' build argument 'cmake_target_skip_unavailable' from command line to 'False'
[0.234s] Level 5:colcon.colcon_core.verb:set package 'manual_drive' build argument 'cmake_clean_cache' from command line to 'False'
[0.234s] Level 5:colcon.colcon_core.verb:set package 'manual_drive' build argument 'cmake_clean_first' from command line to 'False'
[0.234s] Level 5:colcon.colcon_core.verb:set package 'manual_drive' build argument 'cmake_force_configure' from command line to 'False'
[0.234s] Level 5:colcon.colcon_core.verb:set package 'manual_drive' build argument 'ament_cmake_args' from command line to 'None'
[0.234s] Level 5:colcon.colcon_core.verb:set package 'manual_drive' build argument 'catkin_cmake_args' from command line to 'None'
[0.234s] Level 5:colcon.colcon_core.verb:set package 'manual_drive' build argument 'catkin_skip_building_tests' from command line to 'False'
[0.234s] DEBUG:colcon.colcon_core.verb:Building package 'manual_drive' with the following arguments: {'ament_cmake_args': None, 'build_base': '/home/doldolmeng2/xycar_ws/src/orda/build/manual_drive', 'catkin_cmake_args': None, 'catkin_skip_building_tests': False, 'cmake_args': None, 'cmake_clean_cache': False, 'cmake_clean_first': False, 'cmake_force_configure': False, 'cmake_target': None, 'cmake_target_skip_unavailable': False, 'install_base': '/home/doldolmeng2/xycar_ws/src/orda/install/manual_drive', 'merge_install': False, 'path': '/home/doldolmeng2/xycar_ws/src/orda/function/manual_drive', 'symlink_install': True, 'test_result_base': None}
[0.234s] Level 5:colcon.colcon_core.verb:set package 'object_detection' build argument 'cmake_args' from command line to 'None'
[0.234s] Level 5:colcon.colcon_core.verb:set package 'object_detection' build argument 'cmake_target' from command line to 'None'
[0.234s] Level 5:colcon.colcon_core.verb:set package 'object_detection' build argument 'cmake_target_skip_unavailable' from command line to 'False'
[0.234s] Level 5:colcon.colcon_core.verb:set package 'object_detection' build argument 'cmake_clean_cache' from command line to 'False'
[0.234s] Level 5:colcon.colcon_core.verb:set package 'object_detection' build argument 'cmake_clean_first' from command line to 'False'
[0.234s] Level 5:colcon.colcon_core.verb:set package 'object_detection' build argument 'cmake_force_configure' from command line to 'False'
[0.234s] Level 5:colcon.colcon_core.verb:set package 'object_detection' build argument 'ament_cmake_args' from command line to 'None'
[0.234s] Level 5:colcon.colcon_core.verb:set package 'object_detection' build argument 'catkin_cmake_args' from command line to 'None'
[0.234s] Level 5:colcon.colcon_core.verb:set package 'object_detection' build argument 'catkin_skip_building_tests' from command line to 'False'
[0.234s] DEBUG:colcon.colcon_core.verb:Building package 'object_detection' with the following arguments: {'ament_cmake_args': None, 'build_base': '/home/doldolmeng2/xycar_ws/src/orda/build/object_detection', 'catkin_cmake_args': None, 'catkin_skip_building_tests': False, 'cmake_args': None, 'cmake_clean_cache': False, 'cmake_clean_first': False, 'cmake_force_configure': False, 'cmake_target': None, 'cmake_target_skip_unavailable': False, 'install_base': '/home/doldolmeng2/xycar_ws/src/orda/install/object_detection', 'merge_install': False, 'path': '/home/doldolmeng2/xycar_ws/src/orda/modular/object_detection', 'symlink_install': True, 'test_result_base': None}
[0.234s] Level 5:colcon.colcon_core.verb:set package 'rubbercone' build argument 'cmake_args' from command line to 'None'
[0.234s] Level 5:colcon.colcon_core.verb:set package 'rubbercone' build argument 'cmake_target' from command line to 'None'
[0.234s] Level 5:colcon.colcon_core.verb:set package 'rubbercone' build argument 'cmake_target_skip_unavailable' from command line to 'False'
[0.234s] Level 5:colcon.colcon_core.verb:set package 'rubbercone' build argument 'cmake_clean_cache' from command line to 'False'
[0.234s] Level 5:colcon.colcon_core.verb:set package 'rubbercone' build argument 'cmake_clean_first' from command line to 'False'
[0.234s] Level 5:colcon.colcon_core.verb:set package 'rubbercone' build argument 'cmake_force_configure' from command line to 'False'
[0.234s] Level 5:colcon.colcon_core.verb:set package 'rubbercone' build argument 'ament_cmake_args' from command line to 'None'
[0.234s] Level 5:colcon.colcon_core.verb:set package 'rubbercone' build argument 'catkin_cmake_args' from command line to 'None'
[0.234s] Level 5:colcon.colcon_core.verb:set package 'rubbercone' build argument 'catkin_skip_building_tests' from command line to 'False'
[0.234s] DEBUG:colcon.colcon_core.verb:Building package 'rubbercone' with the following arguments: {'ament_cmake_args': None, 'build_base': '/home/doldolmeng2/xycar_ws/src/orda/build/rubbercone', 'catkin_cmake_args': None, 'catkin_skip_building_tests': False, 'cmake_args': None, 'cmake_clean_cache': False, 'cmake_clean_first': False, 'cmake_force_configure': False, 'cmake_target': None, 'cmake_target_skip_unavailable': False, 'install_base': '/home/doldolmeng2/xycar_ws/src/orda/install/rubbercone', 'merge_install': False, 'path': '/home/doldolmeng2/xycar_ws/src/orda/modular/rubbercone', 'symlink_install': True, 'test_result_base': None}
[0.234s] Level 5:colcon.colcon_core.verb:set package 'sensors_viewer' build argument 'cmake_args' from command line to 'None'
[0.234s] Level 5:colcon.colcon_core.verb:set package 'sensors_viewer' build argument 'cmake_target' from command line to 'None'
[0.234s] Level 5:colcon.colcon_core.verb:set package 'sensors_viewer' build argument 'cmake_target_skip_unavailable' from command line to 'False'
[0.234s] Level 5:colcon.colcon_core.verb:set package 'sensors_viewer' build argument 'cmake_clean_cache' from command line to 'False'
[0.234s] Level 5:colcon.colcon_core.verb:set package 'sensors_viewer' build argument 'cmake_clean_first' from command line to 'False'
[0.234s] Level 5:colcon.colcon_core.verb:set package 'sensors_viewer' build argument 'cmake_force_configure' from command line to 'False'
[0.234s] Level 5:colcon.colcon_core.verb:set package 'sensors_viewer' build argument 'ament_cmake_args' from command line to 'None'
[0.234s] Level 5:colcon.colcon_core.verb:set package 'sensors_viewer' build argument 'catkin_cmake_args' from command line to 'None'
[0.234s] Level 5:colcon.colcon_core.verb:set package 'sensors_viewer' build argument 'catkin_skip_building_tests' from command line to 'False'
[0.234s] DEBUG:colcon.colcon_core.verb:Building package 'sensors_viewer' with the following arguments: {'ament_cmake_args': None, 'build_base': '/home/doldolmeng2/xycar_ws/src/orda/build/sensors_viewer', 'catkin_cmake_args': None, 'catkin_skip_building_tests': False, 'cmake_args': None, 'cmake_clean_cache': False, 'cmake_clean_first': False, 'cmake_force_configure': False, 'cmake_target': None, 'cmake_target_skip_unavailable': False, 'install_base': '/home/doldolmeng2/xycar_ws/src/orda/install/sensors_viewer', 'merge_install': False, 'path': '/home/doldolmeng2/xycar_ws/src/orda/function/sensors_viewer', 'symlink_install': True, 'test_result_base': None}
[0.235s] Level 5:colcon.colcon_core.verb:set package 'traffic_light' build argument 'cmake_args' from command line to 'None'
[0.235s] Level 5:colcon.colcon_core.verb:set package 'traffic_light' build argument 'cmake_target' from command line to 'None'
[0.235s] Level 5:colcon.colcon_core.verb:set package 'traffic_light' build argument 'cmake_target_skip_unavailable' from command line to 'False'
[0.235s] Level 5:colcon.colcon_core.verb:set package 'traffic_light' build argument 'cmake_clean_cache' from command line to 'False'
[0.235s] Level 5:colcon.colcon_core.verb:set package 'traffic_light' build argument 'cmake_clean_first' from command line to 'False'
[0.235s] Level 5:colcon.colcon_core.verb:set package 'traffic_light' build argument 'cmake_force_configure' from command line to 'False'
[0.235s] Level 5:colcon.colcon_core.verb:set package 'traffic_light' build argument 'ament_cmake_args' from command line to 'None'
[0.235s] Level 5:colcon.colcon_core.verb:set package 'traffic_light' build argument 'catkin_cmake_args' from command line to 'None'
[0.235s] Level 5:colcon.colcon_core.verb:set package 'traffic_light' build argument 'catkin_skip_building_tests' from command line to 'False'
[0.235s] DEBUG:colcon.colcon_core.verb:Building package 'traffic_light' with the following arguments: {'ament_cmake_args': None, 'build_base': '/home/doldolmeng2/xycar_ws/src/orda/build/traffic_light', 'catkin_cmake_args': None, 'catkin_skip_building_tests': False, 'cmake_args': None, 'cmake_clean_cache': False, 'cmake_clean_first': False, 'cmake_force_configure': False, 'cmake_target': None, 'cmake_target_skip_unavailable': False, 'install_base': '/home/doldolmeng2/xycar_ws/src/orda/install/traffic_light', 'merge_install': False, 'path': '/home/doldolmeng2/xycar_ws/src/orda/modular/traffic_light', 'symlink_install': True, 'test_result_base': None}
[0.235s] INFO:colcon.colcon_core.executor:Executing jobs using 'parallel' executor
[0.235s] DEBUG:colcon.colcon_parallel_executor.executor.parallel:run_until_complete
[0.236s] INFO:colcon.colcon_ros.task.ament_cmake.build:Building ROS package in '/home/doldolmeng2/xycar_ws/src/orda/monolithic/auto_drive' with build type 'ament_cmake'
[0.236s] INFO:colcon.colcon_cmake.task.cmake.build:Building CMake package in '/home/doldolmeng2/xycar_ws/src/orda/monolithic/auto_drive'
[0.237s] INFO:colcon.colcon_core.plugin_system:Skipping extension 'colcon_core.shell.bat': Not used on non-Windows systems
[0.237s] INFO:colcon.colcon_core.shell:Skip shell extension 'powershell' for command environment: Not usable outside of PowerShell
[0.237s] DEBUG:colcon.colcon_core.shell:Skip shell extension 'dsv' for command environment
[0.240s] INFO:colcon.colcon_ros.task.ament_cmake.build:Building ROS package in '/home/doldolmeng2/xycar_ws/src/orda/modular/control' with build type 'ament_cmake'
[0.240s] INFO:colcon.colcon_cmake.task.cmake.build:Building CMake package in '/home/doldolmeng2/xycar_ws/src/orda/modular/control'
[0.240s] INFO:colcon.colcon_core.shell:Skip shell extension 'powershell' for command environment: Not usable outside of PowerShell
[0.240s] DEBUG:colcon.colcon_core.shell:Skip shell extension 'dsv' for command environment
[0.242s] INFO:colcon.colcon_ros.task.ament_cmake.build:Building ROS package in '/home/doldolmeng2/xycar_ws/src/orda/modular/image_resize' with build type 'ament_cmake'
[0.242s] INFO:colcon.colcon_cmake.task.cmake.build:Building CMake package in '/home/doldolmeng2/xycar_ws/src/orda/modular/image_resize'
[0.242s] INFO:colcon.colcon_core.shell:Skip shell extension 'powershell' for command environment: Not usable outside of PowerShell
[0.242s] DEBUG:colcon.colcon_core.shell:Skip shell extension 'dsv' for command environment
[0.244s] INFO:colcon.colcon_ros.task.ament_cmake.build:Building ROS package in '/home/doldolmeng2/xycar_ws/src/orda/modular/lane_detection' with build type 'ament_cmake'
[0.245s] INFO:colcon.colcon_cmake.task.cmake.build:Building CMake package in '/home/doldolmeng2/xycar_ws/src/orda/modular/lane_detection'
[0.245s] INFO:colcon.colcon_core.shell:Skip shell extension 'powershell' for command environment: Not usable outside of PowerShell
[0.245s] DEBUG:colcon.colcon_core.shell:Skip shell extension 'dsv' for command environment
[0.247s] INFO:colcon.colcon_ros.task.ament_python.build:Building ROS package in '/home/doldolmeng2/xycar_ws/src/orda/modular/main' with build type 'ament_python'
[0.248s] Level 1:colcon.colcon_core.shell:create_environment_hook('main', 'ament_prefix_path')
[0.248s] INFO:colcon.colcon_core.shell:Creating environment hook '/home/doldolmeng2/xycar_ws/src/orda/install/main/share/main/hook/ament_prefix_path.ps1'
[0.249s] INFO:colcon.colcon_core.shell:Creating environment descriptor '/home/doldolmeng2/xycar_ws/src/orda/install/main/share/main/hook/ament_prefix_path.dsv'
[0.249s] INFO:colcon.colcon_core.shell:Creating environment hook '/home/doldolmeng2/xycar_ws/src/orda/install/main/share/main/hook/ament_prefix_path.sh'
[0.250s] INFO:colcon.colcon_core.shell:Skip shell extension 'powershell' for command environment: Not usable outside of PowerShell
[0.250s] DEBUG:colcon.colcon_core.shell:Skip shell extension 'dsv' for command environment
[0.252s] INFO:colcon.colcon_ros.task.ament_python.build:Building ROS package in '/home/doldolmeng2/xycar_ws/src/orda/function/manual_drive' with build type 'ament_python'
[0.252s] Level 1:colcon.colcon_core.shell:create_environment_hook('manual_drive', 'ament_prefix_path')
[0.252s] INFO:colcon.colcon_core.shell:Creating environment hook '/home/doldolmeng2/xycar_ws/src/orda/install/manual_drive/share/manual_drive/hook/ament_prefix_path.ps1'
[0.253s] INFO:colcon.colcon_core.shell:Creating environment descriptor '/home/doldolmeng2/xycar_ws/src/orda/install/manual_drive/share/manual_drive/hook/ament_prefix_path.dsv'
[0.253s] INFO:colcon.colcon_core.shell:Creating environment hook '/home/doldolmeng2/xycar_ws/src/orda/install/manual_drive/share/manual_drive/hook/ament_prefix_path.sh'
[0.254s] INFO:colcon.colcon_core.shell:Skip shell extension 'powershell' for command environment: Not usable outside of PowerShell
[0.254s] DEBUG:colcon.colcon_core.shell:Skip shell extension 'dsv' for command environment
[0.256s] INFO:colcon.colcon_ros.task.ament_cmake.build:Building ROS package in '/home/doldolmeng2/xycar_ws/src/orda/modular/object_detection' with build type 'ament_cmake'
[0.256s] INFO:colcon.colcon_cmake.task.cmake.build:Building CMake package in '/home/doldolmeng2/xycar_ws/src/orda/modular/object_detection'
[0.256s] INFO:colcon.colcon_core.shell:Skip shell extension 'powershell' for command environment: Not usable outside of PowerShell
[0.256s] DEBUG:colcon.colcon_core.shell:Skip shell extension 'dsv' for command environment
[0.259s] INFO:colcon.colcon_ros.task.ament_cmake.build:Building ROS package in '/home/doldolmeng2/xycar_ws/src/orda/modular/rubbercone' with build type 'ament_cmake'
[0.259s] INFO:colcon.colcon_cmake.task.cmake.build:Building CMake package in '/home/doldolmeng2/xycar_ws/src/orda/modular/rubbercone'
[0.259s] INFO:colcon.colcon_core.shell:Skip shell extension 'powershell' for command environment: Not usable outside of PowerShell
[0.259s] DEBUG:colcon.colcon_core.shell:Skip shell extension 'dsv' for command environment
[0.261s] INFO:colcon.colcon_ros.task.ament_cmake.build:Building ROS package in '/home/doldolmeng2/xycar_ws/src/orda/function/sensors_viewer' with build type 'ament_cmake'
[0.262s] INFO:colcon.colcon_cmake.task.cmake.build:Building CMake package in '/home/doldolmeng2/xycar_ws/src/orda/function/sensors_viewer'
[0.262s] INFO:colcon.colcon_core.shell:Skip shell extension 'powershell' for command environment: Not usable outside of PowerShell
[0.262s] DEBUG:colcon.colcon_core.shell:Skip shell extension 'dsv' for command environment
[0.264s] INFO:colcon.colcon_ros.task.ament_cmake.build:Building ROS package in '/home/doldolmeng2/xycar_ws/src/orda/modular/traffic_light' with build type 'ament_cmake'
[0.264s] INFO:colcon.colcon_cmake.task.cmake.build:Building CMake package in '/home/doldolmeng2/xycar_ws/src/orda/modular/traffic_light'
[0.264s] INFO:colcon.colcon_core.shell:Skip shell extension 'powershell' for command environment: Not usable outside of PowerShell
[0.264s] DEBUG:colcon.colcon_core.shell:Skip shell extension 'dsv' for command environment
[0.271s] DEBUG:colcon.colcon_core.event_handler.log_command:Invoking command in '/home/doldolmeng2/xycar_ws/src/orda/build/auto_drive': CMAKE_PREFIX_PATH=${CMAKE_PREFIX_PATH}:/home/doldolmeng2/xycar_ws/install/manual_drive:/opt/ros/humble /usr/bin/cmake /home/doldolmeng2/xycar_ws/src/orda/monolithic/auto_drive -DAMENT_CMAKE_SYMLINK_INSTALL=1 -DCMAKE_INSTALL_PREFIX=/home/doldolmeng2/xycar_ws/src/orda/install/auto_drive
[0.275s] DEBUG:colcon.colcon_core.event_handler.log_command:Invoking command in '/home/doldolmeng2/xycar_ws/src/orda/build/control': CMAKE_PREFIX_PATH=${CMAKE_PREFIX_PATH}:/home/doldolmeng2/xycar_ws/install/manual_drive:/opt/ros/humble /usr/bin/cmake /home/doldolmeng2/xycar_ws/src/orda/modular/control -DAMENT_CMAKE_SYMLINK_INSTALL=1 -DCMAKE_INSTALL_PREFIX=/home/doldolmeng2/xycar_ws/src/orda/install/control
[0.278s] DEBUG:colcon.colcon_core.event_handler.log_command:Invoking command in '/home/doldolmeng2/xycar_ws/src/orda/build/image_resize': CMAKE_PREFIX_PATH=${CMAKE_PREFIX_PATH}:/home/doldolmeng2/xycar_ws/install/manual_drive:/opt/ros/humble /usr/bin/cmake /home/doldolmeng2/xycar_ws/src/orda/modular/image_resize -DAMENT_CMAKE_SYMLINK_INSTALL=1 -DCMAKE_INSTALL_PREFIX=/home/doldolmeng2/xycar_ws/src/orda/install/image_resize
[0.281s] DEBUG:colcon.colcon_core.event_handler.log_command:Invoking command in '/home/doldolmeng2/xycar_ws/src/orda/build/lane_detection': CMAKE_PREFIX_PATH=${CMAKE_PREFIX_PATH}:/home/doldolmeng2/xycar_ws/install/manual_drive:/opt/ros/humble /usr/bin/cmake /home/doldolmeng2/xycar_ws/src/orda/modular/lane_detection -DAMENT_CMAKE_SYMLINK_INSTALL=1 -DCMAKE_INSTALL_PREFIX=/home/doldolmeng2/xycar_ws/src/orda/install/lane_detection
[0.404s] INFO:colcon.colcon_core.task.python.build:Building Python package in '/home/doldolmeng2/xycar_ws/src/orda/modular/main'
[0.404s] INFO:colcon.colcon_core.shell:Skip shell extension 'powershell' for command environment: Not usable outside of PowerShell
[0.404s] DEBUG:colcon.colcon_core.shell:Skip shell extension 'dsv' for command environment
[0.535s] INFO:colcon.colcon_core.task.python.build:Building Python package in '/home/doldolmeng2/xycar_ws/src/orda/function/manual_drive'
[0.535s] INFO:colcon.colcon_core.shell:Skip shell extension 'powershell' for command environment: Not usable outside of PowerShell
[0.535s] DEBUG:colcon.colcon_core.shell:Skip shell extension 'dsv' for command environment
[0.539s] DEBUG:colcon.colcon_core.event_handler.log_command:Invoking command in '/home/doldolmeng2/xycar_ws/src/orda/build/object_detection': CMAKE_PREFIX_PATH=${CMAKE_PREFIX_PATH}:/home/doldolmeng2/xycar_ws/install/manual_drive:/opt/ros/humble /usr/bin/cmake /home/doldolmeng2/xycar_ws/src/orda/modular/object_detection -DAMENT_CMAKE_SYMLINK_INSTALL=1 -DCMAKE_INSTALL_PREFIX=/home/doldolmeng2/xycar_ws/src/orda/install/object_detection
[0.541s] DEBUG:colcon.colcon_core.event_handler.log_command:Invoking command in '/home/doldolmeng2/xycar_ws/src/orda/build/rubbercone': CMAKE_PREFIX_PATH=${CMAKE_PREFIX_PATH}:/home/doldolmeng2/xycar_ws/install/manual_drive:/opt/ros/humble /usr/bin/cmake /home/doldolmeng2/xycar_ws/src/orda/modular/rubbercone -DAMENT_CMAKE_SYMLINK_INSTALL=1 -DCMAKE_INSTALL_PREFIX=/home/doldolmeng2/xycar_ws/src/orda/install/rubbercone
[0.543s] DEBUG:colcon.colcon_core.event_handler.log_command:Invoking command in '/home/doldolmeng2/xycar_ws/src/orda/build/sensors_viewer': CMAKE_PREFIX_PATH=${CMAKE_PREFIX_PATH}:/home/doldolmeng2/xycar_ws/install/manual_drive:/opt/ros/humble /usr/bin/cmake /home/doldolmeng2/xycar_ws/src/orda/function/sensors_viewer -DAMENT_CMAKE_SYMLINK_INSTALL=1 -DCMAKE_INSTALL_PREFIX=/home/doldolmeng2/xycar_ws/src/orda/install/sensors_viewer
[0.548s] DEBUG:colcon.colcon_core.event_handler.log_command:Invoking command in '/home/doldolmeng2/xycar_ws/src/orda/build/traffic_light': CMAKE_PREFIX_PATH=${CMAKE_PREFIX_PATH}:/home/doldolmeng2/xycar_ws/install/manual_drive:/opt/ros/humble /usr/bin/cmake /home/doldolmeng2/xycar_ws/src/orda/modular/traffic_light -DAMENT_CMAKE_SYMLINK_INSTALL=1 -DCMAKE_INSTALL_PREFIX=/home/doldolmeng2/xycar_ws/src/orda/install/traffic_light
[0.756s] DEBUG:colcon.colcon_core.event_handler.log_command:Invoking command in '/home/doldolmeng2/xycar_ws/src/orda/build/main': PYTHONPATH=/home/doldolmeng2/xycar_ws/src/orda/build/main/prefix_override:/usr/lib/python3/dist-packages/colcon_core/task/python/colcon_distutils_commands:/home/doldolmeng2/xycar_ws/src/orda/install/main/lib/python3.10/site-packages:${PYTHONPATH} /usr/bin/python3 -W ignore:setup.py install is deprecated -W ignore:easy_install command is deprecated setup.py develop --editable --build-directory /home/doldolmeng2/xycar_ws/src/orda/build/main/build --no-deps symlink_data
[0.759s] DEBUG:colcon.colcon_core.event_handler.log_command:Invoking command in '/home/doldolmeng2/xycar_ws/src/orda/build/manual_drive': PYTHONPATH=/home/doldolmeng2/xycar_ws/src/orda/build/manual_drive/prefix_override:/usr/lib/python3/dist-packages/colcon_core/task/python/colcon_distutils_commands:/home/doldolmeng2/xycar_ws/src/orda/install/manual_drive/lib/python3.10/site-packages:${PYTHONPATH} /usr/bin/python3 -W ignore:setup.py install is deprecated -W ignore:easy_install command is deprecated setup.py develop --editable --build-directory /home/doldolmeng2/xycar_ws/src/orda/build/manual_drive/build --no-deps symlink_data
[0.858s] DEBUG:colcon.colcon_parallel_executor.executor.parallel:run_until_complete was interrupted
[0.859s] DEBUG:colcon.colcon_parallel_executor.executor.parallel:run_until_complete again
[0.863s] Level 1:colcon.colcon_core.environment:create_environment_scripts_only(traffic_light)
[0.869s] DEBUG:colcon.colcon_core.event_handler.log_command:Invoked command in '/home/doldolmeng2/xycar_ws/src/orda/build/traffic_light' returned '-2': CMAKE_PREFIX_PATH=${CMAKE_PREFIX_PATH}:/home/doldolmeng2/xycar_ws/install/manual_drive:/opt/ros/humble /usr/bin/cmake /home/doldolmeng2/xycar_ws/src/orda/modular/traffic_light -DAMENT_CMAKE_SYMLINK_INSTALL=1 -DCMAKE_INSTALL_PREFIX=/home/doldolmeng2/xycar_ws/src/orda/install/traffic_light
[0.869s] Level 1:colcon.colcon_core.environment:checking '/home/doldolmeng2/xycar_ws/src/orda/install/traffic_light' for CMake module files
[0.870s] Level 1:colcon.colcon_core.environment:checking '/home/doldolmeng2/xycar_ws/src/orda/install/traffic_light' for CMake config files
[0.870s] Level 1:colcon.colcon_core.environment:checking '/home/doldolmeng2/xycar_ws/src/orda/install/traffic_light/bin'
[0.870s] Level 1:colcon.colcon_core.environment:checking '/home/doldolmeng2/xycar_ws/src/orda/install/traffic_light/lib/pkgconfig/traffic_light.pc'
[0.870s] Level 1:colcon.colcon_core.environment:checking '/home/doldolmeng2/xycar_ws/src/orda/install/traffic_light/lib/python3.10/site-packages'
[0.870s] Level 1:colcon.colcon_core.environment:checking '/home/doldolmeng2/xycar_ws/src/orda/install/traffic_light/bin'
[0.870s] INFO:colcon.colcon_core.shell:Creating package script '/home/doldolmeng2/xycar_ws/src/orda/install/traffic_light/share/traffic_light/package.ps1'
[0.871s] INFO:colcon.colcon_core.shell:Creating package descriptor '/home/doldolmeng2/xycar_ws/src/orda/install/traffic_light/share/traffic_light/package.dsv'
[0.872s] INFO:colcon.colcon_core.shell:Creating package script '/home/doldolmeng2/xycar_ws/src/orda/install/traffic_light/share/traffic_light/package.sh'
[0.872s] INFO:colcon.colcon_core.shell:Creating package script '/home/doldolmeng2/xycar_ws/src/orda/install/traffic_light/share/traffic_light/package.bash'
[0.872s] INFO:colcon.colcon_core.shell:Creating package script '/home/doldolmeng2/xycar_ws/src/orda/install/traffic_light/share/traffic_light/package.zsh'
[0.873s] Level 1:colcon.colcon_core.environment:create_file_with_runtime_dependencies(/home/doldolmeng2/xycar_ws/src/orda/install/traffic_light/share/colcon-core/packages/traffic_light)
[0.874s] Level 1:colcon.colcon_core.environment:create_environment_scripts_only(auto_drive)
[0.874s] Level 1:colcon.colcon_core.environment:checking '/home/doldolmeng2/xycar_ws/src/orda/install/auto_drive' for CMake module files
[0.874s] DEBUG:colcon.colcon_core.event_handler.log_command:Invoked command in '/home/doldolmeng2/xycar_ws/src/orda/build/auto_drive' returned '-2': CMAKE_PREFIX_PATH=${CMAKE_PREFIX_PATH}:/home/doldolmeng2/xycar_ws/install/manual_drive:/opt/ros/humble /usr/bin/cmake /home/doldolmeng2/xycar_ws/src/orda/monolithic/auto_drive -DAMENT_CMAKE_SYMLINK_INSTALL=1 -DCMAKE_INSTALL_PREFIX=/home/doldolmeng2/xycar_ws/src/orda/install/auto_drive
[0.874s] Level 1:colcon.colcon_core.environment:checking '/home/doldolmeng2/xycar_ws/src/orda/install/auto_drive' for CMake config files
[0.874s] Level 1:colcon.colcon_core.environment:checking '/home/doldolmeng2/xycar_ws/src/orda/install/auto_drive/bin'
[0.874s] Level 1:colcon.colcon_core.environment:checking '/home/doldolmeng2/xycar_ws/src/orda/install/auto_drive/lib/pkgconfig/auto_drive.pc'
[0.875s] Level 1:colcon.colcon_core.environment:checking '/home/doldolmeng2/xycar_ws/src/orda/install/auto_drive/lib/python3.10/site-packages'
[0.875s] Level 1:colcon.colcon_core.environment:checking '/home/doldolmeng2/xycar_ws/src/orda/install/auto_drive/bin'
[0.875s] INFO:colcon.colcon_core.shell:Creating package script '/home/doldolmeng2/xycar_ws/src/orda/install/auto_drive/share/auto_drive/package.ps1'
[0.875s] INFO:colcon.colcon_core.shell:Creating package descriptor '/home/doldolmeng2/xycar_ws/src/orda/install/auto_drive/share/auto_drive/package.dsv'
[0.875s] INFO:colcon.colcon_core.shell:Creating package script '/home/doldolmeng2/xycar_ws/src/orda/install/auto_drive/share/auto_drive/package.sh'
[0.876s] INFO:colcon.colcon_core.shell:Creating package script '/home/doldolmeng2/xycar_ws/src/orda/install/auto_drive/share/auto_drive/package.bash'
[0.876s] INFO:colcon.colcon_core.shell:Creating package script '/home/doldolmeng2/xycar_ws/src/orda/install/auto_drive/share/auto_drive/package.zsh'
[0.876s] Level 1:colcon.colcon_core.environment:create_file_with_runtime_dependencies(/home/doldolmeng2/xycar_ws/src/orda/install/auto_drive/share/colcon-core/packages/auto_drive)
[0.876s] Level 1:colcon.colcon_core.environment:create_environment_scripts_only(rubbercone)
[0.877s] Level 1:colcon.colcon_core.environment:checking '/home/doldolmeng2/xycar_ws/src/orda/install/rubbercone' for CMake module files
[0.877s] DEBUG:colcon.colcon_core.event_handler.log_command:Invoked command in '/home/doldolmeng2/xycar_ws/src/orda/build/rubbercone' returned '-2': CMAKE_PREFIX_PATH=${CMAKE_PREFIX_PATH}:/home/doldolmeng2/xycar_ws/install/manual_drive:/opt/ros/humble /usr/bin/cmake /home/doldolmeng2/xycar_ws/src/orda/modular/rubbercone -DAMENT_CMAKE_SYMLINK_INSTALL=1 -DCMAKE_INSTALL_PREFIX=/home/doldolmeng2/xycar_ws/src/orda/install/rubbercone
[0.877s] Level 1:colcon.colcon_core.environment:checking '/home/doldolmeng2/xycar_ws/src/orda/install/rubbercone' for CMake config files
[0.877s] Level 1:colcon.colcon_core.environment:checking '/home/doldolmeng2/xycar_ws/src/orda/install/rubbercone/bin'
[0.877s] Level 1:colcon.colcon_core.environment:checking '/home/doldolmeng2/xycar_ws/src/orda/install/rubbercone/lib/pkgconfig/rubbercone.pc'
[0.877s] Level 1:colcon.colcon_core.environment:checking '/home/doldolmeng2/xycar_ws/src/orda/install/rubbercone/lib/python3.10/site-packages'
[0.878s] Level 1:colcon.colcon_core.environment:checking '/home/doldolmeng2/xycar_ws/src/orda/install/rubbercone/bin'
[0.878s] INFO:colcon.colcon_core.shell:Creating package script '/home/doldolmeng2/xycar_ws/src/orda/install/rubbercone/share/rubbercone/package.ps1'
[0.878s] INFO:colcon.colcon_core.shell:Creating package descriptor '/home/doldolmeng2/xycar_ws/src/orda/install/rubbercone/share/rubbercone/package.dsv'
[0.878s] INFO:colcon.colcon_core.shell:Creating package script '/home/doldolmeng2/xycar_ws/src/orda/install/rubbercone/share/rubbercone/package.sh'
[0.879s] INFO:colcon.colcon_core.shell:Creating package script '/home/doldolmeng2/xycar_ws/src/orda/install/rubbercone/share/rubbercone/package.bash'
[0.879s] INFO:colcon.colcon_core.shell:Creating package script '/home/doldolmeng2/xycar_ws/src/orda/install/rubbercone/share/rubbercone/package.zsh'
[0.879s] Level 1:colcon.colcon_core.environment:create_file_with_runtime_dependencies(/home/doldolmeng2/xycar_ws/src/orda/install/rubbercone/share/colcon-core/packages/rubbercone)
[0.879s] Level 1:colcon.colcon_core.environment:create_environment_scripts_only(control)
[0.880s] Level 1:colcon.colcon_core.environment:checking '/home/doldolmeng2/xycar_ws/src/orda/install/control' for CMake module files
[0.880s] Level 1:colcon.colcon_core.environment:checking '/home/doldolmeng2/xycar_ws/src/orda/install/control' for CMake config files
[0.880s] Level 1:colcon.colcon_core.environment:checking '/home/doldolmeng2/xycar_ws/src/orda/install/control/bin'
[0.880s] Level 1:colcon.colcon_core.environment:checking '/home/doldolmeng2/xycar_ws/src/orda/install/control/lib/pkgconfig/control.pc'
[0.881s] Level 1:colcon.colcon_core.environment:checking '/home/doldolmeng2/xycar_ws/src/orda/install/control/lib/python3.10/site-packages'
[0.881s] DEBUG:colcon.colcon_core.event_handler.log_command:Invoked command in '/home/doldolmeng2/xycar_ws/src/orda/build/control' returned '-2': CMAKE_PREFIX_PATH=${CMAKE_PREFIX_PATH}:/home/doldolmeng2/xycar_ws/install/manual_drive:/opt/ros/humble /usr/bin/cmake /home/doldolmeng2/xycar_ws/src/orda/modular/control -DAMENT_CMAKE_SYMLINK_INSTALL=1 -DCMAKE_INSTALL_PREFIX=/home/doldolmeng2/xycar_ws/src/orda/install/control
[0.881s] Level 1:colcon.colcon_core.environment:checking '/home/doldolmeng2/xycar_ws/src/orda/install/control/bin'
[0.881s] INFO:colcon.colcon_core.shell:Creating package script '/home/doldolmeng2/xycar_ws/src/orda/install/control/share/control/package.ps1'
[0.882s] INFO:colcon.colcon_core.shell:Creating package descriptor '/home/doldolmeng2/xycar_ws/src/orda/install/control/share/control/package.dsv'
[0.882s] INFO:colcon.colcon_core.shell:Creating package script '/home/doldolmeng2/xycar_ws/src/orda/install/control/share/control/package.sh'
[0.882s] INFO:colcon.colcon_core.shell:Creating package script '/home/doldolmeng2/xycar_ws/src/orda/install/control/share/control/package.bash'
[0.882s] INFO:colcon.colcon_core.shell:Creating package script '/home/doldolmeng2/xycar_ws/src/orda/install/control/share/control/package.zsh'
[0.882s] Level 1:colcon.colcon_core.environment:create_file_with_runtime_dependencies(/home/doldolmeng2/xycar_ws/src/orda/install/control/share/colcon-core/packages/control)
[0.883s] Level 1:colcon.colcon_core.environment:create_environment_scripts_only(lane_detection)
[0.883s] Level 1:colcon.colcon_core.environment:checking '/home/doldolmeng2/xycar_ws/src/orda/install/lane_detection' for CMake module files
[0.883s] Level 1:colcon.colcon_core.environment:checking '/home/doldolmeng2/xycar_ws/src/orda/install/lane_detection' for CMake config files
[0.883s] Level 1:colcon.colcon_core.environment:checking '/home/doldolmeng2/xycar_ws/src/orda/install/lane_detection/bin'
[0.883s] Level 1:colcon.colcon_core.environment:checking '/home/doldolmeng2/xycar_ws/src/orda/install/lane_detection/lib/pkgconfig/lane_detection.pc'
[0.884s] Level 1:colcon.colcon_core.environment:checking '/home/doldolmeng2/xycar_ws/src/orda/install/lane_detection/lib/python3.10/site-packages'
[0.884s] Level 1:colcon.colcon_core.environment:checking '/home/doldolmeng2/xycar_ws/src/orda/install/lane_detection/bin'
[0.884s] DEBUG:colcon.colcon_core.event_handler.log_command:Invoked command in '/home/doldolmeng2/xycar_ws/src/orda/build/lane_detection' returned '-2': CMAKE_PREFIX_PATH=${CMAKE_PREFIX_PATH}:/home/doldolmeng2/xycar_ws/install/manual_drive:/opt/ros/humble /usr/bin/cmake /home/doldolmeng2/xycar_ws/src/orda/modular/lane_detection -DAMENT_CMAKE_SYMLINK_INSTALL=1 -DCMAKE_INSTALL_PREFIX=/home/doldolmeng2/xycar_ws/src/orda/install/lane_detection
[0.884s] INFO:colcon.colcon_core.shell:Creating package script '/home/doldolmeng2/xycar_ws/src/orda/install/lane_detection/share/lane_detection/package.ps1'
[0.885s] INFO:colcon.colcon_core.shell:Creating package descriptor '/home/doldolmeng2/xycar_ws/src/orda/install/lane_detection/share/lane_detection/package.dsv'
[0.885s] INFO:colcon.colcon_core.shell:Creating package script '/home/doldolmeng2/xycar_ws/src/orda/install/lane_detection/share/lane_detection/package.sh'
[0.885s] INFO:colcon.colcon_core.shell:Creating package script '/home/doldolmeng2/xycar_ws/src/orda/install/lane_detection/share/lane_detection/package.bash'
[0.885s] INFO:colcon.colcon_core.shell:Creating package script '/home/doldolmeng2/xycar_ws/src/orda/install/lane_detection/share/lane_detection/package.zsh'
[0.885s] Level 1:colcon.colcon_core.environment:create_file_with_runtime_dependencies(/home/doldolmeng2/xycar_ws/src/orda/install/lane_detection/share/colcon-core/packages/lane_detection)
[0.886s] Level 1:colcon.colcon_core.environment:create_environment_scripts_only(image_resize)
[0.886s] Level 1:colcon.colcon_core.environment:checking '/home/doldolmeng2/xycar_ws/src/orda/install/image_resize' for CMake module files
[0.887s] DEBUG:colcon.colcon_core.event_handler.log_command:Invoked command in '/home/doldolmeng2/xycar_ws/src/orda/build/image_resize' returned '-2': CMAKE_PREFIX_PATH=${CMAKE_PREFIX_PATH}:/home/doldolmeng2/xycar_ws/install/manual_drive:/opt/ros/humble /usr/bin/cmake /home/doldolmeng2/xycar_ws/src/orda/modular/image_resize -DAMENT_CMAKE_SYMLINK_INSTALL=1 -DCMAKE_INSTALL_PREFIX=/home/doldolmeng2/xycar_ws/src/orda/install/image_resize
[0.887s] Level 1:colcon.colcon_core.environment:checking '/home/doldolmeng2/xycar_ws/src/orda/install/image_resize' for CMake config files
[0.887s] Level 1:colcon.colcon_core.environment:checking '/home/doldolmeng2/xycar_ws/src/orda/install/image_resize/bin'
[0.887s] Level 1:colcon.colcon_core.environment:checking '/home/doldolmeng2/xycar_ws/src/orda/install/image_resize/lib/pkgconfig/image_resize.pc'
[0.887s] Level 1:colcon.colcon_core.environment:checking '/home/doldolmeng2/xycar_ws/src/orda/install/image_resize/lib/python3.10/site-packages'
[0.887s] Level 1:colcon.colcon_core.environment:checking '/home/doldolmeng2/xycar_ws/src/orda/install/image_resize/bin'
[0.888s] INFO:colcon.colcon_core.shell:Creating package script '/home/doldolmeng2/xycar_ws/src/orda/install/image_resize/share/image_resize/package.ps1'
[0.888s] INFO:colcon.colcon_core.shell:Creating package descriptor '/home/doldolmeng2/xycar_ws/src/orda/install/image_resize/share/image_resize/package.dsv'
[0.888s] INFO:colcon.colcon_core.shell:Creating package script '/home/doldolmeng2/xycar_ws/src/orda/install/image_resize/share/image_resize/package.sh'
[0.889s] INFO:colcon.colcon_core.shell:Creating package script '/home/doldolmeng2/xycar_ws/src/orda/install/image_resize/share/image_resize/package.bash'
[0.889s] INFO:colcon.colcon_core.shell:Creating package script '/home/doldolmeng2/xycar_ws/src/orda/install/image_resize/share/image_resize/package.zsh'
[0.889s] Level 1:colcon.colcon_core.environment:create_file_with_runtime_dependencies(/home/doldolmeng2/xycar_ws/src/orda/install/image_resize/share/colcon-core/packages/image_resize)
[0.901s] DEBUG:colcon.colcon_parallel_executor.executor.parallel:run_until_complete finished
[0.901s] DEBUG:colcon.colcon_parallel_executor.executor.parallel:closing loop
[0.901s] DEBUG:colcon.colcon_parallel_executor.executor.parallel:loop closed
[0.901s] DEBUG:colcon.colcon_core.event_reactor:joining thread
[0.949s] INFO:colcon.colcon_core.plugin_system:Skipping extension 'colcon_notification.desktop_notification.notify_send': Could not find 'notify-send'
[0.950s] INFO:colcon.colcon_core.plugin_system:Skipping extension 'colcon_notification.desktop_notification.terminal_notifier': Not used on non-Darwin systems
[0.950s] INFO:colcon.colcon_core.plugin_system:Skipping extension 'colcon_notification.desktop_notification.win32': Not used on non-Windows systems
[0.950s] INFO:colcon.colcon_notification.desktop_notification:Sending desktop notification using 'notify2'
[0.950s] DEBUG:colcon.colcon_notification.desktop_notification.notify2:Failed to initialize notify2: org.freedesktop.DBus.Error.FileNotFound: Failed to connect to socket /run/user/1000/bus: No such file or directory
[0.950s] DEBUG:colcon.colcon_core.event_reactor:joined thread
[0.950s] INFO:colcon.colcon_core.shell:Creating prefix script '/home/doldolmeng2/xycar_ws/src/orda/install/local_setup.ps1'
[0.951s] INFO:colcon.colcon_core.shell:Creating prefix util module '/home/doldolmeng2/xycar_ws/src/orda/install/_local_setup_util_ps1.py'
[0.951s] INFO:colcon.colcon_core.shell:Creating prefix chain script '/home/doldolmeng2/xycar_ws/src/orda/install/setup.ps1'
[0.952s] INFO:colcon.colcon_core.shell:Creating prefix script '/home/doldolmeng2/xycar_ws/src/orda/install/local_setup.sh'
[0.952s] INFO:colcon.colcon_core.shell:Creating prefix util module '/home/doldolmeng2/xycar_ws/src/orda/install/_local_setup_util_sh.py'
[0.953s] INFO:colcon.colcon_core.shell:Creating prefix chain script '/home/doldolmeng2/xycar_ws/src/orda/install/setup.sh'
[0.953s] INFO:colcon.colcon_core.shell:Creating prefix script '/home/doldolmeng2/xycar_ws/src/orda/install/local_setup.bash'
[0.954s] INFO:colcon.colcon_core.shell:Creating prefix chain script '/home/doldolmeng2/xycar_ws/src/orda/install/setup.bash'
[0.954s] INFO:colcon.colcon_core.shell:Creating prefix script '/home/doldolmeng2/xycar_ws/src/orda/install/local_setup.zsh'
[0.955s] INFO:colcon.colcon_core.shell:Creating prefix chain script '/home/doldolmeng2/xycar_ws/src/orda/install/setup.zsh'
