/home/helloosy/.local/lib/python3.10/site-packages/setuptools/_distutils/dist.py:289: UserWarning: Unknown distribution option: 'tests_require'
  warnings.warn(msg)
running egg_info
creating ../../build/main/main.egg-info
writing ../../build/main/main.egg-info/PKG-INFO
writing dependency_links to ../../build/main/main.egg-info/dependency_links.txt
writing entry points to ../../build/main/main.egg-info/entry_points.txt
writing requirements to ../../build/main/main.egg-info/requires.txt
writing top-level names to ../../build/main/main.egg-info/top_level.txt
writing manifest file '../../build/main/main.egg-info/SOURCES.txt'
reading manifest file '../../build/main/main.egg-info/SOURCES.txt'
writing manifest file '../../build/main/main.egg-info/SOURCES.txt'
running build
running build_py
creating /home/helloosy/250805/2025-kookmin-contest/build/main/build/lib/main
copying main/control.py -> /home/helloosy/250805/2025-kookmin-contest/build/main/build/lib/main
copying main/__init__.py -> /home/helloosy/250805/2025-kookmin-contest/build/main/build/lib/main
copying main/main.py -> /home/helloosy/250805/2025-kookmin-contest/build/main/build/lib/main
running install
running install_lib
creating /home/helloosy/250805/2025-kookmin-contest/install/main/lib/python3.10/site-packages/main
copying /home/helloosy/250805/2025-kookmin-contest/build/main/build/lib/main/control.py -> /home/helloosy/250805/2025-kookmin-contest/install/main/lib/python3.10/site-packages/main
copying /home/helloosy/250805/2025-kookmin-contest/build/main/build/lib/main/__init__.py -> /home/helloosy/250805/2025-kookmin-contest/install/main/lib/python3.10/site-packages/main
copying /home/helloosy/250805/2025-kookmin-contest/build/main/build/lib/main/main.py -> /home/helloosy/250805/2025-kookmin-contest/install/main/lib/python3.10/site-packages/main
byte-compiling /home/helloosy/250805/2025-kookmin-contest/install/main/lib/python3.10/site-packages/main/control.py to control.cpython-310.pyc
byte-compiling /home/helloosy/250805/2025-kookmin-contest/install/main/lib/python3.10/site-packages/main/__init__.py to __init__.cpython-310.pyc
byte-compiling /home/helloosy/250805/2025-kookmin-contest/install/main/lib/python3.10/site-packages/main/main.py to main.cpython-310.pyc
running install_data
creating /home/helloosy/250805/2025-kookmin-contest/install/main/share/ament_index/resource_index/packages
copying resource/main -> /home/helloosy/250805/2025-kookmin-contest/install/main/share/ament_index/resource_index/packages
copying package.xml -> /home/helloosy/250805/2025-kookmin-contest/install/main/share/main
creating /home/helloosy/250805/2025-kookmin-contest/install/main/share/main/launch
copying launch/module_drive.py -> /home/helloosy/250805/2025-kookmin-contest/install/main/share/main/launch
running install_egg_info
Copying ../../build/main/main.egg-info to /home/helloosy/250805/2025-kookmin-contest/install/main/lib/python3.10/site-packages/main-0.0.0-py3.10.egg-info
running install_scripts
Installing main_node script to /home/helloosy/250805/2025-kookmin-contest/install/main/lib/main
writing list of installed files to '/home/helloosy/250805/2025-kookmin-contest/build/main/install.log'
