-- The C compiler identification is GNU 11.4.0
-- The CXX compiler identification is GNU 11.4.0
-- Detecting C compiler ABI info
-- Detecting C compiler ABI info - done
-- Check for working C compiler: /usr/bin/cc - skipped
-- Detecting C compile features
-- Detecting C compile features - done
-- Detecting CXX compiler ABI info
-- Detecting CXX compiler ABI info - done
-- Check for working CXX compiler: /usr/bin/c++ - skipped
-- Detecting CXX compile features
-- Detecting CXX compile features - done
-- Found ament_cmake: 1.3.11 (/opt/ros/humble/share/ament_cmake/cmake)
-- Found Python3: /usr/bin/python3 (found version "3.10.12") found components: Interpreter 
-- Found rclcpp: 16.0.12 (/opt/ros/humble/share/rclcpp/cmake)
-- Found rosidl_generator_c: 3.1.6 (/opt/ros/humble/share/rosidl_generator_c/cmake)
-- Found rosidl_adapter: 3.1.6 (/opt/ros/humble/share/rosidl_adapter/cmake)
-- Found rosidl_generator_cpp: 3.1.6 (/opt/ros/humble/share/rosidl_generator_cpp/cmake)
-- Using all available rosidl_typesupport_c: rosidl_typesupport_fastrtps_c;rosidl_typesupport_introspection_c
-- Using all available rosidl_typesupport_cpp: rosidl_typesupport_fastrtps_cpp;rosidl_typesupport_introspection_cpp
-- Found rmw_implementation_cmake: 6.1.2 (/opt/ros/humble/share/rmw_implementation_cmake/cmake)
-- Found rmw_fastrtps_cpp: 6.2.7 (/opt/ros/humble/share/rmw_fastrtps_cpp/cmake)
-- Found OpenSSL: /usr/lib/x86_64-linux-gnu/libcrypto.so (found version "3.0.2")  
-- Found FastRTPS: /opt/ros/humble/include  
-- Using RMW implementation 'rmw_fastrtps_cpp' as default
-- Looking for pthread.h
-- Looking for pthread.h - found
-- Performing Test CMAKE_HAVE_LIBC_PTHREAD
-- Performing Test CMAKE_HAVE_LIBC_PTHREAD - Success
-- Found Threads: TRUE  
-- Found cv_bridge: 3.2.1 (/opt/ros/humble/share/cv_bridge/cmake)
-- Found OpenCV: /usr/local (found version "4.9.0") 
-- Found ament_lint_auto: 0.12.12 (/opt/ros/humble/share/ament_lint_auto/cmake)
-- Added test 'cppcheck' to perform static code analysis on C / C++ code
-- Configured cppcheck include dirs: $<BUILD_INTERFACE:/home/helloosy/250805/2025-kookmin-contest/function/sensors_viewer/include>
-- Configured cppcheck exclude dirs and/or files: 
-- Added test 'lint_cmake' to check CMake code style
-- Added test 'uncrustify' to check C / C++ code style
-- Configured uncrustify additional arguments: 
-- Added test 'xmllint' to check XML markup files
-- Configuring done
-- Generating done
-- Build files have been written to: /home/helloosy/250805/2025-kookmin-contest/build/sensors_viewer
[ 50%] [32mBuilding CXX object CMakeFiles/sensors_viewer.dir/src/sensors_viewer.cpp.o[0m
[100%] [32m[1mLinking CXX executable sensors_viewer[0m
[100%] Built target sensors_viewer
-- Install configuration: ""
-- Installing: /home/helloosy/250805/2025-kookmin-contest/install/sensors_viewer/lib/sensors_viewer/sensors_viewer
-- Set runtime path of "/home/helloosy/250805/2025-kookmin-contest/install/sensors_viewer/lib/sensors_viewer/sensors_viewer" to ""
-- Installing: /home/helloosy/250805/2025-kookmin-contest/install/sensors_viewer/share/ament_index/resource_index/package_run_dependencies/sensors_viewer
-- Installing: /home/helloosy/250805/2025-kookmin-contest/install/sensors_viewer/share/ament_index/resource_index/parent_prefix_path/sensors_viewer
-- Installing: /home/helloosy/250805/2025-kookmin-contest/install/sensors_viewer/share/sensors_viewer/environment/ament_prefix_path.sh
-- Installing: /home/helloosy/250805/2025-kookmin-contest/install/sensors_viewer/share/sensors_viewer/environment/ament_prefix_path.dsv
-- Installing: /home/helloosy/250805/2025-kookmin-contest/install/sensors_viewer/share/sensors_viewer/environment/path.sh
-- Installing: /home/helloosy/250805/2025-kookmin-contest/install/sensors_viewer/share/sensors_viewer/environment/path.dsv
-- Installing: /home/helloosy/250805/2025-kookmin-contest/install/sensors_viewer/share/sensors_viewer/local_setup.bash
-- Installing: /home/helloosy/250805/2025-kookmin-contest/install/sensors_viewer/share/sensors_viewer/local_setup.sh
-- Installing: /home/helloosy/250805/2025-kookmin-contest/install/sensors_viewer/share/sensors_viewer/local_setup.zsh
-- Installing: /home/helloosy/250805/2025-kookmin-contest/install/sensors_viewer/share/sensors_viewer/local_setup.dsv
-- Installing: /home/helloosy/250805/2025-kookmin-contest/install/sensors_viewer/share/sensors_viewer/package.dsv
-- Installing: /home/helloosy/250805/2025-kookmin-contest/install/sensors_viewer/share/ament_index/resource_index/packages/sensors_viewer
-- Installing: /home/helloosy/250805/2025-kookmin-contest/install/sensors_viewer/share/sensors_viewer/cmake/sensors_viewerConfig.cmake
-- Installing: /home/helloosy/250805/2025-kookmin-contest/install/sensors_viewer/share/sensors_viewer/cmake/sensors_viewerConfig-version.cmake
-- Installing: /home/helloosy/250805/2025-kookmin-contest/install/sensors_viewer/share/sensors_viewer/package.xml
