[0.033s] Invoking command in '/home/helloosy/250805/2025-kookmin-contest/build/sensors_viewer': CMAKE_PREFIX_PATH=${CMAKE_PREFIX_PATH}:/home/helloosy/hackathon_250712/install/usb_cam_250712:/home/helloosy/hackathon_250712/install/line_detection:/home/helloosy/ros2_ws/install/mjpeg_publisher:/home/helloosy/ros2_ws/install/apriltag_marker_publisher:/opt/ros/humble /usr/bin/cmake /home/helloosy/250805/2025-kookmin-contest/function/sensors_viewer -DCMAKE_INSTALL_PREFIX=/home/helloosy/250805/2025-kookmin-contest/install/sensors_viewer
[1.417s] -- The C compiler identification is GNU 11.4.0
[1.418s] -- The CXX compiler identification is GNU 11.4.0
[1.419s] -- Detecting C compiler ABI info
[1.503s] -- Detecting C compiler ABI info - done
[1.517s] -- Check for working C compiler: /usr/bin/cc - skipped
[1.517s] -- Detecting C compile features
[1.518s] -- Detecting C compile features - done
[1.525s] -- Detecting CXX compiler ABI info
[1.834s] -- Detecting CXX compiler ABI info - done
[1.858s] -- Check for working CXX compiler: /usr/bin/c++ - skipped
[1.858s] -- Detecting CXX compile features
[1.858s] -- Detecting CXX compile features - done
[1.864s] -- Found ament_cmake: 1.3.11 (/opt/ros/humble/share/ament_cmake/cmake)
[3.230s] -- Found Python3: /usr/bin/python3 (found version "3.10.12") found components: Interpreter 
[3.570s] -- Found rclcpp: 16.0.12 (/opt/ros/humble/share/rclcpp/cmake)
[4.126s] -- Found rosidl_generator_c: 3.1.6 (/opt/ros/humble/share/rosidl_generator_c/cmake)
[4.137s] -- Found rosidl_adapter: 3.1.6 (/opt/ros/humble/share/rosidl_adapter/cmake)
[4.162s] -- Found rosidl_generator_cpp: 3.1.6 (/opt/ros/humble/share/rosidl_generator_cpp/cmake)
[4.196s] -- Using all available rosidl_typesupport_c: rosidl_typesupport_fastrtps_c;rosidl_typesupport_introspection_c
[4.238s] -- Using all available rosidl_typesupport_cpp: rosidl_typesupport_fastrtps_cpp;rosidl_typesupport_introspection_cpp
[4.337s] -- Found rmw_implementation_cmake: 6.1.2 (/opt/ros/humble/share/rmw_implementation_cmake/cmake)
[4.344s] -- Found rmw_fastrtps_cpp: 6.2.7 (/opt/ros/humble/share/rmw_fastrtps_cpp/cmake)
[6.109s] -- Found OpenSSL: /usr/lib/x86_64-linux-gnu/libcrypto.so (found version "3.0.2")  
[8.104s] -- Found FastRTPS: /opt/ros/humble/include  
[13.351s] -- Using RMW implementation 'rmw_fastrtps_cpp' as default
[13.395s] -- Looking for pthread.h
[13.684s] -- Looking for pthread.h - found
[13.685s] -- Performing Test CMAKE_HAVE_LIBC_PTHREAD
[14.345s] -- Performing Test CMAKE_HAVE_LIBC_PTHREAD - Success
[14.347s] -- Found Threads: TRUE  
[14.465s] -- Found cv_bridge: 3.2.1 (/opt/ros/humble/share/cv_bridge/cmake)
[14.581s] -- Found OpenCV: /usr/local (found version "4.9.0") 
[14.588s] -- Found ament_lint_auto: 0.12.12 (/opt/ros/humble/share/ament_lint_auto/cmake)
[14.772s] -- Added test 'cppcheck' to perform static code analysis on C / C++ code
[14.773s] -- Configured cppcheck include dirs: $<BUILD_INTERFACE:/home/helloosy/250805/2025-kookmin-contest/function/sensors_viewer/include>
[14.773s] -- Configured cppcheck exclude dirs and/or files: 
[14.782s] -- Added test 'lint_cmake' to check CMake code style
[14.782s] -- Added test 'uncrustify' to check C / C++ code style
[14.782s] -- Configured uncrustify additional arguments: 
[14.784s] -- Added test 'xmllint' to check XML markup files
[14.788s] -- Configuring done
[14.836s] -- Generating done
[14.853s] -- Build files have been written to: /home/helloosy/250805/2025-kookmin-contest/build/sensors_viewer
[14.873s] Invoked command in '/home/helloosy/250805/2025-kookmin-contest/build/sensors_viewer' returned '0': CMAKE_PREFIX_PATH=${CMAKE_PREFIX_PATH}:/home/helloosy/hackathon_250712/install/usb_cam_250712:/home/helloosy/hackathon_250712/install/line_detection:/home/helloosy/ros2_ws/install/mjpeg_publisher:/home/helloosy/ros2_ws/install/apriltag_marker_publisher:/opt/ros/humble /usr/bin/cmake /home/helloosy/250805/2025-kookmin-contest/function/sensors_viewer -DCMAKE_INSTALL_PREFIX=/home/helloosy/250805/2025-kookmin-contest/install/sensors_viewer
[14.875s] Invoking command in '/home/helloosy/250805/2025-kookmin-contest/build/sensors_viewer': CMAKE_PREFIX_PATH=${CMAKE_PREFIX_PATH}:/home/helloosy/hackathon_250712/install/usb_cam_250712:/home/helloosy/hackathon_250712/install/line_detection:/home/helloosy/ros2_ws/install/mjpeg_publisher:/home/helloosy/ros2_ws/install/apriltag_marker_publisher:/opt/ros/humble /usr/bin/cmake --build /home/helloosy/250805/2025-kookmin-contest/build/sensors_viewer -- -j8 -l8
[15.000s] [ 50%] [32mBuilding CXX object CMakeFiles/sensors_viewer.dir/src/sensors_viewer.cpp.o[0m
[42.785s] [100%] [32m[1mLinking CXX executable sensors_viewer[0m
[43.264s] /usr/bin/ld: warning: libopencv_imgproc.so.4.5d, needed by /opt/ros/humble/lib/libcv_bridge.so, may conflict with libopencv_imgproc.so.409
[43.265s] /usr/bin/ld: warning: libopencv_core.so.4.5d, needed by /opt/ros/humble/lib/libcv_bridge.so, may conflict with libopencv_core.so.409
[44.227s] [100%] Built target sensors_viewer
[44.240s] Invoked command in '/home/helloosy/250805/2025-kookmin-contest/build/sensors_viewer' returned '0': CMAKE_PREFIX_PATH=${CMAKE_PREFIX_PATH}:/home/helloosy/hackathon_250712/install/usb_cam_250712:/home/helloosy/hackathon_250712/install/line_detection:/home/helloosy/ros2_ws/install/mjpeg_publisher:/home/helloosy/ros2_ws/install/apriltag_marker_publisher:/opt/ros/humble /usr/bin/cmake --build /home/helloosy/250805/2025-kookmin-contest/build/sensors_viewer -- -j8 -l8
[44.243s] Invoking command in '/home/helloosy/250805/2025-kookmin-contest/build/sensors_viewer': CMAKE_PREFIX_PATH=${CMAKE_PREFIX_PATH}:/home/helloosy/hackathon_250712/install/usb_cam_250712:/home/helloosy/hackathon_250712/install/line_detection:/home/helloosy/ros2_ws/install/mjpeg_publisher:/home/helloosy/ros2_ws/install/apriltag_marker_publisher:/opt/ros/humble /usr/bin/cmake --install /home/helloosy/250805/2025-kookmin-contest/build/sensors_viewer
[44.250s] -- Install configuration: ""
[44.251s] -- Installing: /home/helloosy/250805/2025-kookmin-contest/install/sensors_viewer/lib/sensors_viewer/sensors_viewer
[44.256s] -- Set runtime path of "/home/helloosy/250805/2025-kookmin-contest/install/sensors_viewer/lib/sensors_viewer/sensors_viewer" to ""
[44.256s] -- Installing: /home/helloosy/250805/2025-kookmin-contest/install/sensors_viewer/share/ament_index/resource_index/package_run_dependencies/sensors_viewer
[44.257s] -- Installing: /home/helloosy/250805/2025-kookmin-contest/install/sensors_viewer/share/ament_index/resource_index/parent_prefix_path/sensors_viewer
[44.258s] -- Installing: /home/helloosy/250805/2025-kookmin-contest/install/sensors_viewer/share/sensors_viewer/environment/ament_prefix_path.sh
[44.259s] -- Installing: /home/helloosy/250805/2025-kookmin-contest/install/sensors_viewer/share/sensors_viewer/environment/ament_prefix_path.dsv
[44.259s] -- Installing: /home/helloosy/250805/2025-kookmin-contest/install/sensors_viewer/share/sensors_viewer/environment/path.sh
[44.259s] -- Installing: /home/helloosy/250805/2025-kookmin-contest/install/sensors_viewer/share/sensors_viewer/environment/path.dsv
[44.259s] -- Installing: /home/helloosy/250805/2025-kookmin-contest/install/sensors_viewer/share/sensors_viewer/local_setup.bash
[44.260s] -- Installing: /home/helloosy/250805/2025-kookmin-contest/install/sensors_viewer/share/sensors_viewer/local_setup.sh
[44.260s] -- Installing: /home/helloosy/250805/2025-kookmin-contest/install/sensors_viewer/share/sensors_viewer/local_setup.zsh
[44.260s] -- Installing: /home/helloosy/250805/2025-kookmin-contest/install/sensors_viewer/share/sensors_viewer/local_setup.dsv
[44.261s] -- Installing: /home/helloosy/250805/2025-kookmin-contest/install/sensors_viewer/share/sensors_viewer/package.dsv
[44.262s] -- Installing: /home/helloosy/250805/2025-kookmin-contest/install/sensors_viewer/share/ament_index/resource_index/packages/sensors_viewer
[44.262s] -- Installing: /home/helloosy/250805/2025-kookmin-contest/install/sensors_viewer/share/sensors_viewer/cmake/sensors_viewerConfig.cmake
[44.262s] -- Installing: /home/helloosy/250805/2025-kookmin-contest/install/sensors_viewer/share/sensors_viewer/cmake/sensors_viewerConfig-version.cmake
[44.263s] -- Installing: /home/helloosy/250805/2025-kookmin-contest/install/sensors_viewer/share/sensors_viewer/package.xml
[44.267s] Invoked command in '/home/helloosy/250805/2025-kookmin-contest/build/sensors_viewer' returned '0': CMAKE_PREFIX_PATH=${CMAKE_PREFIX_PATH}:/home/helloosy/hackathon_250712/install/usb_cam_250712:/home/helloosy/hackathon_250712/install/line_detection:/home/helloosy/ros2_ws/install/mjpeg_publisher:/home/helloosy/ros2_ws/install/apriltag_marker_publisher:/opt/ros/humble /usr/bin/cmake --install /home/helloosy/250805/2025-kookmin-contest/build/sensors_viewer
