[0.076s] Invoking command in '/home/helloosy/250805/2025-kookmin-contest/build/image_resize': CMAKE_PREFIX_PATH=${CMAKE_PREFIX_PATH}:/home/helloosy/hackathon_250712/install/usb_cam_250712:/home/helloosy/hackathon_250712/install/line_detection:/home/helloosy/ros2_ws/install/mjpeg_publisher:/home/helloosy/ros2_ws/install/apriltag_marker_publisher:/opt/ros/humble /usr/bin/cmake /home/helloosy/250805/2025-kookmin-contest/modular/image_resize -DCMAKE_INSTALL_PREFIX=/home/helloosy/250805/2025-kookmin-contest/install/image_resize
[0.780s] -- The C compiler identification is GNU 11.4.0
[0.836s] -- The CXX compiler identification is GNU 11.4.0
[1.196s] -- Detecting C compiler ABI info
[1.492s] -- Detecting C compiler ABI info - done
[1.500s] -- Check for working C compiler: /usr/bin/cc - skipped
[1.500s] -- Detecting C compile features
[1.501s] -- Detecting C compile features - done
[1.507s] -- Detecting CXX compiler ABI info
[1.916s] -- Detecting CXX compiler ABI info - done
[1.931s] -- Check for working CXX compiler: /usr/bin/c++ - skipped
[1.932s] -- Detecting CXX compile features
[1.933s] -- Detecting CXX compile features - done
[1.942s] -- Found ament_cmake: 1.3.11 (/opt/ros/humble/share/ament_cmake/cmake)
[2.994s] -- Found Python3: /usr/bin/python3 (found version "3.10.12") found components: Interpreter 
[3.203s] -- Found rclcpp: 16.0.12 (/opt/ros/humble/share/rclcpp/cmake)
[3.409s] -- Found rosidl_generator_c: 3.1.6 (/opt/ros/humble/share/rosidl_generator_c/cmake)
[3.417s] -- Found rosidl_adapter: 3.1.6 (/opt/ros/humble/share/rosidl_adapter/cmake)
[3.437s] -- Found rosidl_generator_cpp: 3.1.6 (/opt/ros/humble/share/rosidl_generator_cpp/cmake)
[3.461s] -- Using all available rosidl_typesupport_c: rosidl_typesupport_fastrtps_c;rosidl_typesupport_introspection_c
[3.489s] -- Using all available rosidl_typesupport_cpp: rosidl_typesupport_fastrtps_cpp;rosidl_typesupport_introspection_cpp
[3.574s] -- Found rmw_implementation_cmake: 6.1.2 (/opt/ros/humble/share/rmw_implementation_cmake/cmake)
[3.580s] -- Found rmw_fastrtps_cpp: 6.2.7 (/opt/ros/humble/share/rmw_fastrtps_cpp/cmake)
[4.506s] -- Found OpenSSL: /usr/lib/x86_64-linux-gnu/libcrypto.so (found version "3.0.2")  
[5.392s] -- Found FastRTPS: /opt/ros/humble/include  
[8.520s] -- Using RMW implementation 'rmw_fastrtps_cpp' as default
[8.528s] -- Looking for pthread.h
[8.785s] -- Looking for pthread.h - found
[8.786s] -- Performing Test CMAKE_HAVE_LIBC_PTHREAD
[9.060s] -- Performing Test CMAKE_HAVE_LIBC_PTHREAD - Success
[9.060s] -- Found Threads: TRUE  
[9.167s] -- Found sensor_msgs: 4.9.0 (/opt/ros/humble/share/sensor_msgs/cmake)
[9.239s] -- Found cv_bridge: 3.2.1 (/opt/ros/humble/share/cv_bridge/cmake)
[9.272s] -- Found OpenCV: /usr (found version "4.5.4") 
[9.281s] -- Found ament_lint_auto: 0.12.12 (/opt/ros/humble/share/ament_lint_auto/cmake)
[9.472s] -- Added test 'cppcheck' to perform static code analysis on C / C++ code
[9.474s] -- Configured cppcheck include dirs: $<BUILD_INTERFACE:/home/helloosy/250805/2025-kookmin-contest/modular/image_resize/include>
[9.475s] -- Configured cppcheck exclude dirs and/or files: 
[9.475s] -- Added test 'lint_cmake' to check CMake code style
[9.479s] -- Added test 'uncrustify' to check C / C++ code style
[9.479s] -- Configured uncrustify additional arguments: 
[9.480s] -- Added test 'xmllint' to check XML markup files
[9.485s] -- Configuring done
[9.528s] -- Generating done
[9.541s] -- Build files have been written to: /home/helloosy/250805/2025-kookmin-contest/build/image_resize
[9.567s] Invoked command in '/home/helloosy/250805/2025-kookmin-contest/build/image_resize' returned '0': CMAKE_PREFIX_PATH=${CMAKE_PREFIX_PATH}:/home/helloosy/hackathon_250712/install/usb_cam_250712:/home/helloosy/hackathon_250712/install/line_detection:/home/helloosy/ros2_ws/install/mjpeg_publisher:/home/helloosy/ros2_ws/install/apriltag_marker_publisher:/opt/ros/humble /usr/bin/cmake /home/helloosy/250805/2025-kookmin-contest/modular/image_resize -DCMAKE_INSTALL_PREFIX=/home/helloosy/250805/2025-kookmin-contest/install/image_resize
[9.574s] Invoking command in '/home/helloosy/250805/2025-kookmin-contest/build/image_resize': CMAKE_PREFIX_PATH=${CMAKE_PREFIX_PATH}:/home/helloosy/hackathon_250712/install/usb_cam_250712:/home/helloosy/hackathon_250712/install/line_detection:/home/helloosy/ros2_ws/install/mjpeg_publisher:/home/helloosy/ros2_ws/install/apriltag_marker_publisher:/opt/ros/humble /usr/bin/cmake --build /home/helloosy/250805/2025-kookmin-contest/build/image_resize -- -j8 -l8
[9.765s] [ 50%] [32mBuilding CXX object CMakeFiles/resize_node.dir/src/resize.cpp.o[0m
[36.659s] [100%] [32m[1mLinking CXX executable resize_node[0m
[40.010s] [100%] Built target resize_node
[40.030s] Invoked command in '/home/helloosy/250805/2025-kookmin-contest/build/image_resize' returned '0': CMAKE_PREFIX_PATH=${CMAKE_PREFIX_PATH}:/home/helloosy/hackathon_250712/install/usb_cam_250712:/home/helloosy/hackathon_250712/install/line_detection:/home/helloosy/ros2_ws/install/mjpeg_publisher:/home/helloosy/ros2_ws/install/apriltag_marker_publisher:/opt/ros/humble /usr/bin/cmake --build /home/helloosy/250805/2025-kookmin-contest/build/image_resize -- -j8 -l8
[40.034s] Invoking command in '/home/helloosy/250805/2025-kookmin-contest/build/image_resize': CMAKE_PREFIX_PATH=${CMAKE_PREFIX_PATH}:/home/helloosy/hackathon_250712/install/usb_cam_250712:/home/helloosy/hackathon_250712/install/line_detection:/home/helloosy/ros2_ws/install/mjpeg_publisher:/home/helloosy/ros2_ws/install/apriltag_marker_publisher:/opt/ros/humble /usr/bin/cmake --install /home/helloosy/250805/2025-kookmin-contest/build/image_resize
[40.048s] -- Install configuration: ""
[40.050s] -- Installing: /home/helloosy/250805/2025-kookmin-contest/install/image_resize/lib/image_resize/resize_node
[40.058s] -- Set runtime path of "/home/helloosy/250805/2025-kookmin-contest/install/image_resize/lib/image_resize/resize_node" to ""
[40.059s] -- Installing: /home/helloosy/250805/2025-kookmin-contest/install/image_resize/share/ament_index/resource_index/package_run_dependencies/image_resize
[40.061s] -- Installing: /home/helloosy/250805/2025-kookmin-contest/install/image_resize/share/ament_index/resource_index/parent_prefix_path/image_resize
[40.063s] -- Installing: /home/helloosy/250805/2025-kookmin-contest/install/image_resize/share/image_resize/environment/ament_prefix_path.sh
[40.066s] -- Installing: /home/helloosy/250805/2025-kookmin-contest/install/image_resize/share/image_resize/environment/ament_prefix_path.dsv
[40.066s] -- Installing: /home/helloosy/250805/2025-kookmin-contest/install/image_resize/share/image_resize/environment/path.sh
[40.067s] -- Installing: /home/helloosy/250805/2025-kookmin-contest/install/image_resize/share/image_resize/environment/path.dsv
[40.067s] -- Installing: /home/helloosy/250805/2025-kookmin-contest/install/image_resize/share/image_resize/local_setup.bash
[40.067s] -- Installing: /home/helloosy/250805/2025-kookmin-contest/install/image_resize/share/image_resize/local_setup.sh
[40.067s] -- Installing: /home/helloosy/250805/2025-kookmin-contest/install/image_resize/share/image_resize/local_setup.zsh
[40.067s] -- Installing: /home/helloosy/250805/2025-kookmin-contest/install/image_resize/share/image_resize/local_setup.dsv
[40.072s] -- Installing: /home/helloosy/250805/2025-kookmin-contest/install/image_resize/share/image_resize/package.dsv
[40.072s] -- Installing: /home/helloosy/250805/2025-kookmin-contest/install/image_resize/share/ament_index/resource_index/packages/image_resize
[40.072s] -- Installing: /home/helloosy/250805/2025-kookmin-contest/install/image_resize/share/image_resize/cmake/image_resizeConfig.cmake
[40.072s] -- Installing: /home/helloosy/250805/2025-kookmin-contest/install/image_resize/share/image_resize/cmake/image_resizeConfig-version.cmake
[40.072s] -- Installing: /home/helloosy/250805/2025-kookmin-contest/install/image_resize/share/image_resize/package.xml
[40.074s] Invoked command in '/home/helloosy/250805/2025-kookmin-contest/build/image_resize' returned '0': CMAKE_PREFIX_PATH=${CMAKE_PREFIX_PATH}:/home/helloosy/hackathon_250712/install/usb_cam_250712:/home/helloosy/hackathon_250712/install/line_detection:/home/helloosy/ros2_ws/install/mjpeg_publisher:/home/helloosy/ros2_ws/install/apriltag_marker_publisher:/opt/ros/humble /usr/bin/cmake --install /home/helloosy/250805/2025-kookmin-contest/build/image_resize
