[35m[1mConsolidate compiler generated dependencies of target hsv_tuner_node[0m
[35m[1mConsolidate compiler generated dependencies of target lane_node[0m
[ 60%] [32mBuilding CXX object CMakeFiles/lane_node.dir/src/lane_detection.cpp.o[0m
[ 60%] Built target hsv_tuner_node
[ 80%] [32m[1mLinking CXX executable lane_node[0m
[100%] Built target lane_node
-- Install configuration: ""
-- Installing: /home/xytron/xycar_ws/src/orda/modular/lane_detection/install/lane_detection/lib/lane_detection/lane_node
-- Set runtime path of "/home/xytron/xycar_ws/src/orda/modular/lane_detection/install/lane_detection/lib/lane_detection/lane_node" to ""
-- Up-to-date: /home/xytron/xycar_ws/src/orda/modular/lane_detection/install/lane_detection/lib/lane_detection/hsv_tuner_node
-- Up-to-date: /home/xytron/xycar_ws/src/orda/modular/lane_detection/install/lane_detection/share/ament_index/resource_index/package_run_dependencies/lane_detection
-- Up-to-date: /home/xytron/xycar_ws/src/orda/modular/lane_detection/install/lane_detection/share/ament_index/resource_index/parent_prefix_path/lane_detection
-- Up-to-date: /home/xytron/xycar_ws/src/orda/modular/lane_detection/install/lane_detection/share/lane_detection/environment/ament_prefix_path.sh
-- Up-to-date: /home/xytron/xycar_ws/src/orda/modular/lane_detection/install/lane_detection/share/lane_detection/environment/ament_prefix_path.dsv
-- Up-to-date: /home/xytron/xycar_ws/src/orda/modular/lane_detection/install/lane_detection/share/lane_detection/environment/path.sh
-- Up-to-date: /home/xytron/xycar_ws/src/orda/modular/lane_detection/install/lane_detection/share/lane_detection/environment/path.dsv
-- Up-to-date: /home/xytron/xycar_ws/src/orda/modular/lane_detection/install/lane_detection/share/lane_detection/local_setup.bash
-- Up-to-date: /home/xytron/xycar_ws/src/orda/modular/lane_detection/install/lane_detection/share/lane_detection/local_setup.sh
-- Up-to-date: /home/xytron/xycar_ws/src/orda/modular/lane_detection/install/lane_detection/share/lane_detection/local_setup.zsh
-- Up-to-date: /home/xytron/xycar_ws/src/orda/modular/lane_detection/install/lane_detection/share/lane_detection/local_setup.dsv
-- Installing: /home/xytron/xycar_ws/src/orda/modular/lane_detection/install/lane_detection/share/lane_detection/package.dsv
-- Up-to-date: /home/xytron/xycar_ws/src/orda/modular/lane_detection/install/lane_detection/share/ament_index/resource_index/packages/lane_detection
-- Up-to-date: /home/xytron/xycar_ws/src/orda/modular/lane_detection/install/lane_detection/share/lane_detection/cmake/lane_detectionConfig.cmake
-- Up-to-date: /home/xytron/xycar_ws/src/orda/modular/lane_detection/install/lane_detection/share/lane_detection/cmake/lane_detectionConfig-version.cmake
-- Up-to-date: /home/xytron/xycar_ws/src/orda/modular/lane_detection/install/lane_detection/share/lane_detection/package.xml
