[0.013s] Invoking command in '/home/xytron/xycar_ws/src/orda/modular/lane_detection/build/lane_detection': CMAKE_PREFIX_PATH=${CMAKE_PREFIX_PATH}:/home/xytron/xycar_ws/install/yolo_ros:/home/xytron/xycar_ws/install/xycar_sim_parking:/home/xytron/xycar_ws/install/xycar_sim_driving:/home/xytron/xycar_ws/install/my_ultra:/home/xytron/xycar_ws/install/my_lidar:/home/xytron/xycar_ws/install/my_cam:/home/xytron/xycar_ws/install/manual_drive:/home/xytron/xycar_ws/install/main:/home/xytron/xycar_ws/install/xycar_motor:/home/xytron/xycar_ws/install/xycar_imu:/home/xytron/xycar_ws/install/xycar_cam:/home/xytron/xycar_ws/install/my_motor:/home/xytron/xycar_ws/install/my_imu:/home/xytron/xycar_ws/install/my_hough:/home/xytron/xycar_ws/install/app_ultra_viewer:/home/xytron/xycar_ws/install/app_turtlesim:/home/xytron/xycar_ws/install/app_sensor_drive:/home/xytron/xycar_ws/install/app_rule_drive_sim:/home/xytron/xycar_ws/install/app_pubsub:/home/xytron/xycar_ws/install/app_path_planning:/home/xytron/xycar_ws/install/app_hough_drive:/home/xytron/xycar_ws/install/app_cam_exposure:/home/xytron/xycar_ws/install/app_8_drive:/opt/ros/humble /usr/bin/cmake --build /home/xytron/xycar_ws/src/orda/modular/lane_detection/build/lane_detection -- -j16 -l16
[0.054s] [35m[1mConsolidate compiler generated dependencies of target hsv_tuner_node[0m
[0.054s] [35m[1mConsolidate compiler generated dependencies of target lane_node[0m
[0.073s] [ 60%] [32mBuilding CXX object CMakeFiles/lane_node.dir/src/lane_detection.cpp.o[0m
[0.073s] [ 60%] Built target hsv_tuner_node
[9.872s] [ 80%] [32m[1mLinking CXX executable lane_node[0m
[10.678s] [100%] Built target lane_node
[10.691s] Invoked command in '/home/xytron/xycar_ws/src/orda/modular/lane_detection/build/lane_detection' returned '0': CMAKE_PREFIX_PATH=${CMAKE_PREFIX_PATH}:/home/xytron/xycar_ws/install/yolo_ros:/home/xytron/xycar_ws/install/xycar_sim_parking:/home/xytron/xycar_ws/install/xycar_sim_driving:/home/xytron/xycar_ws/install/my_ultra:/home/xytron/xycar_ws/install/my_lidar:/home/xytron/xycar_ws/install/my_cam:/home/xytron/xycar_ws/install/manual_drive:/home/xytron/xycar_ws/install/main:/home/xytron/xycar_ws/install/xycar_motor:/home/xytron/xycar_ws/install/xycar_imu:/home/xytron/xycar_ws/install/xycar_cam:/home/xytron/xycar_ws/install/my_motor:/home/xytron/xycar_ws/install/my_imu:/home/xytron/xycar_ws/install/my_hough:/home/xytron/xycar_ws/install/app_ultra_viewer:/home/xytron/xycar_ws/install/app_turtlesim:/home/xytron/xycar_ws/install/app_sensor_drive:/home/xytron/xycar_ws/install/app_rule_drive_sim:/home/xytron/xycar_ws/install/app_pubsub:/home/xytron/xycar_ws/install/app_path_planning:/home/xytron/xycar_ws/install/app_hough_drive:/home/xytron/xycar_ws/install/app_cam_exposure:/home/xytron/xycar_ws/install/app_8_drive:/opt/ros/humble /usr/bin/cmake --build /home/xytron/xycar_ws/src/orda/modular/lane_detection/build/lane_detection -- -j16 -l16
[10.702s] Invoking command in '/home/xytron/xycar_ws/src/orda/modular/lane_detection/build/lane_detection': CMAKE_PREFIX_PATH=${CMAKE_PREFIX_PATH}:/home/xytron/xycar_ws/install/yolo_ros:/home/xytron/xycar_ws/install/xycar_sim_parking:/home/xytron/xycar_ws/install/xycar_sim_driving:/home/xytron/xycar_ws/install/my_ultra:/home/xytron/xycar_ws/install/my_lidar:/home/xytron/xycar_ws/install/my_cam:/home/xytron/xycar_ws/install/manual_drive:/home/xytron/xycar_ws/install/main:/home/xytron/xycar_ws/install/xycar_motor:/home/xytron/xycar_ws/install/xycar_imu:/home/xytron/xycar_ws/install/xycar_cam:/home/xytron/xycar_ws/install/my_motor:/home/xytron/xycar_ws/install/my_imu:/home/xytron/xycar_ws/install/my_hough:/home/xytron/xycar_ws/install/app_ultra_viewer:/home/xytron/xycar_ws/install/app_turtlesim:/home/xytron/xycar_ws/install/app_sensor_drive:/home/xytron/xycar_ws/install/app_rule_drive_sim:/home/xytron/xycar_ws/install/app_pubsub:/home/xytron/xycar_ws/install/app_path_planning:/home/xytron/xycar_ws/install/app_hough_drive:/home/xytron/xycar_ws/install/app_cam_exposure:/home/xytron/xycar_ws/install/app_8_drive:/opt/ros/humble /usr/bin/cmake --install /home/xytron/xycar_ws/src/orda/modular/lane_detection/build/lane_detection
[10.710s] -- Install configuration: ""
[10.710s] -- Installing: /home/xytron/xycar_ws/src/orda/modular/lane_detection/install/lane_detection/lib/lane_detection/lane_node
[10.717s] -- Set runtime path of "/home/xytron/xycar_ws/src/orda/modular/lane_detection/install/lane_detection/lib/lane_detection/lane_node" to ""
[10.717s] -- Up-to-date: /home/xytron/xycar_ws/src/orda/modular/lane_detection/install/lane_detection/lib/lane_detection/hsv_tuner_node
[10.717s] -- Up-to-date: /home/xytron/xycar_ws/src/orda/modular/lane_detection/install/lane_detection/share/ament_index/resource_index/package_run_dependencies/lane_detection
[10.717s] -- Up-to-date: /home/xytron/xycar_ws/src/orda/modular/lane_detection/install/lane_detection/share/ament_index/resource_index/parent_prefix_path/lane_detection
[10.717s] -- Up-to-date: /home/xytron/xycar_ws/src/orda/modular/lane_detection/install/lane_detection/share/lane_detection/environment/ament_prefix_path.sh
[10.718s] -- Up-to-date: /home/xytron/xycar_ws/src/orda/modular/lane_detection/install/lane_detection/share/lane_detection/environment/ament_prefix_path.dsv
[10.718s] -- Up-to-date: /home/xytron/xycar_ws/src/orda/modular/lane_detection/install/lane_detection/share/lane_detection/environment/path.sh
[10.718s] -- Up-to-date: /home/xytron/xycar_ws/src/orda/modular/lane_detection/install/lane_detection/share/lane_detection/environment/path.dsv
[10.718s] -- Up-to-date: /home/xytron/xycar_ws/src/orda/modular/lane_detection/install/lane_detection/share/lane_detection/local_setup.bash
[10.718s] -- Up-to-date: /home/xytron/xycar_ws/src/orda/modular/lane_detection/install/lane_detection/share/lane_detection/local_setup.sh
[10.718s] -- Up-to-date: /home/xytron/xycar_ws/src/orda/modular/lane_detection/install/lane_detection/share/lane_detection/local_setup.zsh
[10.718s] -- Up-to-date: /home/xytron/xycar_ws/src/orda/modular/lane_detection/install/lane_detection/share/lane_detection/local_setup.dsv
[10.718s] -- Installing: /home/xytron/xycar_ws/src/orda/modular/lane_detection/install/lane_detection/share/lane_detection/package.dsv
[10.719s] -- Up-to-date: /home/xytron/xycar_ws/src/orda/modular/lane_detection/install/lane_detection/share/ament_index/resource_index/packages/lane_detection
[10.719s] -- Up-to-date: /home/xytron/xycar_ws/src/orda/modular/lane_detection/install/lane_detection/share/lane_detection/cmake/lane_detectionConfig.cmake
[10.719s] -- Up-to-date: /home/xytron/xycar_ws/src/orda/modular/lane_detection/install/lane_detection/share/lane_detection/cmake/lane_detectionConfig-version.cmake
[10.719s] -- Up-to-date: /home/xytron/xycar_ws/src/orda/modular/lane_detection/install/lane_detection/share/lane_detection/package.xml
[10.721s] Invoked command in '/home/xytron/xycar_ws/src/orda/modular/lane_detection/build/lane_detection' returned '0': CMAKE_PREFIX_PATH=${CMAKE_PREFIX_PATH}:/home/xytron/xycar_ws/install/yolo_ros:/home/xytron/xycar_ws/install/xycar_sim_parking:/home/xytron/xycar_ws/install/xycar_sim_driving:/home/xytron/xycar_ws/install/my_ultra:/home/xytron/xycar_ws/install/my_lidar:/home/xytron/xycar_ws/install/my_cam:/home/xytron/xycar_ws/install/manual_drive:/home/xytron/xycar_ws/install/main:/home/xytron/xycar_ws/install/xycar_motor:/home/xytron/xycar_ws/install/xycar_imu:/home/xytron/xycar_ws/install/xycar_cam:/home/xytron/xycar_ws/install/my_motor:/home/xytron/xycar_ws/install/my_imu:/home/xytron/xycar_ws/install/my_hough:/home/xytron/xycar_ws/install/app_ultra_viewer:/home/xytron/xycar_ws/install/app_turtlesim:/home/xytron/xycar_ws/install/app_sensor_drive:/home/xytron/xycar_ws/install/app_rule_drive_sim:/home/xytron/xycar_ws/install/app_pubsub:/home/xytron/xycar_ws/install/app_path_planning:/home/xytron/xycar_ws/install/app_hough_drive:/home/xytron/xycar_ws/install/app_cam_exposure:/home/xytron/xycar_ws/install/app_8_drive:/opt/ros/humble /usr/bin/cmake --install /home/xytron/xycar_ws/src/orda/modular/lane_detection/build/lane_detection
