-- The C compiler identification is GNU 11.4.0
-- The CXX compiler identification is GNU 11.4.0
-- Detecting C compiler ABI info
-- Detecting C compiler ABI info - done
-- Check for working C compiler: /usr/bin/cc - skipped
-- Detecting C compile features
-- Detecting C compile features - done
-- Detecting CXX compiler ABI info
-- Detecting CXX compiler ABI info - done
-- Check for working CXX compiler: /usr/bin/c++ - skipped
-- Detecting CXX compile features
-- Detecting CXX compile features - done
-- Found ament_cmake: 1.3.11 (/opt/ros/humble/share/ament_cmake/cmake)
-- Found Python3: /usr/bin/python3 (found version "3.10.12") found components: Interpreter 
-- Found rclcpp: 16.0.12 (/opt/ros/humble/share/rclcpp/cmake)
-- Found rosidl_generator_c: 3.1.6 (/opt/ros/humble/share/rosidl_generator_c/cmake)
-- Found rosidl_adapter: 3.1.6 (/opt/ros/humble/share/rosidl_adapter/cmake)
-- Found rosidl_generator_cpp: 3.1.6 (/opt/ros/humble/share/rosidl_generator_cpp/cmake)
-- Using all available rosidl_typesupport_c: rosidl_typesupport_fastrtps_c;rosidl_typesupport_introspection_c
-- Using all available rosidl_typesupport_cpp: rosidl_typesupport_fastrtps_cpp;rosidl_typesupport_introspection_cpp
-- Found rmw_implementation_cmake: 6.1.2 (/opt/ros/humble/share/rmw_implementation_cmake/cmake)
-- Found rmw_fastrtps_cpp: 6.2.7 (/opt/ros/humble/share/rmw_fastrtps_cpp/cmake)
-- Found OpenSSL: /usr/lib/x86_64-linux-gnu/libcrypto.so (found version "3.0.2")  
-- Found FastRTPS: /opt/ros/humble/include  
-- Using RMW implementation 'rmw_fastrtps_cpp' as default
-- Looking for pthread.h
-- Looking for pthread.h - found
-- Performing Test CMAKE_HAVE_LIBC_PTHREAD
-- Performing Test CMAKE_HAVE_LIBC_PTHREAD - Success
-- Found Threads: TRUE  
-- Found sensor_msgs: 4.9.0 (/opt/ros/humble/share/sensor_msgs/cmake)
-- Found OpenCV: /usr/local (found version "4.9.0") 
-- Found cv_bridge: 3.2.1 (/opt/ros/humble/share/cv_bridge/cmake)
-- Configuring done
-- Generating done
-- Build files have been written to: /home/helloosy/250805/2025-kookmin-contest/build/object_detection
[ 50%] [32mBuilding CXX object CMakeFiles/object_node.dir/src/object_detection.cpp.o[0m
[01m[K/home/helloosy/250805/2025-kookmin-contest/modular/object_detection/src/object_detection.cpp:[m[K In member function ‘[01m[Kvoid ObjectDetectionNode::onTimer()[m[K’:
[01m[K/home/helloosy/250805/2025-kookmin-contest/modular/object_detection/src/object_detection.cpp:190:12:[m[K [01;35m[Kwarning: [m[Kvariable ‘[01m[Kok[m[K’ set but not used [[01;35m[K]8;;https://gcc.gnu.org/onlinedocs/gcc/Warning-Options.html#index-Wunused-but-set-variable-Wunused-but-set-variable]8;;[m[K]
  190 |       bool [01;35m[Kok[m[K;
      |            [01;35m[K^~[m[K
[100%] [32m[1mLinking CXX executable object_node[0m
/usr/bin/ld: warning: libopencv_imgproc.so.4.5d, needed by /opt/ros/humble/lib/libcv_bridge.so, may conflict with libopencv_imgproc.so.409
/usr/bin/ld: warning: libopencv_core.so.4.5d, needed by /opt/ros/humble/lib/libcv_bridge.so, may conflict with libopencv_core.so.409
[100%] Built target object_node
-- Install configuration: ""
-- Installing: /home/helloosy/250805/2025-kookmin-contest/install/object_detection/lib/object_detection/object_node
-- Set runtime path of "/home/helloosy/250805/2025-kookmin-contest/install/object_detection/lib/object_detection/object_node" to ""
-- Installing: /home/helloosy/250805/2025-kookmin-contest/install/object_detection/share/ament_index/resource_index/package_run_dependencies/object_detection
-- Installing: /home/helloosy/250805/2025-kookmin-contest/install/object_detection/share/ament_index/resource_index/parent_prefix_path/object_detection
-- Installing: /home/helloosy/250805/2025-kookmin-contest/install/object_detection/share/object_detection/environment/ament_prefix_path.sh
-- Installing: /home/helloosy/250805/2025-kookmin-contest/install/object_detection/share/object_detection/environment/ament_prefix_path.dsv
-- Installing: /home/helloosy/250805/2025-kookmin-contest/install/object_detection/share/object_detection/environment/path.sh
-- Installing: /home/helloosy/250805/2025-kookmin-contest/install/object_detection/share/object_detection/environment/path.dsv
-- Installing: /home/helloosy/250805/2025-kookmin-contest/install/object_detection/share/object_detection/local_setup.bash
-- Installing: /home/helloosy/250805/2025-kookmin-contest/install/object_detection/share/object_detection/local_setup.sh
-- Installing: /home/helloosy/250805/2025-kookmin-contest/install/object_detection/share/object_detection/local_setup.zsh
-- Installing: /home/helloosy/250805/2025-kookmin-contest/install/object_detection/share/object_detection/local_setup.dsv
-- Installing: /home/helloosy/250805/2025-kookmin-contest/install/object_detection/share/object_detection/package.dsv
-- Installing: /home/helloosy/250805/2025-kookmin-contest/install/object_detection/share/ament_index/resource_index/packages/object_detection
-- Installing: /home/helloosy/250805/2025-kookmin-contest/install/object_detection/share/object_detection/cmake/object_detectionConfig.cmake
-- Installing: /home/helloosy/250805/2025-kookmin-contest/install/object_detection/share/object_detection/cmake/object_detectionConfig-version.cmake
-- Installing: /home/helloosy/250805/2025-kookmin-contest/install/object_detection/share/object_detection/package.xml
