[0.032s] Invoking command in '/home/helloosy/250805/2025-kookmin-contest/build/traffic_light': CMAKE_PREFIX_PATH=${CMAKE_PREFIX_PATH}:/home/helloosy/hackathon_250712/install/usb_cam_250712:/home/helloosy/hackathon_250712/install/line_detection:/home/helloosy/ros2_ws/install/mjpeg_publisher:/home/helloosy/ros2_ws/install/apriltag_marker_publisher:/opt/ros/humble /usr/bin/cmake /home/helloosy/250805/2025-kookmin-contest/modular/traffic_light -DCMAKE_INSTALL_PREFIX=/home/helloosy/250805/2025-kookmin-contest/install/traffic_light
[1.412s] -- The C compiler identification is GNU 11.4.0
[1.412s] -- The CXX compiler identification is GNU 11.4.0
[1.412s] -- Detecting C compiler ABI info
[1.503s] -- Detecting C compiler ABI info - done
[1.516s] -- Check for working C compiler: /usr/bin/cc - skipped
[1.516s] -- Detecting C compile features
[1.516s] -- Detecting C compile features - done
[1.522s] -- Detecting CXX compiler ABI info
[1.846s] -- Detecting CXX compiler ABI info - done
[1.862s] -- Check for working CXX compiler: /usr/bin/c++ - skipped
[1.865s] -- Detecting CXX compile features
[1.867s] -- Detecting CXX compile features - done
[1.883s] -- Found ament_cmake: 1.3.11 (/opt/ros/humble/share/ament_cmake/cmake)
[3.404s] -- Found Python3: /usr/bin/python3 (found version "3.10.12") found components: Interpreter 
[3.726s] -- Found rclcpp: 16.0.12 (/opt/ros/humble/share/rclcpp/cmake)
[4.159s] -- Found rosidl_generator_c: 3.1.6 (/opt/ros/humble/share/rosidl_generator_c/cmake)
[4.170s] -- Found rosidl_adapter: 3.1.6 (/opt/ros/humble/share/rosidl_adapter/cmake)
[4.188s] -- Found rosidl_generator_cpp: 3.1.6 (/opt/ros/humble/share/rosidl_generator_cpp/cmake)
[4.218s] -- Using all available rosidl_typesupport_c: rosidl_typesupport_fastrtps_c;rosidl_typesupport_introspection_c
[4.258s] -- Using all available rosidl_typesupport_cpp: rosidl_typesupport_fastrtps_cpp;rosidl_typesupport_introspection_cpp
[4.401s] -- Found rmw_implementation_cmake: 6.1.2 (/opt/ros/humble/share/rmw_implementation_cmake/cmake)
[4.414s] -- Found rmw_fastrtps_cpp: 6.2.7 (/opt/ros/humble/share/rmw_fastrtps_cpp/cmake)
[6.119s] -- Found OpenSSL: /usr/lib/x86_64-linux-gnu/libcrypto.so (found version "3.0.2")  
[8.116s] -- Found FastRTPS: /opt/ros/humble/include  
[13.164s] -- Using RMW implementation 'rmw_fastrtps_cpp' as default
[13.190s] -- Looking for pthread.h
[13.567s] -- Looking for pthread.h - found
[13.568s] -- Performing Test CMAKE_HAVE_LIBC_PTHREAD
[13.933s] -- Performing Test CMAKE_HAVE_LIBC_PTHREAD - Success
[13.934s] -- Found Threads: TRUE  
[14.070s] -- Found sensor_msgs: 4.9.0 (/opt/ros/humble/share/sensor_msgs/cmake)
[14.177s] -- Found cv_bridge: 3.2.1 (/opt/ros/humble/share/cv_bridge/cmake)
[14.226s] -- Found OpenCV: /usr (found version "4.5.4") 
[14.248s] -- Found ament_lint_auto: 0.12.12 (/opt/ros/humble/share/ament_lint_auto/cmake)
[14.507s] -- Added test 'cppcheck' to perform static code analysis on C / C++ code
[14.515s] -- Configured cppcheck include dirs: $<BUILD_INTERFACE:/home/helloosy/250805/2025-kookmin-contest/modular/traffic_light/include>
[14.515s] -- Configured cppcheck exclude dirs and/or files: 
[14.515s] -- Added test 'lint_cmake' to check CMake code style
[14.516s] -- Added test 'uncrustify' to check C / C++ code style
[14.516s] -- Configured uncrustify additional arguments: 
[14.522s] -- Added test 'xmllint' to check XML markup files
[14.527s] -- Configuring done
[14.564s] -- Generating done
[14.586s] -- Build files have been written to: /home/helloosy/250805/2025-kookmin-contest/build/traffic_light
[14.614s] Invoked command in '/home/helloosy/250805/2025-kookmin-contest/build/traffic_light' returned '0': CMAKE_PREFIX_PATH=${CMAKE_PREFIX_PATH}:/home/helloosy/hackathon_250712/install/usb_cam_250712:/home/helloosy/hackathon_250712/install/line_detection:/home/helloosy/ros2_ws/install/mjpeg_publisher:/home/helloosy/ros2_ws/install/apriltag_marker_publisher:/opt/ros/humble /usr/bin/cmake /home/helloosy/250805/2025-kookmin-contest/modular/traffic_light -DCMAKE_INSTALL_PREFIX=/home/helloosy/250805/2025-kookmin-contest/install/traffic_light
[14.622s] Invoking command in '/home/helloosy/250805/2025-kookmin-contest/build/traffic_light': CMAKE_PREFIX_PATH=${CMAKE_PREFIX_PATH}:/home/helloosy/hackathon_250712/install/usb_cam_250712:/home/helloosy/hackathon_250712/install/line_detection:/home/helloosy/ros2_ws/install/mjpeg_publisher:/home/helloosy/ros2_ws/install/apriltag_marker_publisher:/opt/ros/humble /usr/bin/cmake --build /home/helloosy/250805/2025-kookmin-contest/build/traffic_light -- -j8 -l8
[14.706s] [ 50%] [32mBuilding CXX object CMakeFiles/traffic_node.dir/src/traffic_light.cpp.o[0m
[38.402s] [100%] [32m[1mLinking CXX executable traffic_node[0m
[40.323s] [100%] Built target traffic_node
[40.341s] Invoked command in '/home/helloosy/250805/2025-kookmin-contest/build/traffic_light' returned '0': CMAKE_PREFIX_PATH=${CMAKE_PREFIX_PATH}:/home/helloosy/hackathon_250712/install/usb_cam_250712:/home/helloosy/hackathon_250712/install/line_detection:/home/helloosy/ros2_ws/install/mjpeg_publisher:/home/helloosy/ros2_ws/install/apriltag_marker_publisher:/opt/ros/humble /usr/bin/cmake --build /home/helloosy/250805/2025-kookmin-contest/build/traffic_light -- -j8 -l8
[40.345s] Invoking command in '/home/helloosy/250805/2025-kookmin-contest/build/traffic_light': CMAKE_PREFIX_PATH=${CMAKE_PREFIX_PATH}:/home/helloosy/hackathon_250712/install/usb_cam_250712:/home/helloosy/hackathon_250712/install/line_detection:/home/helloosy/ros2_ws/install/mjpeg_publisher:/home/helloosy/ros2_ws/install/apriltag_marker_publisher:/opt/ros/humble /usr/bin/cmake --install /home/helloosy/250805/2025-kookmin-contest/build/traffic_light
[40.365s] -- Install configuration: ""
[40.367s] -- Installing: /home/helloosy/250805/2025-kookmin-contest/install/traffic_light/lib/traffic_light/traffic_node
[40.377s] -- Set runtime path of "/home/helloosy/250805/2025-kookmin-contest/install/traffic_light/lib/traffic_light/traffic_node" to ""
[40.380s] -- Installing: /home/helloosy/250805/2025-kookmin-contest/install/traffic_light/share/ament_index/resource_index/package_run_dependencies/traffic_light
[40.383s] -- Installing: /home/helloosy/250805/2025-kookmin-contest/install/traffic_light/share/ament_index/resource_index/parent_prefix_path/traffic_light
[40.385s] -- Installing: /home/helloosy/250805/2025-kookmin-contest/install/traffic_light/share/traffic_light/environment/ament_prefix_path.sh
[40.385s] -- Installing: /home/helloosy/250805/2025-kookmin-contest/install/traffic_light/share/traffic_light/environment/ament_prefix_path.dsv
[40.386s] -- Installing: /home/helloosy/250805/2025-kookmin-contest/install/traffic_light/share/traffic_light/environment/path.sh
[40.386s] -- Installing: /home/helloosy/250805/2025-kookmin-contest/install/traffic_light/share/traffic_light/environment/path.dsv
[40.387s] -- Installing: /home/helloosy/250805/2025-kookmin-contest/install/traffic_light/share/traffic_light/local_setup.bash
[40.387s] -- Installing: /home/helloosy/250805/2025-kookmin-contest/install/traffic_light/share/traffic_light/local_setup.sh
[40.387s] -- Installing: /home/helloosy/250805/2025-kookmin-contest/install/traffic_light/share/traffic_light/local_setup.zsh
[40.388s] -- Installing: /home/helloosy/250805/2025-kookmin-contest/install/traffic_light/share/traffic_light/local_setup.dsv
[40.389s] -- Installing: /home/helloosy/250805/2025-kookmin-contest/install/traffic_light/share/traffic_light/package.dsv
[40.390s] -- Installing: /home/helloosy/250805/2025-kookmin-contest/install/traffic_light/share/ament_index/resource_index/packages/traffic_light
[40.392s] -- Installing: /home/helloosy/250805/2025-kookmin-contest/install/traffic_light/share/traffic_light/cmake/traffic_lightConfig.cmake
[40.397s] -- Installing: /home/helloosy/250805/2025-kookmin-contest/install/traffic_light/share/traffic_light/cmake/traffic_lightConfig-version.cmake
[40.399s] -- Installing: /home/helloosy/250805/2025-kookmin-contest/install/traffic_light/share/traffic_light/package.xml
[40.406s] Invoked command in '/home/helloosy/250805/2025-kookmin-contest/build/traffic_light' returned '0': CMAKE_PREFIX_PATH=${CMAKE_PREFIX_PATH}:/home/helloosy/hackathon_250712/install/usb_cam_250712:/home/helloosy/hackathon_250712/install/line_detection:/home/helloosy/ros2_ws/install/mjpeg_publisher:/home/helloosy/ros2_ws/install/apriltag_marker_publisher:/opt/ros/humble /usr/bin/cmake --install /home/helloosy/250805/2025-kookmin-contest/build/traffic_light
