[0.092s] DEBUG:colcon:Command line arguments: ['/usr/bin/colcon', 'build']
[0.092s] DEBUG:colcon:Parsed command line arguments: Namespace(log_base=None, log_level=None, verb_name='build', build_base='build', install_base='install', merge_install=False, symlink_install=False, test_result_base=None, continue_on_error=False, executor='parallel', parallel_workers=16, event_handlers=None, ignore_user_meta=False, metas=['./colcon.meta'], base_paths=['.'], packages_ignore=None, packages_ignore_regex=None, paths=None, packages_up_to=None, packages_up_to_regex=None, packages_above=None, packages_above_and_dependencies=None, packages_above_depth=None, packages_select_by_dep=None, packages_skip_by_dep=None, packages_skip_up_to=None, packages_select_build_failed=False, packages_skip_build_finished=False, packages_select_test_failures=False, packages_skip_test_passed=False, packages_select=None, packages_skip=None, packages_select_regex=None, packages_skip_regex=None, packages_start=None, packages_end=None, allow_overriding=[], cmake_args=None, cmake_target=None, cmake_target_skip_unavailable=False, cmake_clean_cache=False, cmake_clean_first=False, cmake_force_configure=False, ament_cmake_args=None, catkin_cmake_args=None, catkin_skip_building_tests=False, mixin_files=None, mixin=None, verb_parser=<colcon_mixin.mixin.mixin_argument.MixinArgumentDecorator object at 0x767313f92080>, verb_extension=<colcon_core.verb.build.BuildVerb object at 0x767313f23880>, main=<bound method BuildVerb.main of <colcon_core.verb.build.BuildVerb object at 0x767313f23880>>, mixin_verb=('build',))
[0.266s] Level 1:colcon.colcon_core.package_discovery:discover_packages(colcon_meta) check parameters
[0.266s] Level 1:colcon.colcon_core.package_discovery:discover_packages(recursive) check parameters
[0.266s] Level 1:colcon.colcon_core.package_discovery:discover_packages(ignore) check parameters
[0.266s] Level 1:colcon.colcon_core.package_discovery:discover_packages(path) check parameters
[0.266s] Level 1:colcon.colcon_core.package_discovery:discover_packages(colcon_meta) discover
[0.266s] Level 1:colcon.colcon_core.package_discovery:discover_packages(recursive) discover
[0.266s] INFO:colcon.colcon_core.package_discovery:Crawling recursively for packages in '/home/xytron/xycar_ws/src/orda/modular/image_resize'
[0.266s] Level 1:colcon.colcon_core.package_identification:_identify(.) by extensions ['ignore', 'ignore_ament_install']
[0.267s] Level 1:colcon.colcon_core.package_identification:_identify(.) by extension 'ignore'
[0.267s] Level 1:colcon.colcon_core.package_identification:_identify(.) by extension 'ignore_ament_install'
[0.267s] Level 1:colcon.colcon_core.package_identification:_identify(.) by extensions ['colcon_pkg']
[0.267s] Level 1:colcon.colcon_core.package_identification:_identify(.) by extension 'colcon_pkg'
[0.267s] Level 1:colcon.colcon_core.package_identification:_identify(.) by extensions ['colcon_meta']
[0.267s] Level 1:colcon.colcon_core.package_identification:_identify(.) by extension 'colcon_meta'
[0.267s] Level 1:colcon.colcon_core.package_identification:_identify(.) by extensions ['ros']
[0.267s] Level 1:colcon.colcon_core.package_identification:_identify(.) by extension 'ros'
[0.276s] DEBUG:colcon.colcon_core.package_identification:Package '.' with type 'ros.ament_cmake' and name 'image_resize'
[0.276s] Level 1:colcon.colcon_core.package_discovery:discover_packages(recursive) using defaults
[0.276s] Level 1:colcon.colcon_core.package_discovery:discover_packages(ignore) discover
[0.276s] Level 1:colcon.colcon_core.package_discovery:discover_packages(ignore) using defaults
[0.276s] Level 1:colcon.colcon_core.package_discovery:discover_packages(path) discover
[0.276s] Level 1:colcon.colcon_core.package_discovery:discover_packages(path) using defaults
[0.291s] Level 1:colcon.colcon_core.package_discovery:discover_packages(prefix_path) check parameters
[0.291s] Level 1:colcon.colcon_core.package_discovery:discover_packages(prefix_path) discover
[0.294s] DEBUG:colcon.colcon_installed_package_information.package_discovery:Found 42 installed packages in /home/xytron/xycar_ws/install
[0.296s] DEBUG:colcon.colcon_installed_package_information.package_discovery:Found 295 installed packages in /opt/ros/humble
[0.297s] Level 1:colcon.colcon_core.package_discovery:discover_packages(prefix_path) using defaults
[0.325s] Level 5:colcon.colcon_core.verb:set package 'image_resize' build argument 'cmake_args' from command line to 'None'
[0.325s] Level 5:colcon.colcon_core.verb:set package 'image_resize' build argument 'cmake_target' from command line to 'None'
[0.325s] Level 5:colcon.colcon_core.verb:set package 'image_resize' build argument 'cmake_target_skip_unavailable' from command line to 'False'
[0.325s] Level 5:colcon.colcon_core.verb:set package 'image_resize' build argument 'cmake_clean_cache' from command line to 'False'
[0.325s] Level 5:colcon.colcon_core.verb:set package 'image_resize' build argument 'cmake_clean_first' from command line to 'False'
[0.325s] Level 5:colcon.colcon_core.verb:set package 'image_resize' build argument 'cmake_force_configure' from command line to 'False'
[0.325s] Level 5:colcon.colcon_core.verb:set package 'image_resize' build argument 'ament_cmake_args' from command line to 'None'
[0.325s] Level 5:colcon.colcon_core.verb:set package 'image_resize' build argument 'catkin_cmake_args' from command line to 'None'
[0.325s] Level 5:colcon.colcon_core.verb:set package 'image_resize' build argument 'catkin_skip_building_tests' from command line to 'False'
[0.325s] DEBUG:colcon.colcon_core.verb:Building package 'image_resize' with the following arguments: {'ament_cmake_args': None, 'build_base': '/home/xytron/xycar_ws/src/orda/modular/image_resize/build/image_resize', 'catkin_cmake_args': None, 'catkin_skip_building_tests': False, 'cmake_args': None, 'cmake_clean_cache': False, 'cmake_clean_first': False, 'cmake_force_configure': False, 'cmake_target': None, 'cmake_target_skip_unavailable': False, 'install_base': '/home/xytron/xycar_ws/src/orda/modular/image_resize/install/image_resize', 'merge_install': False, 'path': '/home/xytron/xycar_ws/src/orda/modular/image_resize', 'symlink_install': False, 'test_result_base': None}
[0.325s] INFO:colcon.colcon_core.executor:Executing jobs using 'parallel' executor
[0.326s] DEBUG:colcon.colcon_parallel_executor.executor.parallel:run_until_complete
[0.326s] INFO:colcon.colcon_ros.task.ament_cmake.build:Building ROS package in '/home/xytron/xycar_ws/src/orda/modular/image_resize' with build type 'ament_cmake'
[0.326s] INFO:colcon.colcon_cmake.task.cmake.build:Building CMake package in '/home/xytron/xycar_ws/src/orda/modular/image_resize'
[0.328s] INFO:colcon.colcon_core.plugin_system:Skipping extension 'colcon_core.shell.bat': Not used on non-Windows systems
[0.328s] INFO:colcon.colcon_core.shell:Skip shell extension 'powershell' for command environment: Not usable outside of PowerShell
[0.328s] DEBUG:colcon.colcon_core.shell:Skip shell extension 'dsv' for command environment
[0.338s] DEBUG:colcon.colcon_core.event_handler.log_command:Invoking command in '/home/xytron/xycar_ws/src/orda/modular/image_resize/build/image_resize': CMAKE_PREFIX_PATH=${CMAKE_PREFIX_PATH}:/home/xytron/xycar_ws/install/yolo_ros:/home/xytron/xycar_ws/install/xycar_sim_parking:/home/xytron/xycar_ws/install/xycar_sim_driving:/home/xytron/xycar_ws/install/my_ultra:/home/xytron/xycar_ws/install/my_lidar:/home/xytron/xycar_ws/install/my_cam:/home/xytron/xycar_ws/install/manual_drive:/home/xytron/xycar_ws/install/main:/home/xytron/xycar_ws/install/xycar_motor:/home/xytron/xycar_ws/install/xycar_imu:/home/xytron/xycar_ws/install/xycar_cam:/home/xytron/xycar_ws/install/my_motor:/home/xytron/xycar_ws/install/my_imu:/home/xytron/xycar_ws/install/my_hough:/home/xytron/xycar_ws/install/app_ultra_viewer:/home/xytron/xycar_ws/install/app_turtlesim:/home/xytron/xycar_ws/install/app_sensor_drive:/home/xytron/xycar_ws/install/app_rule_drive_sim:/home/xytron/xycar_ws/install/app_pubsub:/home/xytron/xycar_ws/install/app_path_planning:/home/xytron/xycar_ws/install/app_hough_drive:/home/xytron/xycar_ws/install/app_cam_exposure:/home/xytron/xycar_ws/install/app_8_drive:/opt/ros/humble /usr/bin/cmake /home/xytron/xycar_ws/src/orda/modular/image_resize -DCMAKE_INSTALL_PREFIX=/home/xytron/xycar_ws/src/orda/modular/image_resize/install/image_resize
[1.726s] DEBUG:colcon.colcon_core.event_handler.log_command:Invoked command in '/home/xytron/xycar_ws/src/orda/modular/image_resize/build/image_resize' returned '0': CMAKE_PREFIX_PATH=${CMAKE_PREFIX_PATH}:/home/xytron/xycar_ws/install/yolo_ros:/home/xytron/xycar_ws/install/xycar_sim_parking:/home/xytron/xycar_ws/install/xycar_sim_driving:/home/xytron/xycar_ws/install/my_ultra:/home/xytron/xycar_ws/install/my_lidar:/home/xytron/xycar_ws/install/my_cam:/home/xytron/xycar_ws/install/manual_drive:/home/xytron/xycar_ws/install/main:/home/xytron/xycar_ws/install/xycar_motor:/home/xytron/xycar_ws/install/xycar_imu:/home/xytron/xycar_ws/install/xycar_cam:/home/xytron/xycar_ws/install/my_motor:/home/xytron/xycar_ws/install/my_imu:/home/xytron/xycar_ws/install/my_hough:/home/xytron/xycar_ws/install/app_ultra_viewer:/home/xytron/xycar_ws/install/app_turtlesim:/home/xytron/xycar_ws/install/app_sensor_drive:/home/xytron/xycar_ws/install/app_rule_drive_sim:/home/xytron/xycar_ws/install/app_pubsub:/home/xytron/xycar_ws/install/app_path_planning:/home/xytron/xycar_ws/install/app_hough_drive:/home/xytron/xycar_ws/install/app_cam_exposure:/home/xytron/xycar_ws/install/app_8_drive:/opt/ros/humble /usr/bin/cmake /home/xytron/xycar_ws/src/orda/modular/image_resize -DCMAKE_INSTALL_PREFIX=/home/xytron/xycar_ws/src/orda/modular/image_resize/install/image_resize
[1.728s] DEBUG:colcon.colcon_core.event_handler.log_command:Invoking command in '/home/xytron/xycar_ws/src/orda/modular/image_resize/build/image_resize': CMAKE_PREFIX_PATH=${CMAKE_PREFIX_PATH}:/home/xytron/xycar_ws/install/yolo_ros:/home/xytron/xycar_ws/install/xycar_sim_parking:/home/xytron/xycar_ws/install/xycar_sim_driving:/home/xytron/xycar_ws/install/my_ultra:/home/xytron/xycar_ws/install/my_lidar:/home/xytron/xycar_ws/install/my_cam:/home/xytron/xycar_ws/install/manual_drive:/home/xytron/xycar_ws/install/main:/home/xytron/xycar_ws/install/xycar_motor:/home/xytron/xycar_ws/install/xycar_imu:/home/xytron/xycar_ws/install/xycar_cam:/home/xytron/xycar_ws/install/my_motor:/home/xytron/xycar_ws/install/my_imu:/home/xytron/xycar_ws/install/my_hough:/home/xytron/xycar_ws/install/app_ultra_viewer:/home/xytron/xycar_ws/install/app_turtlesim:/home/xytron/xycar_ws/install/app_sensor_drive:/home/xytron/xycar_ws/install/app_rule_drive_sim:/home/xytron/xycar_ws/install/app_pubsub:/home/xytron/xycar_ws/install/app_path_planning:/home/xytron/xycar_ws/install/app_hough_drive:/home/xytron/xycar_ws/install/app_cam_exposure:/home/xytron/xycar_ws/install/app_8_drive:/opt/ros/humble /usr/bin/cmake --build /home/xytron/xycar_ws/src/orda/modular/image_resize/build/image_resize -- -j16 -l16
[9.106s] DEBUG:colcon.colcon_core.event_handler.log_command:Invoked command in '/home/xytron/xycar_ws/src/orda/modular/image_resize/build/image_resize' returned '0': CMAKE_PREFIX_PATH=${CMAKE_PREFIX_PATH}:/home/xytron/xycar_ws/install/yolo_ros:/home/xytron/xycar_ws/install/xycar_sim_parking:/home/xytron/xycar_ws/install/xycar_sim_driving:/home/xytron/xycar_ws/install/my_ultra:/home/xytron/xycar_ws/install/my_lidar:/home/xytron/xycar_ws/install/my_cam:/home/xytron/xycar_ws/install/manual_drive:/home/xytron/xycar_ws/install/main:/home/xytron/xycar_ws/install/xycar_motor:/home/xytron/xycar_ws/install/xycar_imu:/home/xytron/xycar_ws/install/xycar_cam:/home/xytron/xycar_ws/install/my_motor:/home/xytron/xycar_ws/install/my_imu:/home/xytron/xycar_ws/install/my_hough:/home/xytron/xycar_ws/install/app_ultra_viewer:/home/xytron/xycar_ws/install/app_turtlesim:/home/xytron/xycar_ws/install/app_sensor_drive:/home/xytron/xycar_ws/install/app_rule_drive_sim:/home/xytron/xycar_ws/install/app_pubsub:/home/xytron/xycar_ws/install/app_path_planning:/home/xytron/xycar_ws/install/app_hough_drive:/home/xytron/xycar_ws/install/app_cam_exposure:/home/xytron/xycar_ws/install/app_8_drive:/opt/ros/humble /usr/bin/cmake --build /home/xytron/xycar_ws/src/orda/modular/image_resize/build/image_resize -- -j16 -l16
[9.115s] DEBUG:colcon.colcon_core.event_handler.log_command:Invoking command in '/home/xytron/xycar_ws/src/orda/modular/image_resize/build/image_resize': CMAKE_PREFIX_PATH=${CMAKE_PREFIX_PATH}:/home/xytron/xycar_ws/install/yolo_ros:/home/xytron/xycar_ws/install/xycar_sim_parking:/home/xytron/xycar_ws/install/xycar_sim_driving:/home/xytron/xycar_ws/install/my_ultra:/home/xytron/xycar_ws/install/my_lidar:/home/xytron/xycar_ws/install/my_cam:/home/xytron/xycar_ws/install/manual_drive:/home/xytron/xycar_ws/install/main:/home/xytron/xycar_ws/install/xycar_motor:/home/xytron/xycar_ws/install/xycar_imu:/home/xytron/xycar_ws/install/xycar_cam:/home/xytron/xycar_ws/install/my_motor:/home/xytron/xycar_ws/install/my_imu:/home/xytron/xycar_ws/install/my_hough:/home/xytron/xycar_ws/install/app_ultra_viewer:/home/xytron/xycar_ws/install/app_turtlesim:/home/xytron/xycar_ws/install/app_sensor_drive:/home/xytron/xycar_ws/install/app_rule_drive_sim:/home/xytron/xycar_ws/install/app_pubsub:/home/xytron/xycar_ws/install/app_path_planning:/home/xytron/xycar_ws/install/app_hough_drive:/home/xytron/xycar_ws/install/app_cam_exposure:/home/xytron/xycar_ws/install/app_8_drive:/opt/ros/humble /usr/bin/cmake --install /home/xytron/xycar_ws/src/orda/modular/image_resize/build/image_resize
[9.128s] Level 1:colcon.colcon_core.environment:create_environment_scripts_only(image_resize)
[9.129s] DEBUG:colcon.colcon_core.event_handler.log_command:Invoked command in '/home/xytron/xycar_ws/src/orda/modular/image_resize/build/image_resize' returned '0': CMAKE_PREFIX_PATH=${CMAKE_PREFIX_PATH}:/home/xytron/xycar_ws/install/yolo_ros:/home/xytron/xycar_ws/install/xycar_sim_parking:/home/xytron/xycar_ws/install/xycar_sim_driving:/home/xytron/xycar_ws/install/my_ultra:/home/xytron/xycar_ws/install/my_lidar:/home/xytron/xycar_ws/install/my_cam:/home/xytron/xycar_ws/install/manual_drive:/home/xytron/xycar_ws/install/main:/home/xytron/xycar_ws/install/xycar_motor:/home/xytron/xycar_ws/install/xycar_imu:/home/xytron/xycar_ws/install/xycar_cam:/home/xytron/xycar_ws/install/my_motor:/home/xytron/xycar_ws/install/my_imu:/home/xytron/xycar_ws/install/my_hough:/home/xytron/xycar_ws/install/app_ultra_viewer:/home/xytron/xycar_ws/install/app_turtlesim:/home/xytron/xycar_ws/install/app_sensor_drive:/home/xytron/xycar_ws/install/app_rule_drive_sim:/home/xytron/xycar_ws/install/app_pubsub:/home/xytron/xycar_ws/install/app_path_planning:/home/xytron/xycar_ws/install/app_hough_drive:/home/xytron/xycar_ws/install/app_cam_exposure:/home/xytron/xycar_ws/install/app_8_drive:/opt/ros/humble /usr/bin/cmake --install /home/xytron/xycar_ws/src/orda/modular/image_resize/build/image_resize
[9.131s] Level 1:colcon.colcon_core.environment:checking '/home/xytron/xycar_ws/src/orda/modular/image_resize/install/image_resize' for CMake module files
[9.131s] Level 1:colcon.colcon_core.environment:checking '/home/xytron/xycar_ws/src/orda/modular/image_resize/install/image_resize' for CMake config files
[9.131s] Level 1:colcon.colcon_core.shell:create_environment_hook('image_resize', 'cmake_prefix_path')
[9.131s] INFO:colcon.colcon_core.shell:Creating environment hook '/home/xytron/xycar_ws/src/orda/modular/image_resize/install/image_resize/share/image_resize/hook/cmake_prefix_path.ps1'
[9.132s] INFO:colcon.colcon_core.shell:Creating environment descriptor '/home/xytron/xycar_ws/src/orda/modular/image_resize/install/image_resize/share/image_resize/hook/cmake_prefix_path.dsv'
[9.132s] INFO:colcon.colcon_core.shell:Creating environment hook '/home/xytron/xycar_ws/src/orda/modular/image_resize/install/image_resize/share/image_resize/hook/cmake_prefix_path.sh'
[9.132s] Level 1:colcon.colcon_core.environment:checking '/home/xytron/xycar_ws/src/orda/modular/image_resize/install/image_resize/lib'
[9.133s] Level 1:colcon.colcon_core.environment:checking '/home/xytron/xycar_ws/src/orda/modular/image_resize/install/image_resize/bin'
[9.133s] Level 1:colcon.colcon_core.environment:checking '/home/xytron/xycar_ws/src/orda/modular/image_resize/install/image_resize/lib/pkgconfig/image_resize.pc'
[9.133s] Level 1:colcon.colcon_core.environment:checking '/home/xytron/xycar_ws/src/orda/modular/image_resize/install/image_resize/lib/python3.10/site-packages'
[9.133s] Level 1:colcon.colcon_core.environment:checking '/home/xytron/xycar_ws/src/orda/modular/image_resize/install/image_resize/bin'
[9.133s] INFO:colcon.colcon_core.shell:Creating package script '/home/xytron/xycar_ws/src/orda/modular/image_resize/install/image_resize/share/image_resize/package.ps1'
[9.134s] INFO:colcon.colcon_core.shell:Creating package descriptor '/home/xytron/xycar_ws/src/orda/modular/image_resize/install/image_resize/share/image_resize/package.dsv'
[9.134s] INFO:colcon.colcon_core.shell:Creating package script '/home/xytron/xycar_ws/src/orda/modular/image_resize/install/image_resize/share/image_resize/package.sh'
[9.134s] INFO:colcon.colcon_core.shell:Creating package script '/home/xytron/xycar_ws/src/orda/modular/image_resize/install/image_resize/share/image_resize/package.bash'
[9.135s] INFO:colcon.colcon_core.shell:Creating package script '/home/xytron/xycar_ws/src/orda/modular/image_resize/install/image_resize/share/image_resize/package.zsh'
[9.135s] Level 1:colcon.colcon_core.environment:create_file_with_runtime_dependencies(/home/xytron/xycar_ws/src/orda/modular/image_resize/install/image_resize/share/colcon-core/packages/image_resize)
[9.136s] Level 1:colcon.colcon_core.environment:create_environment_scripts_only(image_resize)
[9.136s] Level 1:colcon.colcon_core.environment:checking '/home/xytron/xycar_ws/src/orda/modular/image_resize/install/image_resize' for CMake module files
[9.136s] Level 1:colcon.colcon_core.environment:checking '/home/xytron/xycar_ws/src/orda/modular/image_resize/install/image_resize' for CMake config files
[9.136s] Level 1:colcon.colcon_core.shell:create_environment_hook('image_resize', 'cmake_prefix_path')
[9.136s] INFO:colcon.colcon_core.shell:Creating environment hook '/home/xytron/xycar_ws/src/orda/modular/image_resize/install/image_resize/share/image_resize/hook/cmake_prefix_path.ps1'
[9.137s] INFO:colcon.colcon_core.shell:Creating environment descriptor '/home/xytron/xycar_ws/src/orda/modular/image_resize/install/image_resize/share/image_resize/hook/cmake_prefix_path.dsv'
[9.137s] INFO:colcon.colcon_core.shell:Creating environment hook '/home/xytron/xycar_ws/src/orda/modular/image_resize/install/image_resize/share/image_resize/hook/cmake_prefix_path.sh'
[9.137s] Level 1:colcon.colcon_core.environment:checking '/home/xytron/xycar_ws/src/orda/modular/image_resize/install/image_resize/lib'
[9.137s] Level 1:colcon.colcon_core.environment:checking '/home/xytron/xycar_ws/src/orda/modular/image_resize/install/image_resize/bin'
[9.137s] Level 1:colcon.colcon_core.environment:checking '/home/xytron/xycar_ws/src/orda/modular/image_resize/install/image_resize/lib/pkgconfig/image_resize.pc'
[9.137s] Level 1:colcon.colcon_core.environment:checking '/home/xytron/xycar_ws/src/orda/modular/image_resize/install/image_resize/lib/python3.10/site-packages'
[9.137s] Level 1:colcon.colcon_core.environment:checking '/home/xytron/xycar_ws/src/orda/modular/image_resize/install/image_resize/bin'
[9.138s] INFO:colcon.colcon_core.shell:Creating package script '/home/xytron/xycar_ws/src/orda/modular/image_resize/install/image_resize/share/image_resize/package.ps1'
[9.138s] INFO:colcon.colcon_core.shell:Creating package descriptor '/home/xytron/xycar_ws/src/orda/modular/image_resize/install/image_resize/share/image_resize/package.dsv'
[9.138s] INFO:colcon.colcon_core.shell:Creating package script '/home/xytron/xycar_ws/src/orda/modular/image_resize/install/image_resize/share/image_resize/package.sh'
[9.139s] INFO:colcon.colcon_core.shell:Creating package script '/home/xytron/xycar_ws/src/orda/modular/image_resize/install/image_resize/share/image_resize/package.bash'
[9.139s] INFO:colcon.colcon_core.shell:Creating package script '/home/xytron/xycar_ws/src/orda/modular/image_resize/install/image_resize/share/image_resize/package.zsh'
[9.139s] Level 1:colcon.colcon_core.environment:create_file_with_runtime_dependencies(/home/xytron/xycar_ws/src/orda/modular/image_resize/install/image_resize/share/colcon-core/packages/image_resize)
[9.139s] DEBUG:colcon.colcon_parallel_executor.executor.parallel:closing loop
[9.139s] DEBUG:colcon.colcon_parallel_executor.executor.parallel:loop closed
[9.140s] DEBUG:colcon.colcon_parallel_executor.executor.parallel:run_until_complete finished with '0'
[9.140s] DEBUG:colcon.colcon_core.event_reactor:joining thread
[9.144s] INFO:colcon.colcon_core.plugin_system:Skipping extension 'colcon_notification.desktop_notification.terminal_notifier': Not used on non-Darwin systems
[9.144s] INFO:colcon.colcon_core.plugin_system:Skipping extension 'colcon_notification.desktop_notification.win32': Not used on non-Windows systems
[9.144s] INFO:colcon.colcon_notification.desktop_notification:Sending desktop notification using 'notify2'
[9.153s] DEBUG:colcon.colcon_core.event_reactor:joined thread
[9.153s] INFO:colcon.colcon_core.shell:Creating prefix script '/home/xytron/xycar_ws/src/orda/modular/image_resize/install/local_setup.ps1'
[9.154s] INFO:colcon.colcon_core.shell:Creating prefix util module '/home/xytron/xycar_ws/src/orda/modular/image_resize/install/_local_setup_util_ps1.py'
[9.155s] INFO:colcon.colcon_core.shell:Creating prefix chain script '/home/xytron/xycar_ws/src/orda/modular/image_resize/install/setup.ps1'
[9.156s] INFO:colcon.colcon_core.shell:Creating prefix script '/home/xytron/xycar_ws/src/orda/modular/image_resize/install/local_setup.sh'
[9.157s] INFO:colcon.colcon_core.shell:Creating prefix util module '/home/xytron/xycar_ws/src/orda/modular/image_resize/install/_local_setup_util_sh.py'
[9.157s] INFO:colcon.colcon_core.shell:Creating prefix chain script '/home/xytron/xycar_ws/src/orda/modular/image_resize/install/setup.sh'
[9.159s] INFO:colcon.colcon_core.shell:Creating prefix script '/home/xytron/xycar_ws/src/orda/modular/image_resize/install/local_setup.bash'
[9.159s] INFO:colcon.colcon_core.shell:Creating prefix chain script '/home/xytron/xycar_ws/src/orda/modular/image_resize/install/setup.bash'
[9.161s] INFO:colcon.colcon_core.shell:Creating prefix script '/home/xytron/xycar_ws/src/orda/modular/image_resize/install/local_setup.zsh'
[9.162s] INFO:colcon.colcon_core.shell:Creating prefix chain script '/home/xytron/xycar_ws/src/orda/modular/image_resize/install/setup.zsh'
