[0.097s] DEBUG:colcon:Command line arguments: ['/usr/bin/colcon', 'build']
[0.097s] DEBUG:colcon:Parsed command line arguments: Namespace(log_base=None, log_level=None, verb_name='build', build_base='build', install_base='install', merge_install=False, symlink_install=False, test_result_base=None, continue_on_error=False, executor='parallel', parallel_workers=16, event_handlers=None, ignore_user_meta=False, metas=['./colcon.meta'], base_paths=['.'], packages_ignore=None, packages_ignore_regex=None, paths=None, packages_up_to=None, packages_up_to_regex=None, packages_above=None, packages_above_and_dependencies=None, packages_above_depth=None, packages_select_by_dep=None, packages_skip_by_dep=None, packages_skip_up_to=None, packages_select_build_failed=False, packages_skip_build_finished=False, packages_select_test_failures=False, packages_skip_test_passed=False, packages_select=None, packages_skip=None, packages_select_regex=None, packages_skip_regex=None, packages_start=None, packages_end=None, allow_overriding=[], cmake_args=None, cmake_target=None, cmake_target_skip_unavailable=False, cmake_clean_cache=False, cmake_clean_first=False, cmake_force_configure=False, ament_cmake_args=None, catkin_cmake_args=None, catkin_skip_building_tests=False, mixin_files=None, mixin=None, verb_parser=<colcon_mixin.mixin.mixin_argument.MixinArgumentDecorator object at 0x7ac454c9a080>, verb_extension=<colcon_core.verb.build.BuildVerb object at 0x7ac454c2b880>, main=<bound method BuildVerb.main of <colcon_core.verb.build.BuildVerb object at 0x7ac454c2b880>>, mixin_verb=('build',))
[0.279s] Level 1:colcon.colcon_core.package_discovery:discover_packages(colcon_meta) check parameters
[0.279s] Level 1:colcon.colcon_core.package_discovery:discover_packages(recursive) check parameters
[0.279s] Level 1:colcon.colcon_core.package_discovery:discover_packages(ignore) check parameters
[0.279s] Level 1:colcon.colcon_core.package_discovery:discover_packages(path) check parameters
[0.279s] Level 1:colcon.colcon_core.package_discovery:discover_packages(colcon_meta) discover
[0.279s] Level 1:colcon.colcon_core.package_discovery:discover_packages(recursive) discover
[0.279s] INFO:colcon.colcon_core.package_discovery:Crawling recursively for packages in '/home/xytron/xycar_ws/src/orda/modular/lane_detection'
[0.279s] Level 1:colcon.colcon_core.package_identification:_identify(.) by extensions ['ignore', 'ignore_ament_install']
[0.279s] Level 1:colcon.colcon_core.package_identification:_identify(.) by extension 'ignore'
[0.279s] Level 1:colcon.colcon_core.package_identification:_identify(.) by extension 'ignore_ament_install'
[0.279s] Level 1:colcon.colcon_core.package_identification:_identify(.) by extensions ['colcon_pkg']
[0.279s] Level 1:colcon.colcon_core.package_identification:_identify(.) by extension 'colcon_pkg'
[0.279s] Level 1:colcon.colcon_core.package_identification:_identify(.) by extensions ['colcon_meta']
[0.280s] Level 1:colcon.colcon_core.package_identification:_identify(.) by extension 'colcon_meta'
[0.280s] Level 1:colcon.colcon_core.package_identification:_identify(.) by extensions ['ros']
[0.280s] Level 1:colcon.colcon_core.package_identification:_identify(.) by extension 'ros'
[0.290s] DEBUG:colcon.colcon_core.package_identification:Package '.' with type 'ros.ament_cmake' and name 'lane_detection'
[0.290s] Level 1:colcon.colcon_core.package_discovery:discover_packages(recursive) using defaults
[0.290s] Level 1:colcon.colcon_core.package_discovery:discover_packages(ignore) discover
[0.290s] Level 1:colcon.colcon_core.package_discovery:discover_packages(ignore) using defaults
[0.290s] Level 1:colcon.colcon_core.package_discovery:discover_packages(path) discover
[0.290s] Level 1:colcon.colcon_core.package_discovery:discover_packages(path) using defaults
[0.305s] Level 1:colcon.colcon_core.package_discovery:discover_packages(prefix_path) check parameters
[0.305s] Level 1:colcon.colcon_core.package_discovery:discover_packages(prefix_path) discover
[0.308s] DEBUG:colcon.colcon_installed_package_information.package_discovery:Found 1 installed packages in /home/xytron/xycar_ws/src/orda/modular/lane_detection/install
[0.309s] DEBUG:colcon.colcon_installed_package_information.package_discovery:Found 42 installed packages in /home/xytron/xycar_ws/install
[0.311s] DEBUG:colcon.colcon_installed_package_information.package_discovery:Found 295 installed packages in /opt/ros/humble
[0.312s] Level 1:colcon.colcon_core.package_discovery:discover_packages(prefix_path) using defaults
[0.341s] Level 5:colcon.colcon_core.verb:set package 'lane_detection' build argument 'cmake_args' from command line to 'None'
[0.341s] Level 5:colcon.colcon_core.verb:set package 'lane_detection' build argument 'cmake_target' from command line to 'None'
[0.341s] Level 5:colcon.colcon_core.verb:set package 'lane_detection' build argument 'cmake_target_skip_unavailable' from command line to 'False'
[0.341s] Level 5:colcon.colcon_core.verb:set package 'lane_detection' build argument 'cmake_clean_cache' from command line to 'False'
[0.341s] Level 5:colcon.colcon_core.verb:set package 'lane_detection' build argument 'cmake_clean_first' from command line to 'False'
[0.341s] Level 5:colcon.colcon_core.verb:set package 'lane_detection' build argument 'cmake_force_configure' from command line to 'False'
[0.341s] Level 5:colcon.colcon_core.verb:set package 'lane_detection' build argument 'ament_cmake_args' from command line to 'None'
[0.341s] Level 5:colcon.colcon_core.verb:set package 'lane_detection' build argument 'catkin_cmake_args' from command line to 'None'
[0.341s] Level 5:colcon.colcon_core.verb:set package 'lane_detection' build argument 'catkin_skip_building_tests' from command line to 'False'
[0.341s] DEBUG:colcon.colcon_core.verb:Building package 'lane_detection' with the following arguments: {'ament_cmake_args': None, 'build_base': '/home/xytron/xycar_ws/src/orda/modular/lane_detection/build/lane_detection', 'catkin_cmake_args': None, 'catkin_skip_building_tests': False, 'cmake_args': None, 'cmake_clean_cache': False, 'cmake_clean_first': False, 'cmake_force_configure': False, 'cmake_target': None, 'cmake_target_skip_unavailable': False, 'install_base': '/home/xytron/xycar_ws/src/orda/modular/lane_detection/install/lane_detection', 'merge_install': False, 'path': '/home/xytron/xycar_ws/src/orda/modular/lane_detection', 'symlink_install': False, 'test_result_base': None}
[0.341s] INFO:colcon.colcon_core.executor:Executing jobs using 'parallel' executor
[0.342s] DEBUG:colcon.colcon_parallel_executor.executor.parallel:run_until_complete
[0.342s] INFO:colcon.colcon_ros.task.ament_cmake.build:Building ROS package in '/home/xytron/xycar_ws/src/orda/modular/lane_detection' with build type 'ament_cmake'
[0.342s] INFO:colcon.colcon_cmake.task.cmake.build:Building CMake package in '/home/xytron/xycar_ws/src/orda/modular/lane_detection'
[0.344s] INFO:colcon.colcon_core.plugin_system:Skipping extension 'colcon_core.shell.bat': Not used on non-Windows systems
[0.345s] INFO:colcon.colcon_core.shell:Skip shell extension 'powershell' for command environment: Not usable outside of PowerShell
[0.345s] DEBUG:colcon.colcon_core.shell:Skip shell extension 'dsv' for command environment
[0.356s] DEBUG:colcon.colcon_core.event_handler.log_command:Invoking command in '/home/xytron/xycar_ws/src/orda/modular/lane_detection/build/lane_detection': CMAKE_PREFIX_PATH=${CMAKE_PREFIX_PATH}:/home/xytron/xycar_ws/install/yolo_ros:/home/xytron/xycar_ws/install/xycar_sim_parking:/home/xytron/xycar_ws/install/xycar_sim_driving:/home/xytron/xycar_ws/install/my_ultra:/home/xytron/xycar_ws/install/my_lidar:/home/xytron/xycar_ws/install/my_cam:/home/xytron/xycar_ws/install/manual_drive:/home/xytron/xycar_ws/install/main:/home/xytron/xycar_ws/install/xycar_motor:/home/xytron/xycar_ws/install/xycar_imu:/home/xytron/xycar_ws/install/xycar_cam:/home/xytron/xycar_ws/install/my_motor:/home/xytron/xycar_ws/install/my_imu:/home/xytron/xycar_ws/install/my_hough:/home/xytron/xycar_ws/install/app_ultra_viewer:/home/xytron/xycar_ws/install/app_turtlesim:/home/xytron/xycar_ws/install/app_sensor_drive:/home/xytron/xycar_ws/install/app_rule_drive_sim:/home/xytron/xycar_ws/install/app_pubsub:/home/xytron/xycar_ws/install/app_path_planning:/home/xytron/xycar_ws/install/app_hough_drive:/home/xytron/xycar_ws/install/app_cam_exposure:/home/xytron/xycar_ws/install/app_8_drive:/opt/ros/humble /usr/bin/cmake --build /home/xytron/xycar_ws/src/orda/modular/lane_detection/build/lane_detection -- -j16 -l16
[11.034s] DEBUG:colcon.colcon_core.event_handler.log_command:Invoked command in '/home/xytron/xycar_ws/src/orda/modular/lane_detection/build/lane_detection' returned '0': CMAKE_PREFIX_PATH=${CMAKE_PREFIX_PATH}:/home/xytron/xycar_ws/install/yolo_ros:/home/xytron/xycar_ws/install/xycar_sim_parking:/home/xytron/xycar_ws/install/xycar_sim_driving:/home/xytron/xycar_ws/install/my_ultra:/home/xytron/xycar_ws/install/my_lidar:/home/xytron/xycar_ws/install/my_cam:/home/xytron/xycar_ws/install/manual_drive:/home/xytron/xycar_ws/install/main:/home/xytron/xycar_ws/install/xycar_motor:/home/xytron/xycar_ws/install/xycar_imu:/home/xytron/xycar_ws/install/xycar_cam:/home/xytron/xycar_ws/install/my_motor:/home/xytron/xycar_ws/install/my_imu:/home/xytron/xycar_ws/install/my_hough:/home/xytron/xycar_ws/install/app_ultra_viewer:/home/xytron/xycar_ws/install/app_turtlesim:/home/xytron/xycar_ws/install/app_sensor_drive:/home/xytron/xycar_ws/install/app_rule_drive_sim:/home/xytron/xycar_ws/install/app_pubsub:/home/xytron/xycar_ws/install/app_path_planning:/home/xytron/xycar_ws/install/app_hough_drive:/home/xytron/xycar_ws/install/app_cam_exposure:/home/xytron/xycar_ws/install/app_8_drive:/opt/ros/humble /usr/bin/cmake --build /home/xytron/xycar_ws/src/orda/modular/lane_detection/build/lane_detection -- -j16 -l16
[11.045s] DEBUG:colcon.colcon_core.event_handler.log_command:Invoking command in '/home/xytron/xycar_ws/src/orda/modular/lane_detection/build/lane_detection': CMAKE_PREFIX_PATH=${CMAKE_PREFIX_PATH}:/home/xytron/xycar_ws/install/yolo_ros:/home/xytron/xycar_ws/install/xycar_sim_parking:/home/xytron/xycar_ws/install/xycar_sim_driving:/home/xytron/xycar_ws/install/my_ultra:/home/xytron/xycar_ws/install/my_lidar:/home/xytron/xycar_ws/install/my_cam:/home/xytron/xycar_ws/install/manual_drive:/home/xytron/xycar_ws/install/main:/home/xytron/xycar_ws/install/xycar_motor:/home/xytron/xycar_ws/install/xycar_imu:/home/xytron/xycar_ws/install/xycar_cam:/home/xytron/xycar_ws/install/my_motor:/home/xytron/xycar_ws/install/my_imu:/home/xytron/xycar_ws/install/my_hough:/home/xytron/xycar_ws/install/app_ultra_viewer:/home/xytron/xycar_ws/install/app_turtlesim:/home/xytron/xycar_ws/install/app_sensor_drive:/home/xytron/xycar_ws/install/app_rule_drive_sim:/home/xytron/xycar_ws/install/app_pubsub:/home/xytron/xycar_ws/install/app_path_planning:/home/xytron/xycar_ws/install/app_hough_drive:/home/xytron/xycar_ws/install/app_cam_exposure:/home/xytron/xycar_ws/install/app_8_drive:/opt/ros/humble /usr/bin/cmake --install /home/xytron/xycar_ws/src/orda/modular/lane_detection/build/lane_detection
[11.063s] Level 1:colcon.colcon_core.environment:create_environment_scripts_only(lane_detection)
[11.065s] DEBUG:colcon.colcon_core.event_handler.log_command:Invoked command in '/home/xytron/xycar_ws/src/orda/modular/lane_detection/build/lane_detection' returned '0': CMAKE_PREFIX_PATH=${CMAKE_PREFIX_PATH}:/home/xytron/xycar_ws/install/yolo_ros:/home/xytron/xycar_ws/install/xycar_sim_parking:/home/xytron/xycar_ws/install/xycar_sim_driving:/home/xytron/xycar_ws/install/my_ultra:/home/xytron/xycar_ws/install/my_lidar:/home/xytron/xycar_ws/install/my_cam:/home/xytron/xycar_ws/install/manual_drive:/home/xytron/xycar_ws/install/main:/home/xytron/xycar_ws/install/xycar_motor:/home/xytron/xycar_ws/install/xycar_imu:/home/xytron/xycar_ws/install/xycar_cam:/home/xytron/xycar_ws/install/my_motor:/home/xytron/xycar_ws/install/my_imu:/home/xytron/xycar_ws/install/my_hough:/home/xytron/xycar_ws/install/app_ultra_viewer:/home/xytron/xycar_ws/install/app_turtlesim:/home/xytron/xycar_ws/install/app_sensor_drive:/home/xytron/xycar_ws/install/app_rule_drive_sim:/home/xytron/xycar_ws/install/app_pubsub:/home/xytron/xycar_ws/install/app_path_planning:/home/xytron/xycar_ws/install/app_hough_drive:/home/xytron/xycar_ws/install/app_cam_exposure:/home/xytron/xycar_ws/install/app_8_drive:/opt/ros/humble /usr/bin/cmake --install /home/xytron/xycar_ws/src/orda/modular/lane_detection/build/lane_detection
[11.067s] Level 1:colcon.colcon_core.environment:checking '/home/xytron/xycar_ws/src/orda/modular/lane_detection/install/lane_detection' for CMake module files
[11.067s] Level 1:colcon.colcon_core.environment:checking '/home/xytron/xycar_ws/src/orda/modular/lane_detection/install/lane_detection' for CMake config files
[11.067s] Level 1:colcon.colcon_core.shell:create_environment_hook('lane_detection', 'cmake_prefix_path')
[11.068s] INFO:colcon.colcon_core.shell:Creating environment hook '/home/xytron/xycar_ws/src/orda/modular/lane_detection/install/lane_detection/share/lane_detection/hook/cmake_prefix_path.ps1'
[11.068s] INFO:colcon.colcon_core.shell:Creating environment descriptor '/home/xytron/xycar_ws/src/orda/modular/lane_detection/install/lane_detection/share/lane_detection/hook/cmake_prefix_path.dsv'
[11.069s] INFO:colcon.colcon_core.shell:Creating environment hook '/home/xytron/xycar_ws/src/orda/modular/lane_detection/install/lane_detection/share/lane_detection/hook/cmake_prefix_path.sh'
[11.069s] Level 1:colcon.colcon_core.environment:checking '/home/xytron/xycar_ws/src/orda/modular/lane_detection/install/lane_detection/lib'
[11.069s] Level 1:colcon.colcon_core.environment:checking '/home/xytron/xycar_ws/src/orda/modular/lane_detection/install/lane_detection/bin'
[11.069s] Level 1:colcon.colcon_core.environment:checking '/home/xytron/xycar_ws/src/orda/modular/lane_detection/install/lane_detection/lib/pkgconfig/lane_detection.pc'
[11.070s] Level 1:colcon.colcon_core.environment:checking '/home/xytron/xycar_ws/src/orda/modular/lane_detection/install/lane_detection/lib/python3.10/site-packages'
[11.070s] Level 1:colcon.colcon_core.environment:checking '/home/xytron/xycar_ws/src/orda/modular/lane_detection/install/lane_detection/bin'
[11.070s] INFO:colcon.colcon_core.shell:Creating package script '/home/xytron/xycar_ws/src/orda/modular/lane_detection/install/lane_detection/share/lane_detection/package.ps1'
[11.071s] INFO:colcon.colcon_core.shell:Creating package descriptor '/home/xytron/xycar_ws/src/orda/modular/lane_detection/install/lane_detection/share/lane_detection/package.dsv'
[11.071s] INFO:colcon.colcon_core.shell:Creating package script '/home/xytron/xycar_ws/src/orda/modular/lane_detection/install/lane_detection/share/lane_detection/package.sh'
[11.072s] INFO:colcon.colcon_core.shell:Creating package script '/home/xytron/xycar_ws/src/orda/modular/lane_detection/install/lane_detection/share/lane_detection/package.bash'
[11.072s] INFO:colcon.colcon_core.shell:Creating package script '/home/xytron/xycar_ws/src/orda/modular/lane_detection/install/lane_detection/share/lane_detection/package.zsh'
[11.073s] Level 1:colcon.colcon_core.environment:create_file_with_runtime_dependencies(/home/xytron/xycar_ws/src/orda/modular/lane_detection/install/lane_detection/share/colcon-core/packages/lane_detection)
[11.073s] Level 1:colcon.colcon_core.environment:create_environment_scripts_only(lane_detection)
[11.073s] Level 1:colcon.colcon_core.environment:checking '/home/xytron/xycar_ws/src/orda/modular/lane_detection/install/lane_detection' for CMake module files
[11.074s] Level 1:colcon.colcon_core.environment:checking '/home/xytron/xycar_ws/src/orda/modular/lane_detection/install/lane_detection' for CMake config files
[11.074s] Level 1:colcon.colcon_core.shell:create_environment_hook('lane_detection', 'cmake_prefix_path')
[11.074s] INFO:colcon.colcon_core.shell:Creating environment hook '/home/xytron/xycar_ws/src/orda/modular/lane_detection/install/lane_detection/share/lane_detection/hook/cmake_prefix_path.ps1'
[11.075s] INFO:colcon.colcon_core.shell:Creating environment descriptor '/home/xytron/xycar_ws/src/orda/modular/lane_detection/install/lane_detection/share/lane_detection/hook/cmake_prefix_path.dsv'
[11.075s] INFO:colcon.colcon_core.shell:Creating environment hook '/home/xytron/xycar_ws/src/orda/modular/lane_detection/install/lane_detection/share/lane_detection/hook/cmake_prefix_path.sh'
[11.075s] Level 1:colcon.colcon_core.environment:checking '/home/xytron/xycar_ws/src/orda/modular/lane_detection/install/lane_detection/lib'
[11.075s] Level 1:colcon.colcon_core.environment:checking '/home/xytron/xycar_ws/src/orda/modular/lane_detection/install/lane_detection/bin'
[11.075s] Level 1:colcon.colcon_core.environment:checking '/home/xytron/xycar_ws/src/orda/modular/lane_detection/install/lane_detection/lib/pkgconfig/lane_detection.pc'
[11.075s] Level 1:colcon.colcon_core.environment:checking '/home/xytron/xycar_ws/src/orda/modular/lane_detection/install/lane_detection/lib/python3.10/site-packages'
[11.076s] Level 1:colcon.colcon_core.environment:checking '/home/xytron/xycar_ws/src/orda/modular/lane_detection/install/lane_detection/bin'
[11.076s] INFO:colcon.colcon_core.shell:Creating package script '/home/xytron/xycar_ws/src/orda/modular/lane_detection/install/lane_detection/share/lane_detection/package.ps1'
[11.076s] INFO:colcon.colcon_core.shell:Creating package descriptor '/home/xytron/xycar_ws/src/orda/modular/lane_detection/install/lane_detection/share/lane_detection/package.dsv'
[11.077s] INFO:colcon.colcon_core.shell:Creating package script '/home/xytron/xycar_ws/src/orda/modular/lane_detection/install/lane_detection/share/lane_detection/package.sh'
[11.077s] INFO:colcon.colcon_core.shell:Creating package script '/home/xytron/xycar_ws/src/orda/modular/lane_detection/install/lane_detection/share/lane_detection/package.bash'
[11.077s] INFO:colcon.colcon_core.shell:Creating package script '/home/xytron/xycar_ws/src/orda/modular/lane_detection/install/lane_detection/share/lane_detection/package.zsh'
[11.077s] Level 1:colcon.colcon_core.environment:create_file_with_runtime_dependencies(/home/xytron/xycar_ws/src/orda/modular/lane_detection/install/lane_detection/share/colcon-core/packages/lane_detection)
[11.078s] DEBUG:colcon.colcon_parallel_executor.executor.parallel:closing loop
[11.078s] DEBUG:colcon.colcon_parallel_executor.executor.parallel:loop closed
[11.078s] DEBUG:colcon.colcon_parallel_executor.executor.parallel:run_until_complete finished with '0'
[11.078s] DEBUG:colcon.colcon_core.event_reactor:joining thread
[11.083s] INFO:colcon.colcon_core.plugin_system:Skipping extension 'colcon_notification.desktop_notification.terminal_notifier': Not used on non-Darwin systems
[11.083s] INFO:colcon.colcon_core.plugin_system:Skipping extension 'colcon_notification.desktop_notification.win32': Not used on non-Windows systems
[11.083s] INFO:colcon.colcon_notification.desktop_notification:Sending desktop notification using 'notify2'
[11.093s] DEBUG:colcon.colcon_core.event_reactor:joined thread
[11.093s] INFO:colcon.colcon_core.shell:Creating prefix script '/home/xytron/xycar_ws/src/orda/modular/lane_detection/install/local_setup.ps1'
[11.094s] INFO:colcon.colcon_core.shell:Creating prefix util module '/home/xytron/xycar_ws/src/orda/modular/lane_detection/install/_local_setup_util_ps1.py'
[11.095s] INFO:colcon.colcon_core.shell:Creating prefix chain script '/home/xytron/xycar_ws/src/orda/modular/lane_detection/install/setup.ps1'
[11.098s] INFO:colcon.colcon_core.shell:Creating prefix script '/home/xytron/xycar_ws/src/orda/modular/lane_detection/install/local_setup.sh'
[11.098s] INFO:colcon.colcon_core.shell:Creating prefix util module '/home/xytron/xycar_ws/src/orda/modular/lane_detection/install/_local_setup_util_sh.py'
[11.099s] INFO:colcon.colcon_core.shell:Creating prefix chain script '/home/xytron/xycar_ws/src/orda/modular/lane_detection/install/setup.sh'
[11.101s] INFO:colcon.colcon_core.shell:Creating prefix script '/home/xytron/xycar_ws/src/orda/modular/lane_detection/install/local_setup.bash'
[11.101s] INFO:colcon.colcon_core.shell:Creating prefix chain script '/home/xytron/xycar_ws/src/orda/modular/lane_detection/install/setup.bash'
[11.103s] INFO:colcon.colcon_core.shell:Creating prefix script '/home/xytron/xycar_ws/src/orda/modular/lane_detection/install/local_setup.zsh'
[11.104s] INFO:colcon.colcon_core.shell:Creating prefix chain script '/home/xytron/xycar_ws/src/orda/modular/lane_detection/install/setup.zsh'
